--------- beginning of main
06-13 18:16:12.505  2590  2666 I AiAiEcho: #remoteViewsTwiddler: feature disabled.
06-13 18:16:12.505  2590  2666 I AiAiEcho: Predicting[0]:  [CONTEXT sampling_count=5 ]
06-13 18:16:12.505  2590  2666 I AiAiEcho: EchoTargets: 
06-13 18:16:12.505  2590  2666 I AiAiEcho: Filtered by AiAi flag check: 
06-13 18:16:12.505  2590  2666 I AiAiEcho: [CONTEXT ratelimit_period="10 SECONDS" ]
06-13 18:16:12.506  2590  2666 I AiAiEcho: #remoteViewsTwiddler: feature disabled.
06-13 18:16:12.506  2590  2666 I AiAiEcho: Predicting[0]:  [CONTEXT sampling_count=5 ]
06-13 18:16:12.506  2590  2666 I AiAiEcho: EchoTargets: 
06-13 18:16:12.506  2590  2666 I AiAiEcho: Filtered by AiAi flag check: 
06-13 18:16:12.506  2590  2666 I AiAiEcho: [CONTEXT ratelimit_period="10 SECONDS" ]
06-13 18:16:12.506   675   675 W libbinder.IPCThreadState: Sending oneway calls to frozen process.
06-13 18:16:12.506  2590  2666 I AiAiEcho: #remoteViewsTwiddler: feature disabled.
06-13 18:16:12.506   675   675 W libbinder.IPCThreadState: Sending oneway calls to frozen process.
06-13 18:16:12.506   675   675 W libbinder.IPCThreadState: Sending oneway calls to frozen process.
06-13 18:16:12.506   675   675 W libbinder.IPCThreadState: Sending oneway calls to frozen process.
06-13 18:16:12.507  2590  2666 I AiAiEcho: #postPredictionTargets: Sending updates to UISurface home with targets# 0 (types=[])
06-13 18:16:12.507  2590  2666 I AiAiEcho: #postPredictionTargets: Sending updates to UISurface ambientcue with targets# 0 (types=[])
--------- beginning of system
06-13 18:16:12.509   675  1786 V AccessibilityManagerService: onUserStateChangedLocked for userId: 0, forceUpdate: false
06-13 18:16:12.509  2590  2666 I AiAiEcho: #postPredictionTargets: Sending updates to UISurface lockscreen with targets# 0 (types=[])
06-13 18:16:12.509   675   675 W libbinder.IPCThreadState: Sending oneway calls to frozen process.
06-13 18:16:12.509   675   675 W libbinder.IPCThreadState: Sending oneway calls to frozen process.
06-13 18:16:12.509   933  1145 I AmbientCueRepository: Receiving SmartSpace targets # 0
06-13 18:16:12.510   675  1786 V AccessibilityUserState: updateShortcutTargets: type:accessibility_shortcut_target_service, current:{}, new:{}
06-13 18:16:12.510   675  1786 V AccessibilityUserState: updateShortcutTargets: type:accessibility_button_targets, current:{}, new:{}
06-13 18:16:12.510   675  1786 V AccessibilityUserState: updateShortcutTargets: type:accessibility_gesture_targets, current:{}, new:{}
06-13 18:16:12.510   675  1786 V AccessibilityUserState: updateShortcutTargets: type:accessibility_qs_targets, current:{}, new:{}
06-13 18:16:12.510   675  1786 V AccessibilityUserState: updateShortcutTargets: type:accessibility_key_gesture_targets, current:{}, new:{}
06-13 18:16:12.510   675  1786 V AccessibilityUserState: updateShortcutTargets: type:accessibility_top_row_key_targets, current:{}, new:{}
06-13 18:16:12.510   675  1786 V AccessibilityUserState: updateShortcutTargets: type:accessibility_quick_access_targets, current:{}, new:{}
06-13 18:16:12.510   675  1786 W MagnificationConnectionManager: requestConnection duplicated request: connect=false, mConnectionState=DISCONNECTED
06-13 18:16:12.510  2590  2608 I AiAiEcho: Settings changed for uri: content://settings/secure/accessibility_enabled
06-13 18:16:12.511  2590  2666 I AiAiEcho: Predicting[0]:  [CONTEXT sampling_count=5 ]
06-13 18:16:12.511  2590  2666 I AiAiEcho: EchoTargets: 
06-13 18:16:12.511  2590  2666 I AiAiEcho: Filtered by AiAi flag check: 
06-13 18:16:12.511  2590  2666 I AiAiEcho: [CONTEXT ratelimit_period="10 SECONDS" ]
06-13 18:16:12.511  2590  2666 I AiAiEcho: #remoteViewsTwiddler: feature disabled.
06-13 18:16:12.511  2590  2666 I AiAiEcho: Predicting[0]:  [CONTEXT sampling_count=5 ]
06-13 18:16:12.511  2590  2666 I AiAiEcho: EchoTargets: 
06-13 18:16:12.511  2590  2666 I AiAiEcho: Filtered by AiAi flag check: 
06-13 18:16:12.511  2590  2666 I AiAiEcho: [CONTEXT ratelimit_period="10 SECONDS" ]
06-13 18:16:12.512  2590  2666 I AiAiEcho: #remoteViewsTwiddler: feature disabled.
06-13 18:16:12.512  2590  2666 I AiAiEcho: Predicting[0]:  [CONTEXT sampling_count=5 ]
06-13 18:16:12.512  2590  2666 I AiAiEcho: EchoTargets: 
06-13 18:16:12.512  2590  2666 I AiAiEcho: Filtered by AiAi flag check: 
06-13 18:16:12.512  2590  2666 I AiAiEcho: [CONTEXT ratelimit_period="10 SECONDS" ]
06-13 18:16:12.512   675   675 W libbinder.IPCThreadState: Sending oneway calls to frozen process.
06-13 18:16:12.513   675   675 W libbinder.IPCThreadState: Sending oneway calls to frozen process.
06-13 18:16:12.513  2590  2666 I AiAiEcho: #remoteViewsTwiddler: feature disabled.
06-13 18:16:12.513   675   675 W libbinder.IPCThreadState: Sending oneway calls to frozen process.
06-13 18:16:12.513  2590  2666 I AiAiEcho: #postPredictionTargets: Sending updates to UISurface home with targets# 0 (types=[])
06-13 18:16:12.513   675   675 W libbinder.IPCThreadState: Sending oneway calls to frozen process.
06-13 18:16:12.513   675   675 W libbinder.IPCThreadState: Sending oneway calls to frozen process.
06-13 18:16:12.513   675   675 W libbinder.IPCThreadState: Sending oneway calls to frozen process.
06-13 18:16:12.513   675   675 W libbinder.IPCThreadState: Sending oneway calls to frozen process.
06-13 18:16:12.513  2590  2666 I AiAiEcho: #postPredictionTargets: Sending updates to UISurface ambientcue with targets# 0 (types=[])
06-13 18:16:12.514   675   675 W libbinder.IPCThreadState: Sending oneway calls to frozen process.
06-13 18:16:12.514   675   675 W libbinder.IPCThreadState: Sending oneway calls to frozen process.
06-13 18:16:12.514   675   675 D BatterySaverPolicy: accessibility changed to true, updating policy.
06-13 18:16:12.514  2590  2666 I AiAiEcho: #postPredictionTargets: Sending updates to UISurface lockscreen with targets# 0 (types=[])
06-13 18:16:12.515   933  1145 I AmbientCueRepository: Receiving SmartSpace targets # 0
06-13 18:16:12.516   675  1968 D AccessibilityManagerService: .getAccessibilityShortcutTargets {shortcutType=32, userId=0}
06-13 18:16:12.532   528   557 W skia    : AGTM parsing failed flags.readFromStream(s) at 159
06-13 18:16:12.532   528   557 W skia    : AGTM parsing failed flags.readFromStream(s) at 159
06-13 18:16:12.633   528   557 W skia    : AGTM parsing failed flags.readFromStream(s) at 159
06-13 18:16:12.633   528   557 W skia    : AGTM parsing failed flags.readFromStream(s) at 159
06-13 18:16:12.926  1051  1196 D SatelliteController: isInCarrierRoamingNbIotNtn: satellite is disabled
06-13 18:16:12.926  1051  1196 D SatelliteController: getCarrierRoamingNtnConnectType: Checking connect type from PLMN config for subId: 1
06-13 18:16:12.927  1051  1196 D SatelliteController: getSatellitePerPlmnConfiguration: invalid subId or not supported via carrier.
06-13 18:16:12.927  1051  1196 D SatelliteController: getCarrierRoamingNtnConnectType: config: null
06-13 18:16:12.928  1051  1196 D SatelliteController: getCarrierRoamingNtnConnectType: Falling back to global carrier config connect type: 0
06-13 18:16:12.928  1051  1196 D SatelliteController: updateLastNotifiedCarrierRoamingNtnSignalStrengthAndNotify(1)
06-13 18:16:12.928  1051  1196 D SatelliteController: updateLastNotifiedCarrierRoamingNtnSignalStrengthAndNotify(1) lastNotifiedSignalStrength level: 0
06-13 18:16:12.928  1051  1196 D SatelliteController: updateLastNotifiedCarrierRoamingNtnSignalStrengthAndNotify(1) currSignalStrength level: 0
06-13 18:16:12.966   528   557 W skia    : AGTM parsing failed flags.readFromStream(s) at 159
06-13 18:16:12.966   528   557 W skia    : AGTM parsing failed flags.readFromStream(s) at 159
06-13 18:16:13.067   528   557 W skia    : AGTM parsing failed flags.readFromStream(s) at 159
06-13 18:16:13.067   528   557 W skia    : AGTM parsing failed flags.readFromStream(s) at 159
06-13 18:16:13.520  7684  7684 I AccessibilityNodeInfoDumper: Skipping invisible child: android.view.accessibility.AccessibilityNodeInfo@2afa8; boundsInParent: Rect(0, 0 - 1344, 0); boundsInScreen: Rect(0, 0 - 1344, 0); boundsInWindow: Rect(0, 0 - 1344, 0); packageName: com.anonymous.x2ndbrain; className: android.widget.LinearLayout; text: null; error: null; maxTextLength: -1; stateDescription: null; contentDescription: null; tooltipText: null; containerTitle: null; viewIdResName: null; uniqueId: null; checkable: false; checked: false; focusable: false; focused: false; selected: false; clickable: false; longClickable: false; contextClickable: false; enabled: true; password: false; scrollable: false; granularScrollingSupported: false; importantForAccessibility: false; visible: false; actions: [AccessibilityAction: ACTION_SELECT - null, AccessibilityAction: ACTION_CLEAR_SELECTION - null, AccessibilityAction: ACTION_ACCESSIBILITY_FOCUS - null, AccessibilityAction: ACTION_SHOW_ON_SCREEN - null]; isTextSelectable: false
06-13 18:16:13.520  7684  7684 I AccessibilityNodeInfoDumper: Skipping invisible child: android.view.accessibility.AccessibilityNodeInfo@2abe7; boundsInParent: Rect(0, 0 - 1344, 0); boundsInScreen: Rect(0, 0 - 1344, 0); boundsInWindow: Rect(0, 0 - 1344, 0); packageName: com.anonymous.x2ndbrain; className: android.view.ViewGroup; text: null; error: null; maxTextLength: -1; stateDescription: null; contentDescription: null; tooltipText: null; containerTitle: null; viewIdResName: null; uniqueId: null; checkable: false; checked: false; focusable: false; focused: false; selected: false; clickable: false; longClickable: false; contextClickable: false; enabled: true; password: false; scrollable: false; granularScrollingSupported: false; importantForAccessibility: false; visible: false; actions: [AccessibilityAction: ACTION_SELECT - null, AccessibilityAction: ACTION_CLEAR_SELECTION - null, AccessibilityAction: ACTION_ACCESSIBILITY_FOCUS - null, AccessibilityAction: ACTION_SHOW_ON_SCREEN - null]; isTextSelectable: false
06-13 18:16:13.520  7684  7684 I AccessibilityNodeInfoDumper: Skipping invisible child: android.view.accessibility.AccessibilityNodeInfo@45b9a; boundsInParent: Rect(0, 0 - 1344, 0); boundsInScreen: Rect(0, 0 - 1344, 0); boundsInWindow: Rect(0, 0 - 1344, 0); packageName: com.anonymous.x2ndbrain; className: android.widget.LinearLayout; text: null; error: null; maxTextLength: -1; stateDescription: null; contentDescription: null; tooltipText: null; containerTitle: null; viewIdResName: null; uniqueId: null; checkable: false; checked: false; focusable: false; focused: false; selected: false; clickable: false; longClickable: false; contextClickable: false; enabled: true; password: false; scrollable: false; granularScrollingSupported: false; importantForAccessibility: false; visible: false; actions: [AccessibilityAction: ACTION_SELECT - null, AccessibilityAction: ACTION_CLEAR_SELECTION - null, AccessibilityAction: ACTION_ACCESSIBILITY_FOCUS - null, AccessibilityAction: ACTION_SHOW_ON_SCREEN - null]; isTextSelectable: false
06-13 18:16:13.521  7684  7684 I AccessibilityNodeInfoDumper: Skipping invisible child: android.view.accessibility.AccessibilityNodeInfo@457d9; boundsInParent: Rect(0, 0 - 1344, 0); boundsInScreen: Rect(0, 0 - 1344, 0); boundsInWindow: Rect(0, 0 - 1344, 0); packageName: com.anonymous.x2ndbrain; className: android.view.ViewGroup; text: null; error: null; maxTextLength: -1; stateDescription: null; contentDescription: null; tooltipText: null; containerTitle: null; viewIdResName: null; uniqueId: null; checkable: false; checked: false; focusable: false; focused: false; selected: false; clickable: false; longClickable: false; contextClickable: false; enabled: true; password: false; scrollable: false; granularScrollingSupported: false; importantForAccessibility: false; visible: false; actions: [AccessibilityAction: ACTION_SELECT - null, AccessibilityAction: ACTION_CLEAR_SELECTION - null, AccessibilityAction: ACTION_ACCESSIBILITY_FOCUS - null, AccessibilityAction: ACTION_SHOW_ON_SCREEN - null]; isTextSelectable: false
06-13 18:16:13.549   528   557 W skia    : AGTM parsing failed flags.readFromStream(s) at 159
06-13 18:16:13.549   528   557 W skia    : AGTM parsing failed flags.readFromStream(s) at 159
06-13 18:16:13.604  7684  7684 W AccessibilityNodeInfoDumper: Fetch time: 85ms
06-13 18:16:13.606   675  1968 V AccessibilityManagerService: onUserStateChangedLocked for userId: 0, forceUpdate: false
06-13 18:16:13.607   675  1968 V AccessibilityUserState: updateShortcutTargets: type:accessibility_shortcut_target_service, current:{}, new:{}
06-13 18:16:13.607   675  1968 V AccessibilityUserState: updateShortcutTargets: type:accessibility_button_targets, current:{}, new:{}
06-13 18:16:13.607   675  1968 V AccessibilityUserState: updateShortcutTargets: type:accessibility_gesture_targets, current:{}, new:{}
06-13 18:16:13.607   675  1968 V AccessibilityUserState: updateShortcutTargets: type:accessibility_qs_targets, current:{}, new:{}
06-13 18:16:13.607   675  1968 V AccessibilityUserState: updateShortcutTargets: type:accessibility_key_gesture_targets, current:{}, new:{}
06-13 18:16:13.607   675  1968 V AccessibilityUserState: updateShortcutTargets: type:accessibility_top_row_key_targets, current:{}, new:{}
06-13 18:16:13.607   675  1968 V AccessibilityUserState: updateShortcutTargets: type:accessibility_quick_access_targets, current:{}, new:{}
06-13 18:16:13.607   675  1968 W MagnificationConnectionManager: requestConnection duplicated request: connect=false, mConnectionState=DISCONNECTED
06-13 18:16:13.607   675  1968 D AccessibilityManagerService: restoreCurrentUserForTestAutomationIfNeededLocked(): ignoring because device doesn't support visible background users
06-13 18:16:13.607   675   675 W libbinder.IPCThreadState: Sending oneway calls to frozen process.
06-13 18:16:13.608  2590  2608 I AiAiEcho: Settings changed for uri: content://settings/secure/accessibility_enabled
06-13 18:16:13.608  2590  2666 I AiAiEcho: Predicting[0]:  [CONTEXT sampling_count=5 ]
06-13 18:16:13.608  2590  2666 I AiAiEcho: EchoTargets: 
06-13 18:16:13.608  2590  2666 I AiAiEcho: Filtered by AiAi flag check: 
06-13 18:16:13.608  2590  2666 I AiAiEcho: [CONTEXT ratelimit_period="10 SECONDS" ]
06-13 18:16:13.608  7684  7694 W libbinder.IPCThreadState: call to talkWithDriver in joinThreadPool returned error: -9 (Bad file descriptor), FD: -1
06-13 18:16:13.608  7684  7697 W libbinder.IPCThreadState: call to talkWithDriver in joinThreadPool returned error: -9 (Bad file descriptor), FD: -1
06-13 18:16:13.608   675   675 W libbinder.IPCThreadState: Sending oneway calls to frozen process.
06-13 18:16:13.608   675   675 W libbinder.IPCThreadState: Sending oneway calls to frozen process.
06-13 18:16:13.609  7684  7693 W libbinder.IPCThreadState: call to talkWithDriver in joinThreadPool returned error: -9 (Bad file descriptor), FD: -1
06-13 18:16:13.609  2590  2666 I AiAiEcho: #remoteViewsTwiddler: feature disabled.
06-13 18:16:13.609   675   675 W libbinder.IPCThreadState: Sending oneway calls to frozen process.
06-13 18:16:13.609   675   675 W libbinder.IPCThreadState: Sending oneway calls to frozen process.
06-13 18:16:13.609   675   675 W libbinder.IPCThreadState: Sending oneway calls to frozen process.
06-13 18:16:13.609  7684  7684 D AndroidRuntime: Shutting down VM
06-13 18:16:13.610  2590  2666 I AiAiEcho: Predicting[0]:  [CONTEXT sampling_count=5 ]
06-13 18:16:13.610  2590  2666 I AiAiEcho: EchoTargets: 
06-13 18:16:13.610  2590  2666 I AiAiEcho: Filtered by AiAi flag check: 
06-13 18:16:13.610  2590  2666 I AiAiEcho: [CONTEXT ratelimit_period="10 SECONDS" ]
06-13 18:16:13.610  2590  2666 I AiAiEcho: #remoteViewsTwiddler: feature disabled.
06-13 18:16:13.611  2590  2666 I AiAiEcho: Predicting[0]:  [CONTEXT sampling_count=5 ]
06-13 18:16:13.611  2590  2666 I AiAiEcho: EchoTargets: 
06-13 18:16:13.611  2590  2666 I AiAiEcho: Filtered by AiAi flag check: 
06-13 18:16:13.611  2590  2666 I AiAiEcho: [CONTEXT ratelimit_period="10 SECONDS" ]
06-13 18:16:13.611  2590  2666 I AiAiEcho: #remoteViewsTwiddler: feature disabled.
06-13 18:16:13.612  2590  2666 I AiAiEcho: #postPredictionTargets: Sending updates to UISurface home with targets# 0 (types=[])
06-13 18:16:13.612   675   675 W libbinder.IPCThreadState: Sending oneway calls to frozen process.
06-13 18:16:13.613   675   675 W libbinder.IPCThreadState: Sending oneway calls to frozen process.
06-13 18:16:13.613   675   675 W libbinder.IPCThreadState: Sending oneway calls to frozen process.
06-13 18:16:13.613   675   675 D BatterySaverPolicy: accessibility changed to false, updating policy.
06-13 18:16:13.613  2590  2666 I AiAiEcho: #postPredictionTargets: Sending updates to UISurface ambientcue with targets# 0 (types=[])
06-13 18:16:13.613  2590  2666 I AiAiEcho: #postPredictionTargets: Sending updates to UISurface lockscreen with targets# 0 (types=[])
06-13 18:16:13.614   933  1145 I AmbientCueRepository: Receiving SmartSpace targets # 0
06-13 18:16:13.667   528   557 W skia    : AGTM parsing failed flags.readFromStream(s) at 159
06-13 18:16:13.667   528   557 W skia    : AGTM parsing failed flags.readFromStream(s) at 159
06-13 18:16:14.048   528   557 W skia    : AGTM parsing failed flags.readFromStream(s) at 159
06-13 18:16:14.048   528   557 W skia    : AGTM parsing failed flags.readFromStream(s) at 159
06-13 18:16:14.550   528   557 W skia    : AGTM parsing failed flags.readFromStream(s) at 159
06-13 18:16:14.550   528   557 W skia    : AGTM parsing failed flags.readFromStream(s) at 159
06-13 18:16:15.065   528   557 W skia    : AGTM parsing failed flags.readFromStream(s) at 159
06-13 18:16:15.065   528   557 W skia    : AGTM parsing failed flags.readFromStream(s) at 159
06-13 18:16:15.469   675   829 I HalDevMgr: bestIfaceCreationProposal is null, requestIface=STA, existingIface=[name=wlan0 type=STA]
06-13 18:16:15.473  1014  1172 D IpClient/wlan0: interfaceLinkStateChanged: ifindex 16 up
06-13 18:16:15.477  1014  1172 D IpClient/wlan0: interfaceLinkStateChanged: ifindex 16 up
06-13 18:16:15.565   528   557 W skia    : AGTM parsing failed flags.readFromStream(s) at 159
06-13 18:16:15.565   528   557 W skia    : AGTM parsing failed flags.readFromStream(s) at 159
06-13 18:16:16.070   528   557 W skia    : AGTM parsing failed flags.readFromStream(s) at 159
06-13 18:16:16.070   528   557 W skia    : AGTM parsing failed flags.readFromStream(s) at 159
06-13 18:16:16.568   528   557 W skia    : AGTM parsing failed flags.readFromStream(s) at 159
06-13 18:16:16.568   528   557 W skia    : AGTM parsing failed flags.readFromStream(s) at 159
06-13 18:16:17.065   528   557 W skia    : AGTM parsing failed flags.readFromStream(s) at 159
06-13 18:16:17.065   528   557 W skia    : AGTM parsing failed flags.readFromStream(s) at 159
06-13 18:16:17.566   528   557 W skia    : AGTM parsing failed flags.readFromStream(s) at 159
06-13 18:16:17.566   528   557 W skia    : AGTM parsing failed flags.readFromStream(s) at 159
06-13 18:16:17.823  4874  7704 I GmscoreIpa: Starting mediastore instant index [CONTEXT service_id=255 ]
06-13 18:16:18.065   528   557 W skia    : AGTM parsing failed flags.readFromStream(s) at 159
06-13 18:16:18.065   528   557 W skia    : AGTM parsing failed flags.readFromStream(s) at 159
06-13 18:16:18.477   675   829 I HalDevMgr: bestIfaceCreationProposal is null, requestIface=STA, existingIface=[name=wlan0 type=STA]
06-13 18:16:18.523   918   918 I wpa_supplicant: wlan0: CTRL-EVENT-BEACON-LOSS 
06-13 18:16:18.569   528   557 W skia    : AGTM parsing failed flags.readFromStream(s) at 159
06-13 18:16:18.569   528   557 W skia    : AGTM parsing failed flags.readFromStream(s) at 159
06-13 18:16:19.068   528   557 W skia    : AGTM parsing failed flags.readFromStream(s) at 159
06-13 18:16:19.068   528   557 W skia    : AGTM parsing failed flags.readFromStream(s) at 159
06-13 18:16:19.205  2843  4491 I artd    : GetBestInfo: odex next to the dex file (/data/app/~~xCWSPSiTbGWeOlbbQ8WCfA==/com.google.android.gms-6V8MJOZtvQBtjnCwEeoqLQ==/oat/x86_64/base.odex) is kOatUpToDate with filter 'speed-profile' executable 'false'
06-13 18:16:19.207  2843  4491 I artd    : GetBestInfo: dm (/data/app/~~xCWSPSiTbGWeOlbbQ8WCfA==/com.google.android.gms-6V8MJOZtvQBtjnCwEeoqLQ==/split_AdsDynamite_installtime.dm) is kOatUpToDate with filter 'verify' executable 'false'
06-13 18:16:19.208  2843  4491 I artd    : GetBestInfo: odex next to the dex file (/data/app/~~xCWSPSiTbGWeOlbbQ8WCfA==/com.google.android.gms-6V8MJOZtvQBtjnCwEeoqLQ==/oat/x86_64/split_CronetDynamite_installtime.odex) is kOatUpToDate with filter 'speed-profile' executable 'false'
06-13 18:16:19.209  2843  4491 I artd    : GetBestInfo: dm (/data/app/~~xCWSPSiTbGWeOlbbQ8WCfA==/com.google.android.gms-6V8MJOZtvQBtjnCwEeoqLQ==/split_DynamiteLoader_installtime.dm) is kOatUpToDate with filter 'verify' executable 'false'
06-13 18:16:19.211  2843  4491 I artd    : GetBestInfo: dm (/data/app/~~xCWSPSiTbGWeOlbbQ8WCfA==/com.google.android.gms-6V8MJOZtvQBtjnCwEeoqLQ==/split_DynamiteModulesA_installtime.dm) is kOatUpToDate with filter 'verify' executable 'false'
06-13 18:16:19.212  2843  4491 I artd    : GetBestInfo: dm (/data/app/~~xCWSPSiTbGWeOlbbQ8WCfA==/com.google.android.gms-6V8MJOZtvQBtjnCwEeoqLQ==/split_DynamiteModulesC_installtime.dm) is kOatUpToDate with filter 'verify' executable 'false'
06-13 18:16:19.213  2843  4491 I artd    : GetBestInfo: dm (/data/app/~~xCWSPSiTbGWeOlbbQ8WCfA==/com.google.android.gms-6V8MJOZtvQBtjnCwEeoqLQ==/split_GoogleCertificates_installtime.dm) is kOatUpToDate with filter 'verify' executable 'false'
06-13 18:16:19.214  2843  4491 I artd    : GetBestInfo: dm (/data/app/~~xCWSPSiTbGWeOlbbQ8WCfA==/com.google.android.gms-6V8MJOZtvQBtjnCwEeoqLQ==/split_MapsDynamite_installtime.dm) is kOatUpToDate with filter 'verify' executable 'false'
06-13 18:16:19.216  2843  4491 I artd    : GetBestInfo: dm (/data/app/~~xCWSPSiTbGWeOlbbQ8WCfA==/com.google.android.gms-6V8MJOZtvQBtjnCwEeoqLQ==/split_MeasurementDynamite_installtime.dm) is kOatUpToDate with filter 'verify' executable 'false'
06-13 18:16:19.217  2843  4491 I artd    : GetBestInfo: dm (/data/app/~~xCWSPSiTbGWeOlbbQ8WCfA==/com.google.android.gms-6V8MJOZtvQBtjnCwEeoqLQ==/split_all_locale_splits.dm) is kOatUpToDate with filter 'verify' executable 'false'
06-13 18:16:19.218  2843  4491 I artd    : GetBestInfo: /data/user_de/0/com.google.android.gms/app_chimera/m/00000001/CronetDynamite.apk has no usable artifacts
06-13 18:16:19.218  2843  4491 I artd    : GetBestInfo: /data/user_de/0/com.google.android.gms/app_chimera/m/00000011/dl-VisionOcr.optional_262031100000.apk has no usable artifacts
06-13 18:16:19.219  2843  4491 I artd    : GetBestInfo: /data/user_de/0/com.google.android.gms/app_chimera/m/00000002/DynamiteLoader.apk has no usable artifacts
06-13 18:16:19.220  2843  4491 I artd    : GetBestInfo: /data/user_de/0/com.google.android.gms/app_chimera/m/0000000e/dl-MlkitBarcodeUi.optional_260235100800.apk has no usable artifacts
06-13 18:16:19.221  2843  4491 I artd    : GetBestInfo: /data/user_de/0/com.google.android.gms/app_chimera/m/00000005/GoogleCertificates.apk has no usable artifacts
06-13 18:16:19.222  2843  4491 I artd    : GetBestInfo: /data/user_de/0/com.google.android.gms/app_chimera/m/00000014/dl-TfliteDynamiteDynamite.integ_252130102100800.apk has no usable artifacts
06-13 18:16:19.224  2843  4491 I artd    : GetBestInfo: /data/user_de/0/com.google.android.gms/app_chimera/m/00000010/dl-PlayCloudSearch.optional_260235100000.apk has no usable artifacts
06-13 18:16:19.225  2843  4491 I artd    : GetBestInfo: /data/user_de/0/com.google.android.gms/app_chimera/m/0000000a/dl-MlkitOcrCommon.optional_260235100800.apk has no usable artifacts
06-13 18:16:19.226  2843  4491 I artd    : GetBestInfo: /data/user_de/0/com.google.android.gms/app_chimera/m/00000013/dl-Appsearch.optional_262031100800.apk has no usable artifacts
06-13 18:16:19.228  2843  4491 I artd    : GetBestInfo: /data/user_de/0/com.google.android.gms/app_chimera/m/00000008/dl-VisionOcr.optional_260235100000.apk has no usable artifacts
06-13 18:16:19.229  2843  4491 I artd    : GetBestInfo: /data/user_de/0/com.google.android.gms/app_chimera/m/00000016/dl-MlkitOcrCommon.optional_262031100800.apk has no usable artifacts
06-13 18:16:19.230  2843  4491 I artd    : GetBestInfo: /data/user_de/0/com.google.android.gms/app_chimera/m/0000000b/dl-Appsearch.optional_260235100800.apk has no usable artifacts
06-13 18:16:19.232  2843  4491 I artd    : GetBestInfo: vdex next to the dex file (/data/user/0/com.google.android.gms/app_dg_cache/1C62BDE86218FBAA50DF06C4A79F5C3FE74B69EC/oat/x86_64/the.vdex) is kOatUpToDate with filter 'verify' executable 'false'
06-13 18:16:19.233  2843  4491 I artd    : GetBestInfo: /data/user_de/0/com.google.android.gms/app_chimera/m/00000012/dl-PlayCloudSearch.optional_262031100000.apk has no usable artifacts
06-13 18:16:19.234  2843  4491 I artd    : GetBestInfo: /data/user_de/0/com.google.android.gms/app_chimera/m/00000015/dl-MlkitBarcodeUi.optional_262031100800.apk has no usable artifacts
06-13 18:16:19.235  2843  4491 I artd    : GetBestInfo: /data/user_de/0/com.google.android.gms/app_chimera/m/00000007/MeasurementDynamite.apk has no usable artifacts
06-13 18:16:19.236  2843  4491 I artd    : GetBestInfo: /data/user_de/0/com.google.android.gms/app_chimera/m/00000019/dl-IdentityCredentialsPlatform.optional_262031100800.apk has no usable artifacts
06-13 18:16:19.566   528   557 W skia    : AGTM parsing failed flags.readFromStream(s) at 159
06-13 18:16:19.566   528   557 W skia    : AGTM parsing failed flags.readFromStream(s) at 159
06-13 18:16:20.065   528   557 W skia    : AGTM parsing failed flags.readFromStream(s) at 159
06-13 18:16:20.065   528   557 W skia    : AGTM parsing failed flags.readFromStream(s) at 159
06-13 18:16:20.113  7711  7711 D AndroidRuntime: >>>>>> START com.android.internal.os.RuntimeInit uid 2000 <<<<<<
06-13 18:16:20.117  7711  7711 I AndroidRuntime: Using default boot image
06-13 18:16:20.117  7711  7711 I AndroidRuntime: Leaving lock profiling enabled
06-13 18:16:20.119  7711  7711 I app_process: Core platform API enforcement enabled from the hiddenapi_platform_enforcement flag and the device API level
06-13 18:16:20.119  7711  7711 I app_process: Using generational CollectorTypeCMC GC.
06-13 18:16:20.179  7711  7711 D nativeloader: InitDefaultPublicLibraries for_preload=1: libandroid.so:libaaudio.so:libamidi.so:libbinder_ndk.so:libc.so:libcamera2ndk.so:libdl.so:libEGL.so:libGLESv1_CM.so:libGLESv2.so:libGLESv3.so:libicu.so:libicui18n.so:libicuuc.so:libjnigraphics.so:liblog.so:libmediandk.so:libm.so:libnativehelper.so:libnativewindow.so:libOpenMAXAL.so:libOpenSLES.so:libRS.so:libstdc++.so:libsync.so:libvulkan.so:libwebviewchromium_plat_support.so:libz.so
06-13 18:16:20.188  7711  7711 D nativeloader: Load libicu_jni.so using APEX ns com_android_art for caller /apex/com.android.art/javalib/core-oj.jar: ok
06-13 18:16:20.188  7711  7711 D app_process: u_setTimeZoneFilesDirectory("/apex/com.android.tzdata/etc/tz/versioned/10/icu") succeeded. 
06-13 18:16:20.188  7711  7711 D app_process: I18n APEX ICU file found: /apex/com.android.i18n/etc/icu/icudt78l.dat
06-13 18:16:20.189  7711  7711 D nativeloader: Load libjavacore.so using APEX ns com_android_art for caller /apex/com.android.art/javalib/core-oj.jar: ok
06-13 18:16:20.190  7711  7711 D nativeloader: Load libopenjdk.so using APEX ns com_android_art for caller /apex/com.android.art/javalib/core-oj.jar: ok
06-13 18:16:20.190  7711  7711 I app_process: Priority-to-niceness mapping: 19, 16, 13, 10, 0, -2, -4, -5, -6, -8
06-13 18:16:20.191  7711  7711 W app_process: Unexpected CPU variant for x86: x86_64.
06-13 18:16:20.191  7711  7711 W app_process: Known variants: atom, sandybridge, silvermont, goldmont, goldmont-plus, goldmont-without-sha-xsaves, tremont, kabylake, alderlake, lunarlake, default
06-13 18:16:20.192  7711  7711 W app_process: ClassLoaderContext shared library size mismatch. Expected=2, found=0 (PCL[]{PCL[/system/framework/android.test.base.jar*3864517067]#PCL[/system/framework/android.test.mock.jar*3292796450]} | PCL[])
06-13 18:16:20.193  7711  7711 W app_process: ClassLoaderContext classpath size mismatch. expected=0, found=1 (PCL[]{PCL[/system/framework/android.test.runner.jar*1683112473]{PCL[/system/framework/android.test.base.jar*3864517067]#PCL[/system/framework/android.test.mock.jar*3292796450]}#PCL[/system/framework/android.test.base.jar*3864517067]} | PCL[/system/framework/android.test.runner.jar*1683112473])
06-13 18:16:20.210  7711  7711 D nativeloader: Load libframework-connectivity-tiramisu-jni.so using APEX ns com_android_tethering for caller /apex/com.android.tethering/javalib/framework-connectivity-t.jar: ok
06-13 18:16:20.210  7711  7711 D AndroidRuntime: Calling main entry com.android.commands.uiautomator.Launcher
06-13 18:16:20.213  7711  7711 I AconfigPackage: android.media.swcodec.flags is mapped to com.android.media.swcodec
06-13 18:16:20.213  7711  7711 I AconfigPackage: com.android.permission.flags is mapped to com.android.permission
06-13 18:16:20.213  7711  7711 I AconfigPackage: com.android.permissioncontroller.flags is mapped to com.android.permission
06-13 18:16:20.214  7711  7711 I AconfigPackage: com.google.android.widevine.flags is mapped to com.google.android.widevine
06-13 18:16:20.214  7711  7711 I AconfigPackage: com.android.icu is mapped to com.android.i18n
06-13 18:16:20.214  7711  7711 I AconfigPackage: com.android.appsearch.flags is mapped to com.android.appsearch
06-13 18:16:20.214  7711  7711 I AconfigPackage: com.android.uprobestats.flags is mapped to com.android.uprobestats
06-13 18:16:20.214  7711  7711 I AconfigPackage: android.uprobestats.mainline.flags is mapped to com.android.uprobestats
06-13 18:16:20.214  7711  7711 I AconfigPackage: com.android.crashrecovery.flags is mapped to com.android.crashrecovery
06-13 18:16:20.214  7711  7711 I AconfigPackage: android.provider.flags is mapped to com.android.configinfrastructure
06-13 18:16:20.214  7711  7711 I AconfigPackage: com.android.server.deviceconfig is mapped to com.android.configinfrastructure
06-13 18:16:20.214  7711  7711 I AconfigPackage: com.android.art.flags is mapped to com.android.art
06-13 18:16:20.214  7711  7711 I AconfigPackage: com.android.art.rw.flags is mapped to com.android.art
06-13 18:16:20.214  7711  7711 I AconfigPackage: com.android.libcore is mapped to com.android.art
06-13 18:16:20.214  7711  7711 I AconfigPackage: android.telecom.flags is mapped to com.android.telephonycore
06-13 18:16:20.214  7711  7711 I AconfigPackage: com.android.internal.telecom.flags is mapped to com.android.telephonycore
06-13 18:16:20.214  7711  7711 I AconfigPackage: com.android.telephony.flags is mapped to com.android.telephonycore
06-13 18:16:20.214  7711  7711 I AconfigPackage: com.android.media.extractor.flags is mapped to com.android.media
06-13 18:16:20.214  7711  7711 I AconfigPackage: com.android.media.mainline.flags is mapped to com.android.media
06-13 18:16:20.215  7711  7711 I AconfigPackage: com.android.wifi.flags is mapped to com.android.wifi
06-13 18:16:20.215  7711  7711 I AconfigPackage: com.android.org.conscrypt.flags is mapped to com.android.conscrypt
06-13 18:16:20.215  7711  7711 I AconfigPackage: com.android.org.conscrypt.net.flags is mapped to com.android.conscrypt
06-13 18:16:20.215  7711  7711 I AconfigPackage: com.android.healthfitness.flags is mapped to com.android.healthfitness
06-13 18:16:20.215  7711  7711 I AconfigPackage: com.android.ipsec.flags is mapped to com.android.ipsec
06-13 18:16:20.215  7711  7711 I AconfigPackage: com.android.nfc.module.flags is mapped to com.android.nfcservices
06-13 18:16:20.215  7711  7711 I AconfigPackage: com.android.nfc.module.nonexported.flags is mapped to com.android.nfcservices
06-13 18:16:20.216  7711  7711 I AconfigPackage: com.android.adservices.ondevicepersonalization.flags is mapped to com.android.ondevicepersonalization
06-13 18:16:20.216  7711  7711 I AconfigPackage: com.android.adbd.flags is mapped to com.android.adbd
06-13 18:16:20.216  7711  7711 I AconfigPackage: com.android.bluetooth.flags is mapped to com.android.bt
06-13 18:16:20.216  7711  7711 I AconfigPackage: com.android.devicelock.flags is mapped to com.android.devicelock
06-13 18:16:20.216  7711  7711 I AconfigPackage: android.os.profiling is mapped to com.android.profiling
06-13 18:16:20.216  7711  7711 I AconfigPackage: android.os.profiling.anomaly.flags is mapped to com.android.profiling
06-13 18:16:20.216  7711  7711 I AconfigPackage: com.android.os.statsd.flags is mapped to com.android.os.statsd
06-13 18:16:20.216  7711  7711 I AconfigPackage: com.android.webapp.flags is mapped to com.android.webapp
06-13 18:16:20.217  7711  7711 I AconfigPackage: com.android.rkpd.flags is mapped to com.android.rkpd
06-13 18:16:20.217  7711  7711 I AconfigPackage: com.android.cellbroadcastreceiver.flags is mapped to com.android.cellbroadcast
06-13 18:16:20.217  7711  7711 I AconfigPackage: com.android.adservices.flags is mapped to com.android.adservices
06-13 18:16:20.217  7711  7711 I AconfigPackage: com.android.sdksandbox.flags is mapped to com.android.adservices
06-13 18:16:20.217  7711  7711 I AconfigPackage: android.app.sdksandbox.flags is mapped to com.android.adservices
06-13 18:16:20.217  7711  7711 I AconfigPackage: com.android.uwb.flags is mapped to com.android.uwb
06-13 18:16:20.217  7711  7711 I AconfigPackage: com.android.ranging.flags is mapped to com.android.uwb
06-13 18:16:20.218  7711  7711 I AconfigPackage: com.android.npumanager is mapped to com.android.npumanager
06-13 18:16:20.218  7711  7711 I AconfigPackage: android.graphics.pdf.flags is mapped to com.android.mediaprovider
06-13 18:16:20.218  7711  7711 I AconfigPackage: com.android.providers.media.flags is mapped to com.android.mediaprovider
06-13 18:16:20.218  7711  7711 I AconfigPackage: android.graphics.pdf.flags.readonly is mapped to com.android.mediaprovider
06-13 18:16:20.218  7711  7711 I AconfigPackage: com.android.tethering.mainline.beta is mapped to com.android.tethering
06-13 18:16:20.218  7711  7711 I AconfigPackage: android.net.http is mapped to com.android.tethering
06-13 18:16:20.218  7711  7711 I AconfigPackage: com.android.tethering.readonly.flags is mapped to com.android.tethering
06-13 18:16:20.218  7711  7711 I AconfigPackage: android.net.vcn is mapped to com.android.tethering
06-13 18:16:20.218  7711  7711 I AconfigPackage: com.android.net.flags is mapped to com.android.tethering
06-13 18:16:20.218  7711  7711 I AconfigPackage: com.android.tethering.flags is mapped to com.android.tethering
06-13 18:16:20.218  7711  7711 I AconfigPackage: com.android.tethering.beta.test is mapped to com.android.tethering
06-13 18:16:20.218  7711  7711 I AconfigPackage: com.android.nearby.flags is mapped to com.android.tethering
06-13 18:16:20.218  7711  7711 I AconfigPackage: com.android.net.thread.flags is mapped to com.android.tethering
06-13 18:16:20.218  7711  7711 I AconfigPackage: com.android.net.ct.flags is mapped to com.android.tethering
06-13 18:16:20.218  7711  7711 I AconfigPackage: com.android.system.virtualmachine.flags is mapped to com.android.virt
06-13 18:16:20.218  7711  7711 E FeatureFlagsImplExport: android.os.flagging.AconfigStorageReadException: ERROR_PACKAGE_NOT_FOUND: package android.xr cannot be found on the device
06-13 18:16:20.221  7711  7711 D UiAutomationConnection: Created on user UserHandle{0}
06-13 18:16:20.221  7711  7711 I UiAutomation: Initialized for user 0 on display 0
06-13 18:16:20.221  7711  7711 W UiAutomation: Created with deprecatead constructor, assumes DEFAULT_DISPLAY
06-13 18:16:20.223   675  1999 D AccessibilityManagerService: changeCurrentUserForTestAutomationIfNeededLocked(0): ignoring because device doesn't support visible background users
06-13 18:16:20.223   675  1999 I UiAutomationManager: Registering UiTestAutomationService (id=com.android.server.accessibility/UiAutomation, flags=0x0) when called by user 0
06-13 18:16:20.223   675  1999 V AccessibilityManagerService: onUserStateChangedLocked for userId: 0, forceUpdate: false
06-13 18:16:20.224   675  1999 V AccessibilityUserState: updateShortcutTargets: type:accessibility_shortcut_target_service, current:{}, new:{}
06-13 18:16:20.224   675  1999 V AccessibilityUserState: updateShortcutTargets: type:accessibility_button_targets, current:{}, new:{}
06-13 18:16:20.224   675  1999 V AccessibilityUserState: updateShortcutTargets: type:accessibility_gesture_targets, current:{}, new:{}
06-13 18:16:20.224   675  1999 V AccessibilityUserState: updateShortcutTargets: type:accessibility_qs_targets, current:{}, new:{}
06-13 18:16:20.224   675  1999 V AccessibilityUserState: updateShortcutTargets: type:accessibility_key_gesture_targets, current:{}, new:{}
06-13 18:16:20.224   675  1999 V AccessibilityUserState: updateShortcutTargets: type:accessibility_top_row_key_targets, current:{}, new:{}
06-13 18:16:20.224   675  1999 V AccessibilityUserState: updateShortcutTargets: type:accessibility_quick_access_targets, current:{}, new:{}
06-13 18:16:20.224   675  1999 W MagnificationConnectionManager: requestConnection duplicated request: connect=false, mConnectionState=DISCONNECTED
06-13 18:16:20.224  2590  2608 I AiAiEcho: Settings changed for uri: content://settings/secure/accessibility_enabled
06-13 18:16:20.225  2590  2666 I AiAiEcho: Predicting[0]:  [CONTEXT sampling_count=5 ]
06-13 18:16:20.225  2590  2666 I AiAiEcho: EchoTargets: 
06-13 18:16:20.225  2590  2666 I AiAiEcho: Filtered by AiAi flag check: 
06-13 18:16:20.225  2590  2666 I AiAiEcho: [CONTEXT ratelimit_period="10 SECONDS" ]
06-13 18:16:20.225  2590  2666 I AiAiEcho: #remoteViewsTwiddler: feature disabled.
06-13 18:16:20.225  2590  2666 I AiAiEcho: Predicting[0]:  [CONTEXT sampling_count=5 ]
06-13 18:16:20.225  2590  2666 I AiAiEcho: EchoTargets: 
06-13 18:16:20.225  2590  2666 I AiAiEcho: Filtered by AiAi flag check: 
06-13 18:16:20.225  2590  2666 I AiAiEcho: [CONTEXT ratelimit_period="10 SECONDS" ]
06-13 18:16:20.225  2590  2666 I AiAiEcho: #remoteViewsTwiddler: feature disabled.
06-13 18:16:20.225   675   675 W libbinder.IPCThreadState: Sending oneway calls to frozen process.
06-13 18:16:20.225  2590  2666 I AiAiEcho: Predicting[0]:  [CONTEXT sampling_count=5 ]
06-13 18:16:20.225  2590  2666 I AiAiEcho: EchoTargets: 
06-13 18:16:20.225  2590  2666 I AiAiEcho: Filtered by AiAi flag check: 
06-13 18:16:20.225  2590  2666 I AiAiEcho: [CONTEXT ratelimit_period="10 SECONDS" ]
06-13 18:16:20.225  2590  2666 I AiAiEcho: #remoteViewsTwiddler: feature disabled.
06-13 18:16:20.226  2590  2666 I AiAiEcho: #postPredictionTargets: Sending updates to UISurface home with targets# 0 (types=[])
06-13 18:16:20.226  2590  2666 I AiAiEcho: #postPredictionTargets: Sending updates to UISurface ambientcue with targets# 0 (types=[])
06-13 18:16:20.226   933  1145 I AmbientCueRepository: Receiving SmartSpace targets # 0
06-13 18:16:20.227  2590  2666 I AiAiEcho: #postPredictionTargets: Sending updates to UISurface lockscreen with targets# 0 (types=[])
06-13 18:16:20.227   675   675 W libbinder.IPCThreadState: Sending oneway calls to frozen process.
06-13 18:16:20.227   675   675 W libbinder.IPCThreadState: Sending oneway calls to frozen process.
06-13 18:16:20.227   675   675 W libbinder.IPCThreadState: Sending oneway calls to frozen process.
06-13 18:16:20.228   675   675 W libbinder.IPCThreadState: Sending oneway calls to frozen process.
06-13 18:16:20.228   675   675 W libbinder.IPCThreadState: Sending oneway calls to frozen process.
06-13 18:16:20.229   675  1999 V AccessibilityManagerService: onUserStateChangedLocked for userId: 0, forceUpdate: false
06-13 18:16:20.229   675   675 W libbinder.IPCThreadState: Sending oneway calls to frozen process.
06-13 18:16:20.229   675   675 W libbinder.IPCThreadState: Sending oneway calls to frozen process.
06-13 18:16:20.229   675   675 W libbinder.IPCThreadState: Sending oneway calls to frozen process.
06-13 18:16:20.229   675   675 D BatterySaverPolicy: accessibility changed to true, updating policy.
06-13 18:16:20.230   675  1999 V AccessibilityUserState: updateShortcutTargets: type:accessibility_shortcut_target_service, current:{}, new:{}
06-13 18:16:20.230   675  1999 V AccessibilityUserState: updateShortcutTargets: type:accessibility_button_targets, current:{}, new:{}
06-13 18:16:20.230   675  1999 V AccessibilityUserState: updateShortcutTargets: type:accessibility_gesture_targets, current:{}, new:{}
06-13 18:16:20.230   675  1999 V AccessibilityUserState: updateShortcutTargets: type:accessibility_qs_targets, current:{}, new:{}
06-13 18:16:20.230   675  1999 V AccessibilityUserState: updateShortcutTargets: type:accessibility_key_gesture_targets, current:{}, new:{}
06-13 18:16:20.230   675  1999 V AccessibilityUserState: updateShortcutTargets: type:accessibility_top_row_key_targets, current:{}, new:{}
06-13 18:16:20.230   675  1999 V AccessibilityUserState: updateShortcutTargets: type:accessibility_quick_access_targets, current:{}, new:{}
06-13 18:16:20.230   675  1999 W MagnificationConnectionManager: requestConnection duplicated request: connect=false, mConnectionState=DISCONNECTED
06-13 18:16:20.230  2590  2608 I AiAiEcho: Settings changed for uri: content://settings/secure/accessibility_enabled
06-13 18:16:20.231   675   675 W libbinder.IPCThreadState: Sending oneway calls to frozen process.
06-13 18:16:20.231   675   675 W libbinder.IPCThreadState: Sending oneway calls to frozen process.
06-13 18:16:20.231   675   675 W libbinder.IPCThreadState: Sending oneway calls to frozen process.
06-13 18:16:20.232   675   675 W libbinder.IPCThreadState: Sending oneway calls to frozen process.
06-13 18:16:20.232  2590  2666 I AiAiEcho: Predicting[0]:  [CONTEXT sampling_count=5 ]
06-13 18:16:20.232  2590  2666 I AiAiEcho: EchoTargets: 
06-13 18:16:20.232  2590  2666 I AiAiEcho: Filtered by AiAi flag check: 
06-13 18:16:20.232  2590  2666 I AiAiEcho: [CONTEXT ratelimit_period="10 SECONDS" ]
06-13 18:16:20.232   675   675 W libbinder.IPCThreadState: Sending oneway calls to frozen process.
06-13 18:16:20.232   675   675 W libbinder.IPCThreadState: Sending oneway calls to frozen process.
06-13 18:16:20.233  2590  2666 I AiAiEcho: #remoteViewsTwiddler: feature disabled.
06-13 18:16:20.233  2590  2666 I AiAiEcho: Predicting[0]:  [CONTEXT sampling_count=5 ]
06-13 18:16:20.234  2590  2666 I AiAiEcho: EchoTargets: 
06-13 18:16:20.234  2590  2666 I AiAiEcho: Filtered by AiAi flag check: 
06-13 18:16:20.234  2590  2666 I AiAiEcho: [CONTEXT ratelimit_period="10 SECONDS" ]
06-13 18:16:20.234  2590  2666 I AiAiEcho: #remoteViewsTwiddler: feature disabled.
06-13 18:16:20.234  2590  2666 I AiAiEcho: Predicting[0]:  [CONTEXT sampling_count=5 ]
06-13 18:16:20.234  2590  2666 I AiAiEcho: EchoTargets: 
06-13 18:16:20.234  2590  2666 I AiAiEcho: Filtered by AiAi flag check: 
06-13 18:16:20.234  2590  2666 I AiAiEcho: [CONTEXT ratelimit_period="10 SECONDS" ]
06-13 18:16:20.234  2590  2666 I AiAiEcho: #remoteViewsTwiddler: feature disabled.
06-13 18:16:20.236  2590  2666 I AiAiEcho: #postPredictionTargets: Sending updates to UISurface home with targets# 0 (types=[])
06-13 18:16:20.236   675  2012 D AccessibilityManagerService: .getAccessibilityShortcutTargets {shortcutType=32, userId=0}
06-13 18:16:20.236  2590  2666 I AiAiEcho: #postPredictionTargets: Sending updates to UISurface ambientcue with targets# 0 (types=[])
06-13 18:16:20.236  2590  2666 I AiAiEcho: #postPredictionTargets: Sending updates to UISurface lockscreen with targets# 0 (types=[])
06-13 18:16:20.237   933  1145 I AmbientCueRepository: Receiving SmartSpace targets # 0
06-13 18:16:20.247   528   557 W skia    : AGTM parsing failed flags.readFromStream(s) at 159
06-13 18:16:20.247   528   557 W skia    : AGTM parsing failed flags.readFromStream(s) at 159
06-13 18:16:20.348   528   557 W skia    : AGTM parsing failed flags.readFromStream(s) at 159
06-13 18:16:20.349   528   557 W skia    : AGTM parsing failed flags.readFromStream(s) at 159
06-13 18:16:20.584   528   557 W skia    : AGTM parsing failed flags.readFromStream(s) at 159
06-13 18:16:20.584   528   557 W skia    : AGTM parsing failed flags.readFromStream(s) at 159
06-13 18:16:21.083   528   557 W skia    : AGTM parsing failed flags.readFromStream(s) at 159
06-13 18:16:21.083   528   557 W skia    : AGTM parsing failed flags.readFromStream(s) at 159
06-13 18:16:21.241  7711  7711 I AccessibilityNodeInfoDumper: Skipping invisible child: android.view.accessibility.AccessibilityNodeInfo@2afb1; boundsInParent: Rect(0, 0 - 1344, 0); boundsInScreen: Rect(0, 0 - 1344, 0); boundsInWindow: Rect(0, 0 - 1344, 0); packageName: com.anonymous.x2ndbrain; className: android.widget.LinearLayout; text: null; error: null; maxTextLength: -1; stateDescription: null; contentDescription: null; tooltipText: null; containerTitle: null; viewIdResName: null; uniqueId: null; checkable: false; checked: false; focusable: false; focused: false; selected: false; clickable: false; longClickable: false; contextClickable: false; enabled: true; password: false; scrollable: false; granularScrollingSupported: false; importantForAccessibility: false; visible: false; actions: [AccessibilityAction: ACTION_SELECT - null, AccessibilityAction: ACTION_CLEAR_SELECTION - null, AccessibilityAction: ACTION_ACCESSIBILITY_FOCUS - null, AccessibilityAction: ACTION_SHOW_ON_SCREEN - null]; isTextSelectable: false
06-13 18:16:21.241  7711  7711 I AccessibilityNodeInfoDumper: Skipping invisible child: android.view.accessibility.AccessibilityNodeInfo@2abf0; boundsInParent: Rect(0, 0 - 1344, 0); boundsInScreen: Rect(0, 0 - 1344, 0); boundsInWindow: Rect(0, 0 - 1344, 0); packageName: com.anonymous.x2ndbrain; className: android.view.ViewGroup; text: null; error: null; maxTextLength: -1; stateDescription: null; contentDescription: null; tooltipText: null; containerTitle: null; viewIdResName: null; uniqueId: null; checkable: false; checked: false; focusable: false; focused: false; selected: false; clickable: false; longClickable: false; contextClickable: false; enabled: true; password: false; scrollable: false; granularScrollingSupported: false; importantForAccessibility: false; visible: false; actions: [AccessibilityAction: ACTION_SELECT - null, AccessibilityAction: ACTION_CLEAR_SELECTION - null, AccessibilityAction: ACTION_ACCESSIBILITY_FOCUS - null, AccessibilityAction: ACTION_SHOW_ON_SCREEN - null]; isTextSelectable: false
06-13 18:16:21.241  7711  7711 I AccessibilityNodeInfoDumper: Skipping invisible child: android.view.accessibility.AccessibilityNodeInfo@45ba3; boundsInParent: Rect(0, 0 - 1344, 0); boundsInScreen: Rect(0, 0 - 1344, 0); boundsInWindow: Rect(0, 0 - 1344, 0); packageName: com.anonymous.x2ndbrain; className: android.widget.LinearLayout; text: null; error: null; maxTextLength: -1; stateDescription: null; contentDescription: null; tooltipText: null; containerTitle: null; viewIdResName: null; uniqueId: null; checkable: false; checked: false; focusable: false; focused: false; selected: false; clickable: false; longClickable: false; contextClickable: false; enabled: true; password: false; scrollable: false; granularScrollingSupported: false; importantForAccessibility: false; visible: false; actions: [AccessibilityAction: ACTION_SELECT - null, AccessibilityAction: ACTION_CLEAR_SELECTION - null, AccessibilityAction: ACTION_ACCESSIBILITY_FOCUS - null, AccessibilityAction: ACTION_SHOW_ON_SCREEN - null]; isTextSelectable: false
06-13 18:16:21.241  7711  7711 I AccessibilityNodeInfoDumper: Skipping invisible child: android.view.accessibility.AccessibilityNodeInfo@457e2; boundsInParent: Rect(0, 0 - 1344, 0); boundsInScreen: Rect(0, 0 - 1344, 0); boundsInWindow: Rect(0, 0 - 1344, 0); packageName: com.anonymous.x2ndbrain; className: android.view.ViewGroup; text: null; error: null; maxTextLength: -1; stateDescription: null; contentDescription: null; tooltipText: null; containerTitle: null; viewIdResName: null; uniqueId: null; checkable: false; checked: false; focusable: false; focused: false; selected: false; clickable: false; longClickable: false; contextClickable: false; enabled: true; password: false; scrollable: false; granularScrollingSupported: false; importantForAccessibility: false; visible: false; actions: [AccessibilityAction: ACTION_SELECT - null, AccessibilityAction: ACTION_CLEAR_SELECTION - null, AccessibilityAction: ACTION_ACCESSIBILITY_FOCUS - null, AccessibilityAction: ACTION_SHOW_ON_SCREEN - null]; isTextSelectable: false
06-13 18:16:21.347  7711  7711 W AccessibilityNodeInfoDumper: Fetch time: 107ms
06-13 18:16:21.348   675  2012 V AccessibilityManagerService: onUserStateChangedLocked for userId: 0, forceUpdate: false
06-13 18:16:21.348   675  2012 V AccessibilityUserState: updateShortcutTargets: type:accessibility_shortcut_target_service, current:{}, new:{}
06-13 18:16:21.348   675  2012 V AccessibilityUserState: updateShortcutTargets: type:accessibility_button_targets, current:{}, new:{}
06-13 18:16:21.348   675  2012 V AccessibilityUserState: updateShortcutTargets: type:accessibility_gesture_targets, current:{}, new:{}
06-13 18:16:21.348   675  2012 V AccessibilityUserState: updateShortcutTargets: type:accessibility_qs_targets, current:{}, new:{}
06-13 18:16:21.348   675  2012 V AccessibilityUserState: updateShortcutTargets: type:accessibility_key_gesture_targets, current:{}, new:{}
06-13 18:16:21.349   675  2012 V AccessibilityUserState: updateShortcutTargets: type:accessibility_top_row_key_targets, current:{}, new:{}
06-13 18:16:21.349   675  2012 V AccessibilityUserState: updateShortcutTargets: type:accessibility_quick_access_targets, current:{}, new:{}
06-13 18:16:21.349   675  2012 W MagnificationConnectionManager: requestConnection duplicated request: connect=false, mConnectionState=DISCONNECTED
06-13 18:16:21.349  2590  2614 I AiAiEcho: Settings changed for uri: content://settings/secure/accessibility_enabled
