06-13 20:40:02.908  2843  2857 I artd    : GetBestInfo: /data/user_de/0/com.google.android.gms/app_chimera/m/00000002/DynamiteLoader.apk has no usable artifacts
06-13 20:40:02.909  2843  2857 I artd    : GetBestInfo: /data/user_de/0/com.google.android.gms/app_chimera/m/0000000e/dl-MlkitBarcodeUi.optional_260235100800.apk has no usable artifacts
06-13 20:40:02.913  2843  2857 I artd    : GetBestInfo: /data/user_de/0/com.google.android.gms/app_chimera/m/00000005/GoogleCertificates.apk has no usable artifacts
06-13 20:40:02.914  2843  2857 I artd    : GetBestInfo: /data/user_de/0/com.google.android.gms/app_chimera/m/00000014/dl-TfliteDynamiteDynamite.integ_252130102100800.apk has no usable artifacts
06-13 20:40:02.916  2843  2857 I artd    : GetBestInfo: /data/user_de/0/com.google.android.gms/app_chimera/m/00000010/dl-PlayCloudSearch.optional_260235100000.apk has no usable artifacts
06-13 20:40:02.919  2843  2857 I artd    : GetBestInfo: /data/user_de/0/com.google.android.gms/app_chimera/m/0000000a/dl-MlkitOcrCommon.optional_260235100800.apk has no usable artifacts
06-13 20:40:02.922  2843  2857 I artd    : GetBestInfo: /data/user_de/0/com.google.android.gms/app_chimera/m/00000013/dl-Appsearch.optional_262031100800.apk has no usable artifacts
06-13 20:40:02.926  2843  2857 I artd    : GetBestInfo: /data/user_de/0/com.google.android.gms/app_chimera/m/00000008/dl-VisionOcr.optional_260235100000.apk has no usable artifacts
06-13 20:40:02.928  2843  2857 I artd    : GetBestInfo: /data/user_de/0/com.google.android.gms/app_chimera/m/00000016/dl-MlkitOcrCommon.optional_262031100800.apk has no usable artifacts
06-13 20:40:02.929  2843  2857 I artd    : GetBestInfo: /data/user_de/0/com.google.android.gms/app_chimera/m/0000000b/dl-Appsearch.optional_260235100800.apk has no usable artifacts
06-13 20:40:02.931  2843  2857 I artd    : GetBestInfo: vdex next to the dex file (/data/user/0/com.google.android.gms/app_dg_cache/1C62BDE86218FBAA50DF06C4A79F5C3FE74B69EC/oat/x86_64/the.vdex) is kOatUpToDate with filter 'verify' executable 'false'
06-13 20:40:02.932  2843  2857 I artd    : GetBestInfo: /data/user_de/0/com.google.android.gms/app_chimera/m/00000012/dl-PlayCloudSearch.optional_262031100000.apk has no usable artifacts
06-13 20:40:02.934  2843  2857 I artd    : GetBestInfo: /data/user_de/0/com.google.android.gms/app_chimera/m/00000015/dl-MlkitBarcodeUi.optional_262031100800.apk has no usable artifacts
06-13 20:40:02.935  2843  2857 I artd    : GetBestInfo: /data/user_de/0/com.google.android.gms/app_chimera/m/00000007/MeasurementDynamite.apk has no usable artifacts
06-13 20:40:02.936  2843  2857 I artd    : GetBestInfo: /data/user_de/0/com.google.android.gms/app_chimera/m/00000019/dl-IdentityCredentialsPlatform.optional_262031100800.apk has no usable artifacts
06-13 20:40:02.992   528   557 W skia    : AGTM parsing failed flags.readFromStream(s) at 159
06-13 20:40:03.088   675   859 I AdbWifiNetworkMonitor: Wi-Fi network available
06-13 20:40:03.088   675   859 I AdbWifiNetworkMonitor: Received the same Wi-Fi SSID. Ignoring.
06-13 20:40:03.093   528   557 W skia    : AGTM parsing failed flags.readFromStream(s) at 159
06-13 20:40:03.094   675   829 I HalDevMgr: bestIfaceCreationProposal is null, requestIface=STA, existingIface=[name=wlan0 type=STA]
06-13 20:40:03.095  1216  1227 I NullBinder: NullBinder for android.net.action.RECOMMEND_NETWORKS triggering remote TransactionTooLargeException due to Service without Chimera impl, calling uid: 1000, calling pid: 0
06-13 20:40:03.095  1216  1227 W libbinder.Binder: Large reply transaction of 1056768 bytes, interface descriptor , function: UNKNOWN_FUNCTION_NAME, code: 1, flags: 17
06-13 20:40:03.101   675   835 D ConnectivityService: NetReassign [no changes] [c 0] [a 1] [i 0]
06-13 20:40:03.102 11300 11407 I BugleRcsEngine: handleMessage processing message:[NOTIFY_UPTIME_IGNORE_STATE_CHANGED] with [non-null]:RcsEngineImpl reference [CONTEXT log_prefix="RcsEngineImpl[DUAL_REG]:[4ca6b209-3a2d]>Handler" thread_id=77 ]
06-13 20:40:03.102  1216  8002 I NearbyMediums: Wifi changed new SSID: "AndroidWifi"
06-13 20:40:03.102  1216  8002 I NearbyMediums: WifiLanConnectivityInfo is not changed, skip notify.
06-13 20:40:03.102 11300 11373 I BugleRcsEngine: Connected state: [1], networkType: [WIFI] [CONTEXT thread_id=65 ]
06-13 20:40:03.104 16113 16120 I ymous.x2ndbrain: NativeAlloc concurrent mark compact GC freed 1248KB AllocSpace bytes, 0(0B) LOS objects, 49% free, 14MB/28MB, paused 1.784ms,18.319ms total 59.859ms
06-13 20:40:03.106 11300 11407 I BugleRcsEngine: No RCS Configuration was found in Bugle for simID: redacted-pii:sim_id[chars:20,last3:897] [CONTEXT log_prefix="ProvisioningEngineDataRetriever" thread_id=77 ]
06-13 20:40:03.108  1014  1172 D IpClient/wlan0: interfaceLinkStateChanged: ifindex 16 up
06-13 20:40:03.117  1014  1172 D IpClient/wlan0: interfaceLinkStateChanged: ifindex 16 up
06-13 20:40:03.204   528   557 W skia    : AGTM parsing failed flags.readFromStream(s) at 159
06-13 20:40:03.321   528   557 W skia    : AGTM parsing failed flags.readFromStream(s) at 159
06-13 20:40:03.420   918   918 I wpa_supplicant: wlan0: CTRL-EVENT-BEACON-LOSS 
06-13 20:40:03.421   528   557 W skia    : AGTM parsing failed flags.readFromStream(s) at 159
06-13 20:40:03.524   528   557 W skia    : AGTM parsing failed flags.readFromStream(s) at 159
06-13 20:40:03.624   528   557 W skia    : AGTM parsing failed flags.readFromStream(s) at 159
06-13 20:40:03.660 16113 16120 I ymous.x2ndbrain: NativeAlloc concurrent mark compact GC freed 1888KB AllocSpace bytes, 0(0B) LOS objects, 50% free, 14MB/28MB, paused 982us,14.476ms total 62.329ms
06-13 20:40:03.771   528   557 W skia    : AGTM parsing failed flags.readFromStream(s) at 159
06-13 20:40:03.872   528   557 W skia    : AGTM parsing failed flags.readFromStream(s) at 159
06-13 20:40:03.986   528   557 W skia    : AGTM parsing failed flags.readFromStream(s) at 159
06-13 20:40:04.088   528   557 W skia    : AGTM parsing failed flags.readFromStream(s) at 159
06-13 20:40:04.190   528   557 W skia    : AGTM parsing failed flags.readFromStream(s) at 159
06-13 20:40:04.243 16113 16120 I ymous.x2ndbrain: NativeAlloc concurrent mark compact GC freed 1920KB AllocSpace bytes, 0(0B) LOS objects, 49% free, 14MB/28MB, paused 1.228ms,15.941ms total 56.844ms
06-13 20:40:04.294  1051  1196 D SatelliteController: isInCarrierRoamingNbIotNtn: satellite is disabled
06-13 20:40:04.294  1051  1196 D SatelliteController: getCarrierRoamingNtnConnectType: Checking connect type from PLMN config for subId: 1
06-13 20:40:04.295  1051  1196 D SatelliteController: getSatellitePerPlmnConfiguration: invalid subId or not supported via carrier.
06-13 20:40:04.295  1051  1196 D SatelliteController: getCarrierRoamingNtnConnectType: config: null
06-13 20:40:04.295  1051  1196 D SatelliteController: getCarrierRoamingNtnConnectType: Falling back to global carrier config connect type: 0
06-13 20:40:04.296  1051  1196 D SatelliteController: updateLastNotifiedCarrierRoamingNtnSignalStrengthAndNotify(1)
06-13 20:40:04.296  1051  1196 D SatelliteController: updateLastNotifiedCarrierRoamingNtnSignalStrengthAndNotify(1) lastNotifiedSignalStrength level: 0
06-13 20:40:04.296  1051  1196 D SatelliteController: updateLastNotifiedCarrierRoamingNtnSignalStrengthAndNotify(1) currSignalStrength level: 0
06-13 20:40:04.341   528   557 W skia    : AGTM parsing failed flags.readFromStream(s) at 159
06-13 20:40:04.454   528   557 W skia    : AGTM parsing failed flags.readFromStream(s) at 159
06-13 20:40:04.556   528   557 W skia    : AGTM parsing failed flags.readFromStream(s) at 159
06-13 20:40:04.660   528   557 W skia    : AGTM parsing failed flags.readFromStream(s) at 159
06-13 20:40:04.777   528   557 W skia    : AGTM parsing failed flags.readFromStream(s) at 159
06-13 20:40:04.836 16113 16120 I ymous.x2ndbrain: NativeAlloc concurrent mark compact GC freed 1840KB AllocSpace bytes, 0(0B) LOS objects, 49% free, 14MB/28MB, paused 1.393ms,18.840ms total 82.339ms
06-13 20:40:04.920   528   557 W skia    : AGTM parsing failed flags.readFromStream(s) at 159
06-13 20:40:05.034   528   557 W skia    : AGTM parsing failed flags.readFromStream(s) at 159
06-13 20:40:05.154   528   557 W skia    : AGTM parsing failed flags.readFromStream(s) at 159
06-13 20:40:05.259   528   557 W skia    : AGTM parsing failed flags.readFromStream(s) at 159
06-13 20:40:05.307 16113 16120 I ymous.x2ndbrain: NativeAlloc concurrent mark compact GC freed 1552KB AllocSpace bytes, 0(0B) LOS objects, 50% free, 14MB/28MB, paused 1.481ms,21.537ms total 73.119ms
06-13 20:40:05.386   528   557 W skia    : AGTM parsing failed flags.readFromStream(s) at 159
06-13 20:40:05.488   528   557 W skia    : AGTM parsing failed flags.readFromStream(s) at 159
06-13 20:40:05.589   528   557 W skia    : AGTM parsing failed flags.readFromStream(s) at 159
06-13 20:40:05.685 16113 16120 I ymous.x2ndbrain: NativeAlloc concurrent mark compact GC freed 1424KB AllocSpace bytes, 0(0B) LOS objects, 50% free, 14MB/28MB, paused 1.161ms,15.077ms total 53.232ms
06-13 20:40:05.690   528   557 W skia    : AGTM parsing failed flags.readFromStream(s) at 159
06-13 20:40:05.792   528   557 W skia    : AGTM parsing failed flags.readFromStream(s) at 159
06-13 20:40:05.893   528   557 W skia    : AGTM parsing failed flags.readFromStream(s) at 159
06-13 20:40:05.995   528   557 W skia    : AGTM parsing failed flags.readFromStream(s) at 159
06-13 20:40:06.097   528   557 W skia    : AGTM parsing failed flags.readFromStream(s) at 159
06-13 20:40:06.100   675   859 I AdbWifiNetworkMonitor: Wi-Fi network available
06-13 20:40:06.100   675   859 I AdbWifiNetworkMonitor: Received the same Wi-Fi SSID. Ignoring.
06-13 20:40:06.108   675   835 D ConnectivityService: NetReassign [no changes] [c 0] [a 1] [i 0]
06-13 20:40:06.108 11300 11407 I BugleRcsEngine: handleMessage processing message:[NOTIFY_UPTIME_IGNORE_STATE_CHANGED] with [non-null]:RcsEngineImpl reference [CONTEXT log_prefix="RcsEngineImpl[DUAL_REG]:[4ca6b209-3a2d]>Handler" thread_id=77 ]
06-13 20:40:06.109 11300 11373 I BugleRcsEngine: Connected state: [1], networkType: [WIFI] [CONTEXT thread_id=65 ]
06-13 20:40:06.110  1216  8002 I NearbyMediums: Wifi changed new SSID: "AndroidWifi"
06-13 20:40:06.110  1216  8002 I NearbyMediums: WifiLanConnectivityInfo is not changed, skip notify.
06-13 20:40:06.110   675   829 I HalDevMgr: bestIfaceCreationProposal is null, requestIface=STA, existingIface=[name=wlan0 type=STA]
06-13 20:40:06.110 11300 11407 I BugleRcsEngine: No RCS Configuration was found in Bugle for simID: redacted-pii:sim_id[chars:20,last3:897] [CONTEXT log_prefix="ProvisioningEngineDataRetriever" thread_id=77 ]
06-13 20:40:06.113  1216  4241 I NullBinder: NullBinder for android.net.action.RECOMMEND_NETWORKS triggering remote TransactionTooLargeException due to Service without Chimera impl, calling uid: 1000, calling pid: 0
06-13 20:40:06.113  1216  4241 W libbinder.Binder: Large reply transaction of 1056768 bytes, interface descriptor , function: UNKNOWN_FUNCTION_NAME, code: 1, flags: 17
06-13 20:40:06.196 16113 16120 I ymous.x2ndbrain: NativeAlloc concurrent mark compact GC freed 1520KB AllocSpace bytes, 0(0B) LOS objects, 49% free, 14MB/28MB, paused 1.190ms,13.815ms total 56.712ms
06-13 20:40:06.198   528   557 W skia    : AGTM parsing failed flags.readFromStream(s) at 159
06-13 20:40:06.307   528   557 W skia    : AGTM parsing failed flags.readFromStream(s) at 159
06-13 20:40:06.421   528   557 W skia    : AGTM parsing failed flags.readFromStream(s) at 159
06-13 20:40:06.521   528   557 W skia    : AGTM parsing failed flags.readFromStream(s) at 159
06-13 20:40:06.653   528   557 W skia    : AGTM parsing failed flags.readFromStream(s) at 159
06-13 20:40:06.771   528   557 W skia    : AGTM parsing failed flags.readFromStream(s) at 159
06-13 20:40:06.814 16113 16120 I ymous.x2ndbrain: NativeAlloc concurrent mark compact GC freed 1840KB AllocSpace bytes, 0(0B) LOS objects, 49% free, 14MB/28MB, paused 1.362ms,15.262ms total 62.147ms
06-13 20:40:06.924   528   557 W skia    : AGTM parsing failed flags.readFromStream(s) at 159
06-13 20:40:07.055   528   557 W skia    : AGTM parsing failed flags.readFromStream(s) at 159
06-13 20:40:07.172   528   557 W skia    : AGTM parsing failed flags.readFromStream(s) at 159
06-13 20:40:07.290   528   557 W skia    : AGTM parsing failed flags.readFromStream(s) at 159
06-13 20:40:07.379 16113 16120 I ymous.x2ndbrain: NativeAlloc concurrent mark compact GC freed 1648KB AllocSpace bytes, 0(0B) LOS objects, 49% free, 14MB/28MB, paused 1.260ms,20.526ms total 69.168ms
06-13 20:40:07.391   528   557 W skia    : AGTM parsing failed flags.readFromStream(s) at 159
06-13 20:40:07.493   528   557 W skia    : AGTM parsing failed flags.readFromStream(s) at 159
06-13 20:40:07.606   528   557 W skia    : AGTM parsing failed flags.readFromStream(s) at 159
06-13 20:40:07.706   528   557 W skia    : AGTM parsing failed flags.readFromStream(s) at 159
06-13 20:40:07.812   528   557 W skia    : AGTM parsing failed flags.readFromStream(s) at 159
06-13 20:40:07.868 16113 16120 I ymous.x2ndbrain: NativeAlloc concurrent mark compact GC freed 1376KB AllocSpace bytes, 0(0B) LOS objects, 49% free, 14MB/28MB, paused 2.083ms,21.239ms total 75.783ms
06-13 20:40:07.963   528   557 W skia    : AGTM parsing failed flags.readFromStream(s) at 159
06-13 20:40:08.087   528   557 W skia    : AGTM parsing failed flags.readFromStream(s) at 159
06-13 20:40:08.205   528   557 W skia    : AGTM parsing failed flags.readFromStream(s) at 159
06-13 20:40:08.320   528   557 W skia    : AGTM parsing failed flags.readFromStream(s) at 159
06-13 20:40:08.421   528   557 W skia    : AGTM parsing failed flags.readFromStream(s) at 159
06-13 20:40:08.488 16113 16120 I ymous.x2ndbrain: NativeAlloc concurrent mark compact GC freed 1584KB AllocSpace bytes, 0(0B) LOS objects, 49% free, 14MB/28MB, paused 1.712ms,19.809ms total 88.186ms
06-13 20:40:08.570   528   557 W skia    : AGTM parsing failed flags.readFromStream(s) at 159
06-13 20:40:08.688   528   557 W skia    : AGTM parsing failed flags.readFromStream(s) at 159
06-13 20:40:08.788   528   557 W skia    : AGTM parsing failed flags.readFromStream(s) at 159
06-13 20:40:08.923   528   557 W skia    : AGTM parsing failed flags.readFromStream(s) at 159
06-13 20:40:09.036   528   557 W skia    : AGTM parsing failed flags.readFromStream(s) at 159
06-13 20:40:09.069 16113 16120 I ymous.x2ndbrain: NativeAlloc concurrent mark compact GC freed 1904KB AllocSpace bytes, 0(0B) LOS objects, 50% free, 14MB/28MB, paused 2.008ms,15.298ms total 53.833ms
06-13 20:40:09.114   675   829 I HalDevMgr: bestIfaceCreationProposal is null, requestIface=STA, existingIface=[name=wlan0 type=STA]
06-13 20:40:09.117  1014  1172 D IpClient/wlan0: interfaceLinkStateChanged: ifindex 16 up
06-13 20:40:09.122  1014  1172 D IpClient/wlan0: interfaceLinkStateChanged: ifindex 16 up
06-13 20:40:09.186   528   557 W skia    : AGTM parsing failed flags.readFromStream(s) at 159
06-13 20:40:09.304   528   557 W skia    : AGTM parsing failed flags.readFromStream(s) at 159
06-13 20:40:09.420   528   557 W skia    : AGTM parsing failed flags.readFromStream(s) at 159
06-13 20:40:09.557   528   557 W skia    : AGTM parsing failed flags.readFromStream(s) at 159
06-13 20:40:09.658   528   557 W skia    : AGTM parsing failed flags.readFromStream(s) at 159
06-13 20:40:09.710 16113 16120 I ymous.x2ndbrain: NativeAlloc concurrent mark compact GC freed 2016KB AllocSpace bytes, 0(0B) LOS objects, 50% free, 14MB/28MB, paused 1.473ms,18.238ms total 74.731ms
06-13 20:40:09.788   528   557 W skia    : AGTM parsing failed flags.readFromStream(s) at 159
06-13 20:40:09.902   528   557 W skia    : AGTM parsing failed flags.readFromStream(s) at 159
06-13 20:40:10.041   528   557 W skia    : AGTM parsing failed flags.readFromStream(s) at 159
06-13 20:40:10.144   528   557 W skia    : AGTM parsing failed flags.readFromStream(s) at 159
06-13 20:40:10.254   528   557 W skia    : AGTM parsing failed flags.readFromStream(s) at 159
06-13 20:40:10.313 16113 16120 I ymous.x2ndbrain: NativeAlloc concurrent mark compact GC freed 1744KB AllocSpace bytes, 0(0B) LOS objects, 49% free, 14MB/28MB, paused 1.986ms,19.250ms total 83.374ms
06-13 20:40:10.420   528   557 W skia    : AGTM parsing failed flags.readFromStream(s) at 159
06-13 20:40:10.536   528   557 W skia    : AGTM parsing failed flags.readFromStream(s) at 159
06-13 20:40:10.673   528   557 W skia    : AGTM parsing failed flags.readFromStream(s) at 159
06-13 20:40:10.802   528   557 W skia    : AGTM parsing failed flags.readFromStream(s) at 159
06-13 20:40:10.919   528   557 W skia    : AGTM parsing failed flags.readFromStream(s) at 159
06-13 20:40:10.986 16113 16120 I ymous.x2ndbrain: NativeAlloc concurrent mark compact GC freed 1872KB AllocSpace bytes, 0(0B) LOS objects, 50% free, 14MB/28MB, paused 1.779ms,17.197ms total 85.021ms
