06-13 18:16:21.349   675  2012 D AccessibilityManagerService: restoreCurrentUserForTestAutomationIfNeededLocked(): ignoring because device doesn't support visible background users
06-13 18:16:21.349   675   675 W libbinder.IPCThreadState: Sending oneway calls to frozen process.
06-13 18:16:21.349  2590  2666 I AiAiEcho: Predicting[0]:  [CONTEXT sampling_count=5 ]
06-13 18:16:21.349   675   675 W libbinder.IPCThreadState: Sending oneway calls to frozen process.
06-13 18:16:21.349  2590  2666 I AiAiEcho: EchoTargets: 
06-13 18:16:21.349  2590  2666 I AiAiEcho: Filtered by AiAi flag check: 
06-13 18:16:21.349  2590  2666 I AiAiEcho: [CONTEXT ratelimit_period="10 SECONDS" ]
06-13 18:16:21.349   675   675 W libbinder.IPCThreadState: Sending oneway calls to frozen process.
06-13 18:16:21.350  7711  7720 W libbinder.IPCThreadState: call to talkWithDriver in joinThreadPool returned error: -9 (Bad file descriptor), FD: -1
06-13 18:16:21.350  7711  7721 W libbinder.IPCThreadState: call to talkWithDriver in joinThreadPool returned error: -9 (Bad file descriptor), FD: -1
06-13 18:16:21.350  2590  2666 I AiAiEcho: #remoteViewsTwiddler: feature disabled.
06-13 18:16:21.350  7711  7711 D AndroidRuntime: Shutting down VM
06-13 18:16:21.350  2590  2666 I AiAiEcho: Predicting[0]:  [CONTEXT sampling_count=5 ]
06-13 18:16:21.350  7711  7724 W libbinder.IPCThreadState: call to talkWithDriver in joinThreadPool returned error: -9 (Bad file descriptor), FD: -1
06-13 18:16:21.350  2590  2666 I AiAiEcho: EchoTargets: 
06-13 18:16:21.350  2590  2666 I AiAiEcho: Filtered by AiAi flag check: 
06-13 18:16:21.350  2590  2666 I AiAiEcho: [CONTEXT ratelimit_period="10 SECONDS" ]
06-13 18:16:21.350   675   675 W libbinder.IPCThreadState: Sending oneway calls to frozen process.
06-13 18:16:21.350   675   675 W libbinder.IPCThreadState: Sending oneway calls to frozen process.
06-13 18:16:21.350   675   675 W libbinder.IPCThreadState: Sending oneway calls to frozen process.
06-13 18:16:21.350   675   675 W libbinder.IPCThreadState: Sending oneway calls to frozen process.
06-13 18:16:21.353   675   675 W libbinder.IPCThreadState: Sending oneway calls to frozen process.
06-13 18:16:21.353   675   675 W libbinder.IPCThreadState: Sending oneway calls to frozen process.
06-13 18:16:21.353  2590  2666 I AiAiEcho: #remoteViewsTwiddler: feature disabled.
06-13 18:16:21.353  2590  2666 I AiAiEcho: Predicting[0]:  [CONTEXT sampling_count=5 ]
06-13 18:16:21.353  2590  2666 I AiAiEcho: EchoTargets: 
06-13 18:16:21.353  2590  2666 I AiAiEcho: Filtered by AiAi flag check: 
06-13 18:16:21.353  2590  2666 I AiAiEcho: [CONTEXT ratelimit_period="10 SECONDS" ]
06-13 18:16:21.353   675   675 D BatterySaverPolicy: accessibility changed to false, updating policy.
06-13 18:16:21.354  2590  2666 I AiAiEcho: #remoteViewsTwiddler: feature disabled.
06-13 18:16:21.355  2590  2666 I AiAiEcho: #postPredictionTargets: Sending updates to UISurface home with targets# 0 (types=[])
06-13 18:16:21.355  2590  2666 I AiAiEcho: #postPredictionTargets: Sending updates to UISurface ambientcue with targets# 0 (types=[])
06-13 18:16:21.356  2590  2666 I AiAiEcho: #postPredictionTargets: Sending updates to UISurface lockscreen with targets# 0 (types=[])
06-13 18:16:21.356   933  1145 I AmbientCueRepository: Receiving SmartSpace targets # 0
06-13 18:16:21.366   528   557 W skia    : AGTM parsing failed flags.readFromStream(s) at 159
06-13 18:16:21.366   528   557 W skia    : AGTM parsing failed flags.readFromStream(s) at 159
06-13 18:16:21.467   528   557 W skia    : AGTM parsing failed flags.readFromStream(s) at 159
06-13 18:16:21.467   528   557 W skia    : AGTM parsing failed flags.readFromStream(s) at 159
06-13 18:16:21.490   675   829 I HalDevMgr: bestIfaceCreationProposal is null, requestIface=STA, existingIface=[name=wlan0 type=STA]
06-13 18:16:21.493  1014  1172 D IpClient/wlan0: interfaceLinkStateChanged: ifindex 16 up
06-13 18:16:21.498  1014  1172 D IpClient/wlan0: interfaceLinkStateChanged: ifindex 16 up
06-13 18:16:21.583   528   557 W skia    : AGTM parsing failed flags.readFromStream(s) at 159
06-13 18:16:21.583   528   557 W skia    : AGTM parsing failed flags.readFromStream(s) at 159
06-13 18:16:22.081   528   557 W skia    : AGTM parsing failed flags.readFromStream(s) at 159
06-13 18:16:22.081   528   557 W skia    : AGTM parsing failed flags.readFromStream(s) at 159
06-13 18:16:22.581   528   557 W skia    : AGTM parsing failed flags.readFromStream(s) at 159
06-13 18:16:22.581   528   557 W skia    : AGTM parsing failed flags.readFromStream(s) at 159
06-13 18:16:22.926  1051  1196 D SatelliteController: isInCarrierRoamingNbIotNtn: satellite is disabled
06-13 18:16:22.926  1051  1196 D SatelliteController: getCarrierRoamingNtnConnectType: Checking connect type from PLMN config for subId: 1
06-13 18:16:22.927  1051  1196 D SatelliteController: getSatellitePerPlmnConfiguration: invalid subId or not supported via carrier.
06-13 18:16:22.927  1051  1196 D SatelliteController: getCarrierRoamingNtnConnectType: config: null
06-13 18:16:22.927  1051  1196 D SatelliteController: getCarrierRoamingNtnConnectType: Falling back to global carrier config connect type: 0
06-13 18:16:22.927  1051  1196 D SatelliteController: updateLastNotifiedCarrierRoamingNtnSignalStrengthAndNotify(1)
06-13 18:16:22.927  1051  1196 D SatelliteController: updateLastNotifiedCarrierRoamingNtnSignalStrengthAndNotify(1) lastNotifiedSignalStrength level: 0
06-13 18:16:22.927  1051  1196 D SatelliteController: updateLastNotifiedCarrierRoamingNtnSignalStrengthAndNotify(1) currSignalStrength level: 0
06-13 18:16:23.084   528   557 W skia    : AGTM parsing failed flags.readFromStream(s) at 159
06-13 18:16:23.084   528   557 W skia    : AGTM parsing failed flags.readFromStream(s) at 159
06-13 18:16:23.570   675   778 E system_server: Failed to open /proc/4915/fdinfo directory: No such file or directory
06-13 18:16:23.570   675   778 E system_server: Failed to read dmabuf fd references
06-13 18:16:23.581   528   557 W skia    : AGTM parsing failed flags.readFromStream(s) at 159
06-13 18:16:23.581   528   557 W skia    : AGTM parsing failed flags.readFromStream(s) at 159
06-13 18:16:24.086   528   557 W skia    : AGTM parsing failed flags.readFromStream(s) at 159
06-13 18:16:24.086   528   557 W skia    : AGTM parsing failed flags.readFromStream(s) at 159
06-13 18:16:24.497   675   859 I AdbWifiNetworkMonitor: Wi-Fi network available
06-13 18:16:24.497   675   859 I AdbWifiNetworkMonitor: Received the same Wi-Fi SSID. Ignoring.
06-13 18:16:24.498   675   829 I HalDevMgr: bestIfaceCreationProposal is null, requestIface=STA, existingIface=[name=wlan0 type=STA]
06-13 18:16:24.501  1216  1620 I NullBinder: NullBinder for android.net.action.RECOMMEND_NETWORKS triggering remote TransactionTooLargeException due to Service without Chimera impl, calling uid: 1000, calling pid: 0
06-13 18:16:24.502  1216  1620 W libbinder.Binder: Large reply transaction of 1056768 bytes, interface descriptor , function: UNKNOWN_FUNCTION_NAME, code: 1, flags: 17
06-13 18:16:24.504  1216  2452 I NearbyMediums: Wifi changed new SSID: "AndroidWifi"
06-13 18:16:24.504  1216  2452 I NearbyMediums: WifiLanConnectivityInfo is not changed, skip notify.
06-13 18:16:24.504   675   835 D ConnectivityService: NetReassign [no changes] [c 0] [a 2] [i 1]
06-13 18:16:24.582   528   557 W skia    : AGTM parsing failed flags.readFromStream(s) at 159
06-13 18:16:24.582   528   557 W skia    : AGTM parsing failed flags.readFromStream(s) at 159
06-13 18:16:25.081   528   557 W skia    : AGTM parsing failed flags.readFromStream(s) at 159
06-13 18:16:25.081   528   557 W skia    : AGTM parsing failed flags.readFromStream(s) at 159
06-13 18:16:25.582   528   557 W skia    : AGTM parsing failed flags.readFromStream(s) at 159
06-13 18:16:25.582   528   557 W skia    : AGTM parsing failed flags.readFromStream(s) at 159
06-13 18:16:26.082   528   557 W skia    : AGTM parsing failed flags.readFromStream(s) at 159
06-13 18:16:26.083   528   557 W skia    : AGTM parsing failed flags.readFromStream(s) at 159
06-13 18:16:26.459   918   918 I wpa_supplicant: wlan0: CTRL-EVENT-BEACON-LOSS 
06-13 18:16:26.582   528   557 W skia    : AGTM parsing failed flags.readFromStream(s) at 159
06-13 18:16:26.583   528   557 W skia    : AGTM parsing failed flags.readFromStream(s) at 159
06-13 18:16:27.084   528   557 W skia    : AGTM parsing failed flags.readFromStream(s) at 159
06-13 18:16:27.084   528   557 W skia    : AGTM parsing failed flags.readFromStream(s) at 159
06-13 18:16:27.504   675   859 I AdbWifiNetworkMonitor: Wi-Fi network available
06-13 18:16:27.504   675   859 I AdbWifiNetworkMonitor: Received the same Wi-Fi SSID. Ignoring.
06-13 18:16:27.509   675   829 I HalDevMgr: bestIfaceCreationProposal is null, requestIface=STA, existingIface=[name=wlan0 type=STA]
06-13 18:16:27.511   675   835 D ConnectivityService: NetReassign [no changes] [c 0] [a 1] [i 0]
06-13 18:16:27.511  1216  1620 I NullBinder: NullBinder for android.net.action.RECOMMEND_NETWORKS triggering remote TransactionTooLargeException due to Service without Chimera impl, calling uid: 1000, calling pid: 0
06-13 18:16:27.512  1216  1620 W libbinder.Binder: Large reply transaction of 1056768 bytes, interface descriptor , function: UNKNOWN_FUNCTION_NAME, code: 1, flags: 17
06-13 18:16:27.512  1216  2452 I NearbyMediums: Wifi changed new SSID: "AndroidWifi"
06-13 18:16:27.512  1216  2452 I NearbyMediums: WifiLanConnectivityInfo is not changed, skip notify.
06-13 18:16:27.514  1014  1172 D IpClient/wlan0: interfaceLinkStateChanged: ifindex 16 up
06-13 18:16:27.522  1014  1172 D IpClient/wlan0: interfaceLinkStateChanged: ifindex 16 up
06-13 18:16:27.582   528   557 W skia    : AGTM parsing failed flags.readFromStream(s) at 159
06-13 18:16:27.582   528   557 W skia    : AGTM parsing failed flags.readFromStream(s) at 159
06-13 18:16:28.083   528   557 W skia    : AGTM parsing failed flags.readFromStream(s) at 159
06-13 18:16:28.083   528   557 W skia    : AGTM parsing failed flags.readFromStream(s) at 159
06-13 18:16:28.583   528   557 W skia    : AGTM parsing failed flags.readFromStream(s) at 159
06-13 18:16:28.583   528   557 W skia    : AGTM parsing failed flags.readFromStream(s) at 159
06-13 18:16:29.084   528   557 W skia    : AGTM parsing failed flags.readFromStream(s) at 159
06-13 18:16:29.084   528   557 W skia    : AGTM parsing failed flags.readFromStream(s) at 159
06-13 18:16:29.209  2843  2843 I artd    : GetBestInfo: odex next to the dex file (/data/app/~~xCWSPSiTbGWeOlbbQ8WCfA==/com.google.android.gms-6V8MJOZtvQBtjnCwEeoqLQ==/oat/x86_64/base.odex) is kOatUpToDate with filter 'speed-profile' executable 'false'
06-13 18:16:29.211  2843  2843 I artd    : GetBestInfo: dm (/data/app/~~xCWSPSiTbGWeOlbbQ8WCfA==/com.google.android.gms-6V8MJOZtvQBtjnCwEeoqLQ==/split_AdsDynamite_installtime.dm) is kOatUpToDate with filter 'verify' executable 'false'
06-13 18:16:29.212  2843  2843 I artd    : GetBestInfo: odex next to the dex file (/data/app/~~xCWSPSiTbGWeOlbbQ8WCfA==/com.google.android.gms-6V8MJOZtvQBtjnCwEeoqLQ==/oat/x86_64/split_CronetDynamite_installtime.odex) is kOatUpToDate with filter 'speed-profile' executable 'false'
06-13 18:16:29.213  2843  2843 I artd    : GetBestInfo: dm (/data/app/~~xCWSPSiTbGWeOlbbQ8WCfA==/com.google.android.gms-6V8MJOZtvQBtjnCwEeoqLQ==/split_DynamiteLoader_installtime.dm) is kOatUpToDate with filter 'verify' executable 'false'
06-13 18:16:29.215  2843  2843 I artd    : GetBestInfo: dm (/data/app/~~xCWSPSiTbGWeOlbbQ8WCfA==/com.google.android.gms-6V8MJOZtvQBtjnCwEeoqLQ==/split_DynamiteModulesA_installtime.dm) is kOatUpToDate with filter 'verify' executable 'false'
06-13 18:16:29.216  2843  2843 I artd    : GetBestInfo: dm (/data/app/~~xCWSPSiTbGWeOlbbQ8WCfA==/com.google.android.gms-6V8MJOZtvQBtjnCwEeoqLQ==/split_DynamiteModulesC_installtime.dm) is kOatUpToDate with filter 'verify' executable 'false'
06-13 18:16:29.217  2843  2843 I artd    : GetBestInfo: dm (/data/app/~~xCWSPSiTbGWeOlbbQ8WCfA==/com.google.android.gms-6V8MJOZtvQBtjnCwEeoqLQ==/split_GoogleCertificates_installtime.dm) is kOatUpToDate with filter 'verify' executable 'false'
06-13 18:16:29.218  2843  2843 I artd    : GetBestInfo: dm (/data/app/~~xCWSPSiTbGWeOlbbQ8WCfA==/com.google.android.gms-6V8MJOZtvQBtjnCwEeoqLQ==/split_MapsDynamite_installtime.dm) is kOatUpToDate with filter 'verify' executable 'false'
06-13 18:16:29.219  2843  2843 I artd    : GetBestInfo: dm (/data/app/~~xCWSPSiTbGWeOlbbQ8WCfA==/com.google.android.gms-6V8MJOZtvQBtjnCwEeoqLQ==/split_MeasurementDynamite_installtime.dm) is kOatUpToDate with filter 'verify' executable 'false'
06-13 18:16:29.220  2843  2843 I artd    : GetBestInfo: dm (/data/app/~~xCWSPSiTbGWeOlbbQ8WCfA==/com.google.android.gms-6V8MJOZtvQBtjnCwEeoqLQ==/split_all_locale_splits.dm) is kOatUpToDate with filter 'verify' executable 'false'
06-13 18:16:29.221  2843  2843 I artd    : GetBestInfo: /data/user_de/0/com.google.android.gms/app_chimera/m/00000001/CronetDynamite.apk has no usable artifacts
06-13 18:16:29.222  2843  2843 I artd    : GetBestInfo: /data/user_de/0/com.google.android.gms/app_chimera/m/00000011/dl-VisionOcr.optional_262031100000.apk has no usable artifacts
06-13 18:16:29.222  2843  2843 I artd    : GetBestInfo: /data/user_de/0/com.google.android.gms/app_chimera/m/00000002/DynamiteLoader.apk has no usable artifacts
06-13 18:16:29.223  2843  2843 I artd    : GetBestInfo: /data/user_de/0/com.google.android.gms/app_chimera/m/0000000e/dl-MlkitBarcodeUi.optional_260235100800.apk has no usable artifacts
06-13 18:16:29.224  2843  2843 I artd    : GetBestInfo: /data/user_de/0/com.google.android.gms/app_chimera/m/00000005/GoogleCertificates.apk has no usable artifacts
06-13 18:16:29.225  2843  2843 I artd    : GetBestInfo: /data/user_de/0/com.google.android.gms/app_chimera/m/00000014/dl-TfliteDynamiteDynamite.integ_252130102100800.apk has no usable artifacts
06-13 18:16:29.227  2843  2843 I artd    : GetBestInfo: /data/user_de/0/com.google.android.gms/app_chimera/m/00000010/dl-PlayCloudSearch.optional_260235100000.apk has no usable artifacts
06-13 18:16:29.228  2843  2843 I artd    : GetBestInfo: /data/user_de/0/com.google.android.gms/app_chimera/m/0000000a/dl-MlkitOcrCommon.optional_260235100800.apk has no usable artifacts
06-13 18:16:29.229  2843  2843 I artd    : GetBestInfo: /data/user_de/0/com.google.android.gms/app_chimera/m/00000013/dl-Appsearch.optional_262031100800.apk has no usable artifacts
06-13 18:16:29.230  2843  2843 I artd    : GetBestInfo: /data/user_de/0/com.google.android.gms/app_chimera/m/00000008/dl-VisionOcr.optional_260235100000.apk has no usable artifacts
06-13 18:16:29.231  2843  2843 I artd    : GetBestInfo: /data/user_de/0/com.google.android.gms/app_chimera/m/00000016/dl-MlkitOcrCommon.optional_262031100800.apk has no usable artifacts
06-13 18:16:29.232  2843  2843 I artd    : GetBestInfo: /data/user_de/0/com.google.android.gms/app_chimera/m/0000000b/dl-Appsearch.optional_260235100800.apk has no usable artifacts
06-13 18:16:29.234  2843  2843 I artd    : GetBestInfo: vdex next to the dex file (/data/user/0/com.google.android.gms/app_dg_cache/1C62BDE86218FBAA50DF06C4A79F5C3FE74B69EC/oat/x86_64/the.vdex) is kOatUpToDate with filter 'verify' executable 'false'
06-13 18:16:29.235  2843  2843 I artd    : GetBestInfo: /data/user_de/0/com.google.android.gms/app_chimera/m/00000012/dl-PlayCloudSearch.optional_262031100000.apk has no usable artifacts
06-13 18:16:29.236  2843  2843 I artd    : GetBestInfo: /data/user_de/0/com.google.android.gms/app_chimera/m/00000015/dl-MlkitBarcodeUi.optional_262031100800.apk has no usable artifacts
06-13 18:16:29.237  2843  2843 I artd    : GetBestInfo: /data/user_de/0/com.google.android.gms/app_chimera/m/00000007/MeasurementDynamite.apk has no usable artifacts
06-13 18:16:29.238  2843  2843 I artd    : GetBestInfo: /data/user_de/0/com.google.android.gms/app_chimera/m/00000019/dl-IdentityCredentialsPlatform.optional_262031100800.apk has no usable artifacts
06-13 18:16:29.601   528   557 W skia    : AGTM parsing failed flags.readFromStream(s) at 159
06-13 18:16:29.601   528   557 W skia    : AGTM parsing failed flags.readFromStream(s) at 159
06-13 18:16:30.098   528   557 W skia    : AGTM parsing failed flags.readFromStream(s) at 159
06-13 18:16:30.098   528   557 W skia    : AGTM parsing failed flags.readFromStream(s) at 159
06-13 18:16:30.516   675   829 I HalDevMgr: bestIfaceCreationProposal is null, requestIface=STA, existingIface=[name=wlan0 type=STA]
06-13 18:16:30.577   675   778 E system_server: Failed to open /proc/5382/fdinfo directory: No such file or directory
06-13 18:16:30.577   675   778 E system_server: Failed to read dmabuf fd references
06-13 18:16:30.601   528   557 W skia    : AGTM parsing failed flags.readFromStream(s) at 159
06-13 18:16:30.601   528   557 W skia    : AGTM parsing failed flags.readFromStream(s) at 159
06-13 18:16:31.100   528   557 W skia    : AGTM parsing failed flags.readFromStream(s) at 159
06-13 18:16:31.100   528   557 W skia    : AGTM parsing failed flags.readFromStream(s) at 159
06-13 18:16:31.600   528   557 W skia    : AGTM parsing failed flags.readFromStream(s) at 159
06-13 18:16:31.600   528   557 W skia    : AGTM parsing failed flags.readFromStream(s) at 159
06-13 18:16:32.098   528   557 W skia    : AGTM parsing failed flags.readFromStream(s) at 159
06-13 18:16:32.098   528   557 W skia    : AGTM parsing failed flags.readFromStream(s) at 159
06-13 18:16:32.599   528   557 W skia    : AGTM parsing failed flags.readFromStream(s) at 159
06-13 18:16:32.599   528   557 W skia    : AGTM parsing failed flags.readFromStream(s) at 159
06-13 18:16:32.632   675   778 E system_server: Failed to open /proc/5452/fdinfo directory: No such file or directory
06-13 18:16:32.632   675   778 E system_server: Failed to read dmabuf fd references
06-13 18:16:32.639   675   778 E system_server: Failed to open /proc/5422/fdinfo directory: No such file or directory
06-13 18:16:32.639   675   778 E system_server: Failed to read dmabuf fd references
06-13 18:16:32.926  1051  1196 D SatelliteController: isInCarrierRoamingNbIotNtn: satellite is disabled
06-13 18:16:32.926  1051  1196 D SatelliteController: getCarrierRoamingNtnConnectType: Checking connect type from PLMN config for subId: 1
06-13 18:16:32.926  1051  1196 D SatelliteController: getSatellitePerPlmnConfiguration: invalid subId or not supported via carrier.
06-13 18:16:32.926  1051  1196 D SatelliteController: getCarrierRoamingNtnConnectType: config: null
06-13 18:16:32.926  1051  1196 D SatelliteController: getCarrierRoamingNtnConnectType: Falling back to global carrier config connect type: 0
06-13 18:16:32.926  1051  1196 D SatelliteController: updateLastNotifiedCarrierRoamingNtnSignalStrengthAndNotify(1)
06-13 18:16:32.926  1051  1196 D SatelliteController: updateLastNotifiedCarrierRoamingNtnSignalStrengthAndNotify(1) lastNotifiedSignalStrength level: 0
06-13 18:16:32.926  1051  1196 D SatelliteController: updateLastNotifiedCarrierRoamingNtnSignalStrengthAndNotify(1) currSignalStrength level: 0
06-13 18:16:33.101   528   557 W skia    : AGTM parsing failed flags.readFromStream(s) at 159
06-13 18:16:33.102   528   557 W skia    : AGTM parsing failed flags.readFromStream(s) at 159
06-13 18:16:33.526   675   829 I HalDevMgr: bestIfaceCreationProposal is null, requestIface=STA, existingIface=[name=wlan0 type=STA]
06-13 18:16:33.528  1014  1172 D IpClient/wlan0: interfaceLinkStateChanged: ifindex 16 up
06-13 18:16:33.533  1014  1172 D IpClient/wlan0: interfaceLinkStateChanged: ifindex 16 up
06-13 18:16:33.599   528   557 W skia    : AGTM parsing failed flags.readFromStream(s) at 159
06-13 18:16:33.599   528   557 W skia    : AGTM parsing failed flags.readFromStream(s) at 159
06-13 18:16:34.099   528   557 W skia    : AGTM parsing failed flags.readFromStream(s) at 159
06-13 18:16:34.099   528   557 W skia    : AGTM parsing failed flags.readFromStream(s) at 159
06-13 18:16:34.395   918   918 I wpa_supplicant: wlan0: CTRL-EVENT-BEACON-LOSS 
