--------- beginning of main
06-13 18:14:41.393  4874  7140 I Auth    : (REDACTED) [SupervisedAccountIntentOperation] onHandleIntent: %s
06-13 18:14:41.405  4874  7165 W AppInstallOperation: FDL Migration::InstallIntentOperation by FDL Module [CONTEXT service_id=77 ]
06-13 18:14:41.408  4874  7166 I FraudProtectUtils: (REDACTED) Latest bank app list size: %d, %s isBankApp: %b
06-13 18:14:41.408  4874  7166 I PackageInstalledIntentO: (REDACTED) Package %s is not a bank app. Skipping updates.
06-13 18:14:41.424  5724  5724 I Endpoint: Created gRPC endpoint for service class com.google.frameworks.client.data.android.server.play.BackgroundProcessEndpointService
06-13 18:14:41.433  1066  1066 D RecentTasksList: invalidateLoadedTasks - previous requestLoadId: -1
--------- beginning of system
06-13 18:14:41.443   675   693 V WindowManager: Sent Transition (#34) createdAt=06-13 18:14:41.209 via request=TransitionRequestInfo { type = OPEN, triggerTask = TaskInfo{userId=0 taskId=17 effectiveUid=10229 displayId=0 isRunning=true baseIntent=Intent { act=android.intent.action.VIEW dat=secondbrain://expo-development-client/... flg=0x10000000 cmp=com.anonymous.x2ndbrain/.MainActivity } baseActivity=ComponentInfo{com.anonymous.x2ndbrain/com.anonymous.x2ndbrain.MainActivity} topActivity=ComponentInfo{com.anonymous.x2ndbrain/com.anonymous.x2ndbrain.MainActivity} origActivity=null realActivity=ComponentInfo{com.anonymous.x2ndbrain/com.anonymous.x2ndbrain.MainActivity} realActivityIsAppLockEnabled=false numActivities=1 lastActiveTime=749786 supportsMultiWindow=true supportsMultiWindowWithoutConstraints=true resizeMode=1 isResizeable=true minWidth=-1 minHeight=-1 defaultMinSize=220 token=WCT{RemoteToken{8ad99cf Task{f693a6c #17 type=standard A=10229:com.anonymous.x2ndbrain}}} topActivityType=1 pictureInPictureParams=null shouldDockBigOverlays=false launchIntoPipHostTaskId=-1 lastParentTaskIdBeforePip=-1 displayCutoutSafeInsets=Rect(0, 159 - 0, 0) topActivityInfo=ActivityInfo{be1bf5c com.anonymous.x2ndbrain.MainActivity} launchCookies=[] positionInParent=Point(0, 0) parentTaskId=-1 isFocused=false isInteractive=false isVisible=false isVisibleRequested=false isTopActivityNoDisplay=false isSleeping=false locusId=null displayAreaFeatureId=1 isTopActivityTransparent=false isActivityStackTransparent=false lastNonFullscreenBounds=null leafTaskBoundsFromOptions= false capturedLink=null capturedLinkTimestamp=0 requestedVisibleTypes=503 topActivityRequestOpenInBrowserEducationTimestamp=0 appCompatTaskInfo=AppCompatTaskInfo { topActivityInSizeCompat=false isLeafTask= true eligibleForLetterboxEducation= false isLetterboxEducationEnabled= true isLetterboxDoubleTapEnabled= false eligibleForUserAspectRatioButton= false topActivityBoundsLetterboxed= false isFromLetterboxDoubleTap= false topActivityLetterboxVerticalPosition= -1 topActivityLetterboxHorizontalPosition= -1 topActivityLetterboxWidth=-1 topActivityLetterboxHeight=-1 topActivityAppBounds=Rect(0, 0 - 1344, 2992) isUserFullscreenOverrideEnabled=false isSystemFullscreenOverrideEnabled=false hasMinAspectRatioOverride=false topActivityLetterboxBounds=null topNonResizableActivityAspectRatio=-1.0} topActivityMainWindowFrame=null isAppBubble=false}, pipChange = null, remoteTransitionInfo = null, displayChange = null, requestedLocation = null, userChange = null, windowingLayerChange = null, fullscreenRequestChange = null, flags = 0, debugId = 34 }
06-13 18:14:41.443   675   693 V WindowManager:     startWCT=WindowContainerTransaction { changes= {} hops= [] flags= 0 errorCallbackToken=null taskFragmentOrganizer=null }
06-13 18:14:41.443   675   693 V WindowManager:     info={id=34 t=OPEN f=0x0 trk=0 r=[0@Point(0, 0)] c=[
06-13 18:14:41.443   675   693 V WindowManager:         {WCT{RemoteToken{8ad99cf Task{f693a6c #17 type=standard A=10229:com.anonymous.x2ndbrain}}} m=OPEN f=MOVE_TO_TOP leash=Surface(name=Task=17#333)/@0x93274a9 sb=Rect(0, 0 - 1344, 2992) eb=Rect(0, 0 - 1344, 2992) epz=Point(1344, 2992) d=0 taskParent=-1 winMode=1 userId=0},
06-13 18:14:41.443   675   693 V WindowManager:         {WCT{RemoteToken{3594254 Task{b1736e8 #1 type=home}}} m=TO_BACK f=SHOW_WALLPAPER leash=Surface(name=Task=1#34)/@0xee71fcb sb=Rect(0, 0 - 1344, 2992) eb=Rect(0, 0 - 1344, 2992) epz=Point(1344, 2992) d=0 taskParent=-1 winMode=1 userId=0},
06-13 18:14:41.443   675   693 V WindowManager:         {m=TO_BACK f=IS_WALLPAPER leash=Surface(name=WallpaperWindowToken{b6101c5}#53)/@0xb898a9a sb=Rect(0, 0 - 1344, 2992) eb=Rect(0, 0 - 1344, 2992) epz=Point(1344, 2992) d=0}
06-13 18:14:41.443   675   693 V WindowManager:     ]}
06-13 18:14:41.460   675  2008 V SafetySourceDataValidat: Package: com.android.vending has expected signature
06-13 18:14:41.465   933  1003 V ShellTaskOrganizer: Task appeared taskId=17 listener=FullscreenTaskListener
06-13 18:14:41.465   933  1003 V ShellTaskOrganizer: Fullscreen Task Appeared: #17
06-13 18:14:41.465   933  1003 V RecentTasksController: Notify recent tasks changed
06-13 18:14:41.465   933  1394 V WindowManagerShell: onTransitionReady(transaction=2899102928325)
06-13 18:14:41.466   933  1003 V WindowManagerShell: onTransitionReady (#34) android.os.BinderProxy@409818a: {id=34 t=OPEN f=0x0 trk=0 r=[0@Point(0, 0)] c=[
06-13 18:14:41.466   933  1003 V WindowManagerShell:         {m=OPEN f=MOVE_TO_TOP leash=Surface(name=Task=17#333)/@0x1a05706 sb=Rect(0, 0 - 1344, 2992) eb=Rect(0, 0 - 1344, 2992) epz=Point(1344, 2992) d=0 taskParent=-1 winMode=1 userId=0},
06-13 18:14:41.466   933  1003 V WindowManagerShell:         {m=TO_BACK f=SHOW_WALLPAPER leash=Surface(name=Task=1#34)/@0x6d11c7 sb=Rect(0, 0 - 1344, 2992) eb=Rect(0, 0 - 1344, 2992) epz=Point(1344, 2992) d=0 taskParent=-1 winMode=1 userId=0},
06-13 18:14:41.466   933  1003 V WindowManagerShell:         {m=TO_BACK f=IS_WALLPAPER leash=Surface(name=WallpaperWindowToken{b6101c5}#53)/@0xc563f4 sb=Rect(0, 0 - 1344, 2992) eb=Rect(0, 0 - 1344, 2992) epz=Point(1344, 2992) d=0}
06-13 18:14:41.466   933  1003 V WindowManagerShell:     ]}
06-13 18:14:41.466   933  1003 V WindowManagerShell: Playing animation for (#34) android.os.BinderProxy@409818a@0
06-13 18:14:41.466   933  1003 D ShellSplitScreen: startAnimation: transition=34 isSplitActive=false
06-13 18:14:41.466   933  1003 V ShellRecents: RecentsTransitionHandler.startAnimation: no controller found
06-13 18:14:41.466   933  1003 V ShellDesktopMode: DesktopMixedTransitionHandler: No pending desktop transition
06-13 18:14:41.467   933  1003 V WindowManagerShell: Transition doesn't have explicit remote, search filters for match for {id=34 t=OPEN f=0x0 trk=0 r=[0@Point(0, 0)] c=[{m=OPEN f=MOVE_TO_TOP leash=Surface(name=Task=17#333)/@0x1a05706 sb=Rect(0, 0 - 1344, 2992) eb=Rect(0, 0 - 1344, 2992) epz=Point(1344, 2992) d=0 taskParent=-1 winMode=1 userId=0},{m=TO_BACK f=SHOW_WALLPAPER leash=Surface(name=Task=1#34)/@0x6d11c7 sb=Rect(0, 0 - 1344, 2992) eb=Rect(0, 0 - 1344, 2992) epz=Point(1344, 2992) d=0 taskParent=-1 winMode=1 userId=0},{m=TO_BACK f=IS_WALLPAPER leash=Surface(name=WallpaperWindowToken{b6101c5}#53)/@0xc563f4 sb=Rect(0, 0 - 1344, 2992) eb=Rect(0, 0 - 1344, 2992) epz=Point(1344, 2992) d=0}]}
06-13 18:14:41.467   933  1003 V WindowManagerShell:  Checking filter Pair{{types=[] flags=0x0 notFlags=0x0 checks=[{atype=undefined independent=true modes=[CLOSE,TO_BACK] flags=IN_TASK_WITH_EMBEDDED_ACTIVITY mustBeTask=false order=ANY topActivity=null launchCookie=null taskFragmentToken=android.os.BinderProxy@34b554a windowingMode=undefined isCrossDisplayMove=false}]} RemoteTransition { remoteTransition = android.window.IRemoteTransition$Stub$Proxy@c4c0cbb, appThread = android.app.IApplicationThread$Stub$Proxy@be495d8, debugName = overlayBackTransition, filter = {types=[] flags=0x0 notFlags=0x0 checks=[{atype=undefined independent=true modes=[CLOSE,TO_BACK] flags=IN_TASK_WITH_EMBEDDED_ACTIVITY mustBeTask=false order=ANY topActivity=null launchCookie=null taskFragmentToken=android.os.BinderProxy@34b554a windowingMode=undefined isCrossDisplayMove=false}]} }}
06-13 18:14:41.467   933  1003 V WindowManagerShell:  Checking filter Pair{{types=[] flags=0x0 notFlags=0x0 checks=[{atype=dream independent=true modes=[OPEN,TO_FRONT] flags=NONE mustBeTask=false order=ANY topActivity=null launchCookie=null windowingMode=undefined isCrossDisplayMove=false},{atype=home independent=true modes=[CLOSE,TO_BACK] flags=NONE mustBeTask=false order=ANY topActivity=null launchCookie=null windowingMode=undefined isCrossDisplayMove=false}]} RemoteTransition { remoteTransition = android.window.IRemoteTransition$Stub$Proxy@30bcd31, appThread = android.app.IApplicationThread$Stub$Proxy@9717c16, debugName = LauncherToDream, filter = {types=[] flags=0x0 notFlags=0x0 checks=[{atype=dream independent=true modes=[OPEN,TO_FRONT] flags=NONE mustBeTask=false order=ANY topActivity=null launchCookie=null windowingMode=undefined isCrossDisplayMove=false},{atype=home independent=true modes=[CLOSE,TO_BACK] flags=NONE mustBeTask=false order=ANY topActivity=null launchCookie=null windowingMode=undefined isCrossDisplayMove=false}]} }}
06-13 18:14:41.467   933  1003 V WindowManagerShell:  Checking filter Pair{{types=[] flags=0x0 notFlags=0x0 checks=[{atype=standard independent=false modes=[CHANGE] flags=NONE mustBeTask=true order=ANY topActivity=null launchCookie=null windowingMode=undefined isCrossDisplayMove=true}]} RemoteTransition { remoteTransition = android.window.IRemoteTransition$Stub$Proxy@824b997, appThread = android.app.IApplicationThread$Stub$Proxy@9f93784, debugName = QuickstepDisplayMove, filter = {types=[] flags=0x0 notFlags=0x0 checks=[{atype=standard independent=false modes=[CHANGE] flags=NONE mustBeTask=true order=ANY topActivity=null launchCookie=null windowingMode=undefined isCrossDisplayMove=true}]} }}
06-13 18:14:41.468   933  1003 V WindowManagerShell:  Checking filter Pair{{types=[] flags=0x0 notFlags=0x100 checks=[{atype=home independent=true modes=[OPEN,TO_FRONT] flags=NONE mustBeTask=false order=ANY topActivity=ComponentInfo{com.google.android.apps.nexuslauncher/com.google.android.apps.nexuslauncher.NexusLauncherActivity} launchCookie=null windowingMode=undefined isCrossDisplayMove=false},{atype=standard independent=true modes=[CLOSE,TO_BACK] flags=NONE mustBeTask=false order=ANY topActivity=null launchCookie=null windowingMode=undefined isCrossDisplayMove=false},{NOT atype=undefined independent=true modes=[] flags=NONE mustBeTask=true order=ANY topActivity=null launchCookie=null customAnim=true windowingMode=undefined isCrossDisplayMove=false}]} RemoteTransition { remoteTransition = android.window.IRemoteTransition$Stub$Proxy@21f0b6d, appThread = android.app.IApplicationThread$Stub$Proxy@143a2, debugName = QuickstepLaunchHome, filter = {types=[] flags=0x0 notFlags=0x100 checks=[{atype=home independent=true modes=[OPEN,TO_FRONT] flags=NONE mustBeTask=false order=ANY topActivity=ComponentInfo{com.google.android.apps.nexuslauncher/com.google.android.apps.nexuslauncher.NexusLauncherActivity} launchCookie=null windowingMode=undefined isCrossDisplayMove=false},{atype=standard independent=true modes=[CLOSE,TO_BACK] flags=NONE mustBeTask=false order=ANY topActivity=null launchCookie=null windowingMode=undefined isCrossDisplayMove=false},{NOT atype=undefined independent=true modes=[] flags=NONE mustBeTask=true order=ANY topActivity=null launchCookie=null customAnim=true windowingMode=undefined isCrossDisplayMove=false}]} }}
06-13 18:14:41.468   933  1003 V WindowManagerShell:  Checking filter Pair{{types=[OPEN,TO_FRONT] flags=0x0 notFlags=0x0 checks=[{atype=standard independent=true modes=[OPEN,TO_FRONT] flags=NONE mustBeTask=true order=ANY topActivity=null launchCookie=null windowingMode=freeform isCrossDisplayMove=false}]} RemoteTransition { remoteTransition = android.window.IRemoteTransition$Stub$Proxy@4fb76a5, appThread = null, debugName = DesktopWindowLimitUnminimize, filter = {types=[OPEN,TO_FRONT] flags=0x0 notFlags=0x0 checks=[{atype=standard independent=true modes=[OPEN,TO_FRONT] flags=NONE mustBeTask=true order=ANY topActivity=null launchCookie=null windowingMode=freeform isCrossDisplayMove=false}]} }}
06-13 18:14:41.468   933  1003 V WindowManagerShell:  Delegate animation for (#34) to null
06-13 18:14:41.468   933  1003 V WindowManagerShell: start default transition animation, info = {id=34 t=OPEN f=0x0 trk=0 r=[0@Point(0, 0)] c=[{m=OPEN f=MOVE_TO_TOP leash=Surface(name=Task=17#333)/@0x1a05706 sb=Rect(0, 0 - 1344, 2992) eb=Rect(0, 0 - 1344, 2992) epz=Point(1344, 2992) d=0 taskParent=-1 winMode=1 userId=0},{m=TO_BACK f=SHOW_WALLPAPER leash=Surface(name=Task=1#34)/@0x6d11c7 sb=Rect(0, 0 - 1344, 2992) eb=Rect(0, 0 - 1344, 2992) epz=Point(1344, 2992) d=0 taskParent=-1 winMode=1 userId=0},{m=TO_BACK f=IS_WALLPAPER leash=Surface(name=WallpaperWindowToken{b6101c5}#53)/@0xc563f4 sb=Rect(0, 0 - 1344, 2992) eb=Rect(0, 0 - 1344, 2992) epz=Point(1344, 2992) d=0}]}
06-13 18:14:41.468   933  1003 V WindowManagerShell: loadAnimation: anim=android.view.animation.AnimationSet@b5add92 animAttr=0x13 type=OPEN isEntrance=false
06-13 18:14:41.468   933  1003 V WindowManagerShell: loadAnimation: anim=android.view.animation.AnimationSet@61f0363 animAttr=0x12 type=OPEN isEntrance=true
06-13 18:14:41.469   933  1003 V WindowManagerShell:  animated by com.android.wm.shell.transition.DefaultTransitionHandler@dec2fb4
06-13 18:14:41.503  4874  7140 I NearbyDiscovery: (REDACTED) processGrantSlicePermission: %s
06-13 18:14:41.508  4874  4891 I GmscoreIpa: (REDACTED) Using %s flags by method %d
06-13 18:14:41.514  4874  7282 W SQLiteLog: (28) double-quoted string literal: "com.anonymous.x2ndbrain"
06-13 18:14:41.522  1066  1066 D RecentTasksList: invalidateLoadedTasks - previous requestLoadId: -1
06-13 18:14:41.641  7123  7293 I Finsky  : [95] SM: There are no stale sessions to be pruned
06-13 18:14:41.644   675   902 W ActivityManager: Skipping manifest association check for null package. SourceUid: 10215, SourcePkg: null, TargetUid: 10215, TargetPkg: com.google.android.gms
06-13 18:14:41.651  7123  7123 I Finsky  : [2] Connecting InstallListener to SplitInstallService broadcaster...
06-13 18:14:41.667  4874  5023 I Icing   : IndexChimeraService.getServiceInterface callingPackage=com.google.android.gms componentName=AppsCorpus serviceId=36
06-13 18:14:41.679  4874  4874 D BoundBrokerSvc: onBind: Intent { act=com.google.android.gms.feedback.internal.IFeedbackService dat=chimera-action:/... xflg=0x4 cmp=com.google.android.gms/.chimera.GmsBoundBrokerService }
06-13 18:14:41.679  4874  4874 D BoundBrokerSvc: Loading bound service for intent: Intent { act=com.google.android.gms.feedback.internal.IFeedbackService dat=chimera-action:/... xflg=0x4 cmp=com.google.android.gms/.chimera.GmsBoundBrokerService }
06-13 18:14:41.683   528   557 W skia    : AGTM parsing failed flags.readFromStream(s) at 159
06-13 18:14:41.683   528   557 W skia    : AGTM parsing failed flags.readFromStream(s) at 159
06-13 18:14:41.768  4874  6256 I Icing   : IndexChimeraService.getServiceInterface callingPackage=com.google.android.gms componentName=null serviceId=30
06-13 18:14:41.789   933  1003 V WindowManagerShell: Transition animation finished (aborted=false), notifying core (#34) android.os.BinderProxy@409818a@0
06-13 18:14:41.791   675   693 V WindowManager: Finish Transition (#34): created at 06-13 18:14:41.209 collect-started=0.058ms request-sent=31.585ms started=33.862ms ready=67.925ms sent=229.867ms commit=32.701ms finished=581.379ms
06-13 18:14:41.792  1066  1066 D VRI[NexusLauncherActivity]: visibilityChanged oldVisibility=true newVisibility=false
06-13 18:14:41.793  4874  4906 I Icing   : Usage reports ok 1, Failed Usage reports 0, indexed 0, rejected 0
06-13 18:14:41.793   933  1003 V WindowManagerShell: Track 0 became idle
06-13 18:14:41.793   933  1003 V WindowManagerShell: All active transition animations finished
06-13 18:14:41.801   933  1284 D WallpaperService: onVisibilityChanged(false): com.android.systemui.wallpapers.ImageWallpaper$CanvasEngine@c64183a
06-13 18:14:41.805  1066  1066 D SmartspaceInteractor: notifySmartspaceEvent: SmartspaceTargetEvent{mSmartspaceTarget=null, mSmartspaceActionId='null', mEventType=7}
06-13 18:14:41.884   528   557 W skia    : AGTM parsing failed flags.readFromStream(s) at 159
06-13 18:14:41.927  4874  4906 I Icing   : Usage reports ok 0, Failed Usage reports 0, indexed 0, rejected 0
06-13 18:14:41.976  4874  4906 I Icing   : Indexing com.google.android.gms-apps from com.google.android.gms
06-13 18:14:42.036  4874  4906 I Icing   : Indexing done com.google.android.gms-apps
06-13 18:14:42.042   675  1970 W ActivityManager: Skipping manifest association check for null package. SourceUid: 10215, SourcePkg: null, TargetUid: 10215, TargetPkg: com.google.android.gms
06-13 18:14:42.051  7205  7205 D nativeloader: Configuring clns-9 for other apk /data/app/~~tOyPtkARD2XerTvaZ8WMRg==/com.anonymous.x2ndbrain-zzLsgOmsGNkYxBAZPxNwtA==/base.apk. target_sdk_version=36, uses_libraries=, library_path=/data/app/~~tOyPtkARD2XerTvaZ8WMRg==/com.anonymous.x2ndbrain-zzLsgOmsGNkYxBAZPxNwtA==/lib/x86_64:/data/app/~~tOyPtkARD2XerTvaZ8WMRg==/com.anonymous.x2ndbrain-zzLsgOmsGNkYxBAZPxNwtA==/base.apk!/lib/x86_64, permitted_path=/data:/mnt/expand:/data/user/0/com.anonymous.x2ndbrain
06-13 18:14:42.064  7097  7131 W libbinder.Binder: Binder transaction to android.content.IContentProvider, function: UNKNOWN_FUNCTION_NAME, code: 21, took 1633ms. Data bytes: 488 Reply bytes: 440 Flags: 18
06-13 18:14:42.067  7205  7205 V GraphicsEnvironment: Currently set values for:
06-13 18:14:42.067  7205  7205 V GraphicsEnvironment:   angle_gl_driver_selection_pkgs=[]
06-13 18:14:42.067  7205  7205 V GraphicsEnvironment:   angle_gl_driver_selection_values=[]
06-13 18:14:42.067  7205  7205 V GraphicsEnvironment: com.anonymous.x2ndbrain is not listed in per-application setting
06-13 18:14:42.068  7205  7205 V GraphicsEnvironment: No special selections for ANGLE, returning default driver choice
06-13 18:14:42.069  7205  7205 V GraphicsEnvironment: Neither updatable production driver nor prerelease driver is supported.
06-13 18:14:42.105   675   829 I HalDevMgr: bestIfaceCreationProposal is null, requestIface=STA, existingIface=[name=wlan0 type=STA]
06-13 18:14:42.114  7205  7205 W FirebaseApp: Default FirebaseApp failed to initialize because no default options were found. This usually means that com.google.gms:google-services was not applied to your gradle project.
06-13 18:14:42.114  7205  7205 I FirebaseInitProvider: FirebaseApp initialization unsuccessful
06-13 18:14:42.122  1014  1172 D IpClient/wlan0: interfaceLinkStateChanged: ifindex 16 up
06-13 18:14:42.127  1014  1172 D IpClient/wlan0: interfaceLinkStateChanged: ifindex 16 up
06-13 18:14:42.192  7205  7205 D DesktopExperienceFlags: Toggle override initialized to: false
06-13 18:14:42.215  7205  7205 W SoLoader: Initializing SoLoader: 0
06-13 18:14:42.221  7205  7205 W SoLoader: Recording new base apk path: /data/app/~~tOyPtkARD2XerTvaZ8WMRg==/com.anonymous.x2ndbrain-zzLsgOmsGNkYxBAZPxNwtA==/base.apk
06-13 18:14:42.221  7205  7205 W SoLoader: Previously recorded 0 base apk paths.
06-13 18:14:42.227  7205  7205 I SoLoader: Preparing SO source: DirectorySoSource[root = /vendor/lib64 flags = 2]
06-13 18:14:42.227  7205  7205 I SoLoader: Preparing SO source: DirectorySoSource[root = /system/lib64 flags = 2]
06-13 18:14:42.227  7205  7205 I SoLoader: Preparing SO source: DirectApkSoSource[root = [/data/app/~~tOyPtkARD2XerTvaZ8WMRg==/com.anonymous.x2ndbrain-zzLsgOmsGNkYxBAZPxNwtA==/base.apk!/lib/x86_64]]
06-13 18:14:42.308  7205  7205 I SoLoader: Preparing SO source: ApplicationSoSource[DirectorySoSource[root = /data/app/~~tOyPtkARD2XerTvaZ8WMRg==/com.anonymous.x2ndbrain-zzLsgOmsGNkYxBAZPxNwtA==/lib/x86_64 flags = 0]]
06-13 18:14:42.308  7205  7205 I SoLoader: init finish: 4 SO sources prepared
06-13 18:14:42.309  7205  7205 W SoLoader: SoLoader initialized: 8
06-13 18:14:42.311  7298  7298 W libbinder.BackendUnifiedServiceManager: Thread Pool max thread count is 0. Cannot cache binder as linkToDeath cannot be implemented. serviceName: SurfaceFlingerAIDL
06-13 18:14:42.312  7298  7298 W libbinder.BpBinder: Linking to death on android.gui.ISurfaceComposer but there are no threads (yet?) listening to incoming transactions. See ProcessState::startThreadPool and ProcessState::setThreadPoolMaxThreadCount. Generally you should setup the binder threadpool before other initialization steps.
06-13 18:14:42.312  7298  7298 W libbinder.ProcessState: Extra binder thread started, but 0 threads requested. Do not use *startThreadPool when zero threads are requested.
06-13 18:14:42.359   528   557 W skia    : AGTM parsing failed flags.readFromStream(s) at 159
06-13 18:14:42.359   528   557 W skia    : AGTM parsing failed flags.readFromStream(s) at 159
06-13 18:14:42.359   528   557 W skia    : AGTM parsing failed flags.readFromStream(s) at 159
06-13 18:14:42.445  7205  7205 D nativeloader: Load /data/app/~~tOyPtkARD2XerTvaZ8WMRg==/com.anonymous.x2ndbrain-zzLsgOmsGNkYxBAZPxNwtA==/base.apk!/lib/x86_64/libc++_shared.so using class loader ns clns-9 (caller=/data/app/~~tOyPtkARD2XerTvaZ8WMRg==/com.anonymous.x2ndbrain-zzLsgOmsGNkYxBAZPxNwtA==/base.apk!classes21.dex): ok
06-13 18:14:42.523   918   918 I wpa_supplicant: wlan0: CTRL-EVENT-BEACON-LOSS 
06-13 18:14:42.524  7205  7205 D nativeloader: Load /data/app/~~tOyPtkARD2XerTvaZ8WMRg==/com.anonymous.x2ndbrain-zzLsgOmsGNkYxBAZPxNwtA==/base.apk!/lib/x86_64/libjsi.so using class loader ns clns-9 (caller=/data/app/~~tOyPtkARD2XerTvaZ8WMRg==/com.anonymous.x2ndbrain-zzLsgOmsGNkYxBAZPxNwtA==/base.apk!classes21.dex): ok
06-13 18:14:42.579  7205  7205 D nativeloader: Load /data/app/~~tOyPtkARD2XerTvaZ8WMRg==/com.anonymous.x2ndbrain-zzLsgOmsGNkYxBAZPxNwtA==/base.apk!/lib/x86_64/libfbjni.so using class loader ns clns-9 (caller=/data/app/~~tOyPtkARD2XerTvaZ8WMRg==/com.anonymous.x2ndbrain-zzLsgOmsGNkYxBAZPxNwtA==/base.apk!classes21.dex): ok
06-13 18:14:42.601  7205  7205 D nativeloader: Load /data/app/~~tOyPtkARD2XerTvaZ8WMRg==/com.anonymous.x2ndbrain-zzLsgOmsGNkYxBAZPxNwtA==/base.apk!/lib/x86_64/libreactnative.so using class loader ns clns-9 (caller=/data/app/~~tOyPtkARD2XerTvaZ8WMRg==/com.anonymous.x2ndbrain-zzLsgOmsGNkYxBAZPxNwtA==/base.apk!classes21.dex): ok
06-13 18:14:42.602  7205  7205 D jni_lib_merge: Entering merged library JNI_OnLoad.
06-13 18:14:42.602  7205  7205 D jni_lib_merge: Preparing 12 pre-merged libs (including stub)
06-13 18:14:42.602  7205  7205 D jni_lib_merge: Preparing to register libfabricjni_so.  onload_func: 0x77689142c3e0
06-13 18:14:42.602  7205  7205 D jni_lib_merge: Preparing to register libreact_devsupportjni_so.  onload_func: 0x776891676c30
06-13 18:14:42.602  7205  7205 D jni_lib_merge: Preparing to register libreact_featureflagsjni_so.  onload_func: 0x776891688fe0
06-13 18:14:42.602  7205  7205 D jni_lib_merge: Preparing to register libreact_newarchdefaults_so.  onload_func: 0x77689172ef90
06-13 18:14:42.602  7205  7205 D jni_lib_merge: Preparing to register libreactnativeblob_so.  onload_func: 0x7768919fa590
06-13 18:14:42.602  7205  7205 D jni_lib_merge: Preparing to register libreactnativejni_so.  onload_func: 0x776891a1d800
06-13 18:14:42.602  7205  7205 D jni_lib_merge: Preparing to register libreactnativejni_common_so.  onload_func: 0x776891a232e0
06-13 18:14:42.602  7205  7205 D jni_lib_merge: Preparing to register librninstance_so.  onload_func: 0x776891aa0120
06-13 18:14:42.602  7205  7205 D jni_lib_merge: Preparing to register libturbomodulejsijni_so.  onload_func: 0x776891beeec0
06-13 18:14:42.602  7205  7205 D jni_lib_merge: Preparing to register libuimanagerjni_so.  onload_func: 0x776891c05910
06-13 18:14:42.602  7205  7205 D jni_lib_merge: Preparing to register libyoga_so.  onload_func: 0x776891c14890
06-13 18:14:42.602  7205  7205 D jni_lib_merge: About to register 11 actual methods.
06-13 18:14:42.618   675  1914 I ActivityManager: Broadcasting: Intent { act=android.intent.action.MEDIA_SCANNER_SCAN_FILE dat=file:///... flg=0x400000 }
06-13 18:14:42.621   675  1914 I ActivityManager: Enqueued broadcast Intent { act=android.intent.action.MEDIA_SCANNER_SCAN_FILE dat=file:///... flg=0x400000 }: 0
06-13 18:14:42.623  1504  1504 I MediaServiceV2: Creating work for intent Intent { act=android.intent.action.MEDIA_SCANNER_SCAN_FILE dat=file:///... flg=0x1400010 cmp=com.google.android.providers.media.module/com.android.providers.media.MediaServiceV2 }
06-13 18:14:42.623  1504  1504 I MediaServiceV2: Work enqueued for intent: Intent { act=android.intent.action.MEDIA_SCANNER_SCAN_FILE dat=file:///... flg=0x1400010 cmp=com.google.android.providers.media.module/com.android.providers.media.MediaServiceV2 }
06-13 18:14:42.625   675   693 I ActivityManager: Broadcast completed: result=0
06-13 18:14:42.664  1504  1625 W JobInfo : Requested important-while-foreground flag for job64 is ignored and takes no effect
06-13 18:14:42.664  1504  1625 D WM-SystemJobScheduler: Scheduling work ID 008cde9d-19b0-4499-8e50-cce972118b5eJob ID 64
06-13 18:14:42.675  1504  1504 D WM-SystemJobService: onStartJob for WorkGenerationalId(workSpecId=008cde9d-19b0-4499-8e50-cce972118b5e, generation=0)
06-13 18:14:42.714  1504  1625 D WM-GreedyScheduler: Ignoring {WorkSpec: 060cdcbd-e204-4de0-a431-c43b0430ce3c}. Requires device idle.
06-13 18:14:42.714  1504  1625 D WM-GreedyScheduler: Ignoring {WorkSpec: 313778fc-97ae-4224-a2f4-e4d85b8dfd4b}. Requires device idle.
06-13 18:14:42.714  1504  1625 D WM-GreedyScheduler: Ignoring {WorkSpec: b58c9181-2191-4bf0-af54-ed9e7c657f8a}. Requires device idle.
06-13 18:14:42.715  1504  1625 D WM-GreedyScheduler: Starting work for 008cde9d-19b0-4499-8e50-cce972118b5e
06-13 18:14:42.722  1504  1625 D WM-Processor: Processor: processing WorkGenerationalId(workSpecId=008cde9d-19b0-4499-8e50-cce972118b5e, generation=0)
06-13 18:14:42.724  1504  1625 D WM-Processor: Work WorkGenerationalId(workSpecId=008cde9d-19b0-4499-8e50-cce972118b5e, generation=0) is already enqueued for processing
06-13 18:14:42.727  7123  7182 I Finsky  : [54] WM::SCH: Logging work initialize for 12-1
06-13 18:14:42.738  1504  1504 D WM-WorkerWrapper: Starting work for com.android.providers.media.MediaServiceV2
06-13 18:14:42.739  1504  7317 I MediaServiceV2: Work initiated for action [ android.intent.action.MEDIA_SCANNER_SCAN_FILE ]
06-13 18:14:42.752  1504  7317 I MediaServiceV2: Work ended for action [ android.intent.action.MEDIA_SCANNER_SCAN_FILE ]
06-13 18:14:42.756  1504  1689 I WM-WorkerWrapper: Worker result SUCCESS for Work [ id=008cde9d-19b0-4499-8e50-cce972118b5e, tags={ com.android.providers.media.MediaServiceV2 } ]
06-13 18:14:42.760  7123  7188 I Finsky  : [58] SCH: Scheduling phonesky job Id: 12-1, CT: 1781374481197, Constraints: [{ L: 15000, D: 86400000, C: CHARGING_NONE, I: IDLE_NONE, N: NET_ANY, B: BATTERY_ANY }]
06-13 18:14:42.760  1504  1504 D WM-Processor: Processor 008cde9d-19b0-4499-8e50-cce972118b5e executed; reschedule = false
06-13 18:14:42.760  1504  1504 D WM-SystemJobService: 008cde9d-19b0-4499-8e50-cce972118b5e executed on JobScheduler
06-13 18:14:42.765  1504  1689 D WM-GreedyScheduler: Cancelling work ID 008cde9d-19b0-4499-8e50-cce972118b5e
06-13 18:14:42.767  1504  1689 D WM-GreedyScheduler: Ignoring {WorkSpec: 060cdcbd-e204-4de0-a431-c43b0430ce3c}. Requires device idle.
06-13 18:14:42.767  1504  1689 D WM-GreedyScheduler: Ignoring {WorkSpec: 313778fc-97ae-4224-a2f4-e4d85b8dfd4b}. Requires device idle.
06-13 18:14:42.767  1504  1689 D WM-GreedyScheduler: Ignoring {WorkSpec: b58c9181-2191-4bf0-af54-ed9e7c657f8a}. Requires device idle.
06-13 18:14:42.773  7123  7202 I Finsky  : [61] SCH: Scheduling 1 system job(s)
06-13 18:14:42.774  7123  7202 I Finsky  : [61] SCH: Scheduling system job Id: 9357, L: 13424, D: 42919384, C: false, I: false, N: 1
06-13 18:14:42.784  7205  7205 D nativeloader: Load /data/app/~~tOyPtkARD2XerTvaZ8WMRg==/com.anonymous.x2ndbrain-zzLsgOmsGNkYxBAZPxNwtA==/base.apk!/lib/x86_64/libreact_codegen_rnscreens.so using class loader ns clns-9 (caller=/data/app/~~tOyPtkARD2XerTvaZ8WMRg==/com.anonymous.x2ndbrain-zzLsgOmsGNkYxBAZPxNwtA==/base.apk!classes21.dex): ok
06-13 18:14:42.784  7205  7205 D jni_lib_merge: Entering merged library JNI_OnLoad.
06-13 18:14:42.784  7205  7205 D jni_lib_merge: Preparing 12 pre-merged libs (including stub)
06-13 18:14:42.784  7205  7205 D jni_lib_merge: Preparing to register libfabricjni_so.  onload_func: 0x77689142c3e0
06-13 18:14:42.784  7205  7205 D jni_lib_merge: Preparing to register libreact_devsupportjni_so.  onload_func: 0x776891676c30
06-13 18:14:42.784  7205  7205 D jni_lib_merge: Preparing to register libreact_featureflagsjni_so.  onload_func: 0x776891688fe0
06-13 18:14:42.784  7205  7205 D jni_lib_merge: Preparing to register libreact_newarchdefaults_so.  onload_func: 0x77689172ef90
06-13 18:14:42.784  7205  7205 D jni_lib_merge: Preparing to register libreactnativeblob_so.  onload_func: 0x7768919fa590
06-13 18:14:42.785  7205  7205 D jni_lib_merge: Preparing to register libreactnativejni_so.  onload_func: 0x776891a1d800
06-13 18:14:42.785  7205  7205 D jni_lib_merge: Preparing to register libreactnativejni_common_so.  onload_func: 0x776891a232e0
06-13 18:14:42.785  7205  7205 D jni_lib_merge: Preparing to register librninstance_so.  onload_func: 0x776891aa0120
06-13 18:14:42.785  7205  7205 D jni_lib_merge: Preparing to register libturbomodulejsijni_so.  onload_func: 0x776891beeec0
06-13 18:14:42.785  7205  7205 D jni_lib_merge: Preparing to register libuimanagerjni_so.  onload_func: 0x776891c05910
06-13 18:14:42.785  7205  7205 D jni_lib_merge: Preparing to register libyoga_so.  onload_func: 0x776891c14890
06-13 18:14:42.785  7205  7205 D jni_lib_merge: About to register 11 actual methods.
06-13 18:14:42.798  7123  7181 I Finsky  : [53] [ContentSync] finished, scheduled=true
06-13 18:14:42.844  1216  7174 I NetworkScheduler.Stats: (REDACTED) Task %s/%s started execution. cause:%s exec_start_elapsed_seconds: %s
06-13 18:14:42.848  1216  6960 I NetworkScheduler.Stats: (REDACTED) Task %s/%s finished executing. cause:%s result: %s elapsed_millis: %s uptime_millis: %s exec_start_elapsed_seconds: %s
06-13 18:14:42.858  7205  7205 D nativeloader: Load /data/app/~~tOyPtkARD2XerTvaZ8WMRg==/com.anonymous.x2ndbrain-zzLsgOmsGNkYxBAZPxNwtA==/base.apk!/lib/x86_64/libreact_codegen_rnsvg.so using class loader ns clns-9 (caller=/data/app/~~tOyPtkARD2XerTvaZ8WMRg==/com.anonymous.x2ndbrain-zzLsgOmsGNkYxBAZPxNwtA==/base.apk!classes21.dex): ok
06-13 18:14:42.858  7205  7205 D jni_lib_merge: Entering merged library JNI_OnLoad.
06-13 18:14:42.858  7205  7205 D jni_lib_merge: Preparing 12 pre-merged libs (including stub)
06-13 18:14:42.858  7205  7205 D jni_lib_merge: Preparing to register libfabricjni_so.  onload_func: 0x77689142c3e0
06-13 18:14:42.858  7205  7205 D jni_lib_merge: Preparing to register libreact_devsupportjni_so.  onload_func: 0x776891676c30
06-13 18:14:42.858  7205  7205 D jni_lib_merge: Preparing to register libreact_featureflagsjni_so.  onload_func: 0x776891688fe0
06-13 18:14:42.858  7205  7205 D jni_lib_merge: Preparing to register libreact_newarchdefaults_so.  onload_func: 0x77689172ef90
06-13 18:14:42.859  7205  7205 D jni_lib_merge: Preparing to register libreactnativeblob_so.  onload_func: 0x7768919fa590
06-13 18:14:42.859  7205  7205 D jni_lib_merge: Preparing to register libreactnativejni_so.  onload_func: 0x776891a1d800
06-13 18:14:42.860  7205  7205 D jni_lib_merge: Preparing to register libreactnativejni_common_so.  onload_func: 0x776891a232e0
06-13 18:14:42.860  7205  7205 D jni_lib_merge: Preparing to register librninstance_so.  onload_func: 0x776891aa0120
06-13 18:14:42.860  7205  7205 D jni_lib_merge: Preparing to register libturbomodulejsijni_so.  onload_func: 0x776891beeec0
06-13 18:14:42.860  7205  7205 D jni_lib_merge: Preparing to register libuimanagerjni_so.  onload_func: 0x776891c05910
06-13 18:14:42.860  7205  7205 D jni_lib_merge: Preparing to register libyoga_so.  onload_func: 0x776891c14890
06-13 18:14:42.860  7205  7205 D jni_lib_merge: About to register 11 actual methods.
06-13 18:14:42.914  7205  7205 D nativeloader: Load /data/app/~~tOyPtkARD2XerTvaZ8WMRg==/com.anonymous.x2ndbrain-zzLsgOmsGNkYxBAZPxNwtA==/base.apk!/lib/x86_64/libreact_codegen_safeareacontext.so using class loader ns clns-9 (caller=/data/app/~~tOyPtkARD2XerTvaZ8WMRg==/com.anonymous.x2ndbrain-zzLsgOmsGNkYxBAZPxNwtA==/base.apk!classes21.dex): ok
06-13 18:14:42.922  1051  1196 D SatelliteController: isInCarrierRoamingNbIotNtn: satellite is disabled
06-13 18:14:42.923  1051  1196 D SatelliteController: getCarrierRoamingNtnConnectType: Checking connect type from PLMN config for subId: 1
06-13 18:14:42.924  1051  1196 D SatelliteController: getSatellitePerPlmnConfiguration: invalid subId or not supported via carrier.
06-13 18:14:42.924  1051  1196 D SatelliteController: getCarrierRoamingNtnConnectType: config: null
06-13 18:14:42.924  1051  1196 D SatelliteController: getCarrierRoamingNtnConnectType: Falling back to global carrier config connect type: 0
06-13 18:14:42.925  1051  1196 D SatelliteController: updateLastNotifiedCarrierRoamingNtnSignalStrengthAndNotify(1)
06-13 18:14:42.925  1051  1196 D SatelliteController: updateLastNotifiedCarrierRoamingNtnSignalStrengthAndNotify(1) lastNotifiedSignalStrength level: 0
06-13 18:14:42.925  1051  1196 D SatelliteController: updateLastNotifiedCarrierRoamingNtnSignalStrengthAndNotify(1) currSignalStrength level: 0
06-13 18:14:42.926  7205  7205 D nativeloader: Load /data/app/~~tOyPtkARD2XerTvaZ8WMRg==/com.anonymous.x2ndbrain-zzLsgOmsGNkYxBAZPxNwtA==/base.apk!/lib/x86_64/libappmodules.so using class loader ns clns-9 (caller=/data/app/~~tOyPtkARD2XerTvaZ8WMRg==/com.anonymous.x2ndbrain-zzLsgOmsGNkYxBAZPxNwtA==/base.apk!classes21.dex): ok
06-13 18:14:42.978   528   557 W skia    : AGTM parsing failed flags.readFromStream(s) at 159
06-13 18:14:43.232  7205  7324 I DisplayManager: Choreographer implicitly registered for the refresh rate.
06-13 18:14:43.318  7205  7324 I GFXSTREAM: [eglDisplay.cpp(297)] Opening libGLESv1_CM_emulation.so
06-13 18:14:43.320  7205  7324 I GFXSTREAM: [eglDisplay.cpp(297)] Opening libGLESv2_emulation.so
06-13 18:14:43.343  7205  7324 W HWUI    : Failed to choose config with EGL_SWAP_BEHAVIOR_PRESERVED, retrying without...
06-13 18:14:43.344  7205  7324 W HWUI    : Failed to initialize 101010-2 format, error = EGL_SUCCESS
06-13 18:14:43.427  7205  7205 D AppCompatDelegate: Checking for metadata for AppLocalesMetadataHolderService : Service not found
06-13 18:14:43.477  7205  7205 D CompatChangeReporter: Compat change id reported: 377864165; UID 10229; state: ENABLED
06-13 18:14:43.477  7205  7205 D DesktopModeFlags: Toggle override initialized to: OVERRIDE_UNSET
06-13 18:14:43.500  7205  7205 I ymous.x2ndbrain: hiddenapi: Accessing hidden method Landroid/view/ViewGroup;->makeOptionalFitsSystemWindows()V (runtime_flags=0, domain=platform, api=unsupported) from Landroidx/appcompat/widget/ViewUtils; (domain=app, TargetSdkVersion=36) using reflection: allowed
06-13 18:14:43.814  7205  7205 W unknown:BridgelessReact: ReactHost{0}.startSurface(surfaceId = 0): Schedule
06-13 18:14:43.814  7205  7205 W unknown:BridgelessReact: ReactHost{0}.attachSurface(surfaceId = 0)
06-13 18:14:43.816  7205  7336 W unknown:BridgelessReact: ReactHost{0}.getOrCreateReactInstanceTask()
06-13 18:14:43.818  7205  7336 W unknown:BridgelessReact: ReactHost{0}.getOrCreateReactInstanceTask(): Start
06-13 18:14:43.819  7205  7336 W unknown:BridgelessReact: ReactHost{0}.getJSBundleLoader()
06-13 18:14:43.819  7205  7336 W unknown:BridgelessReact: ReactHost{0}.isMetroRunning()
06-13 18:14:43.845  7205  7205 W unknown:BridgelessReact: ReactHost{0}.onHostResume(activity)
06-13 18:14:43.845  7205  7205 W unknown:ReactNative: Packager connection already open, nooping.
06-13 18:14:43.853  7205  7205 W HWUI    : Unknown dataspace 0
06-13 18:14:44.068   675  1946 W InputChannel-JNI: Channel already disposed.
06-13 18:14:44.073  7205  7205 I Choreographer: Skipped 113 frames!  The application may be doing too much work on its main thread.
06-13 18:14:44.075  7205  7205 D WindowOnBackDispatcher: setTopOnBackInvokedCallback (unwrapped): android.app.Activity$$ExternalSyntheticLambda0@2130cf7
06-13 18:14:44.076  7205  7205 D WindowOnBackDispatcher: setTopOnBackInvokedCallback (unwrapped): androidx.activity.OnBackPressedDispatcher$Api34Impl$createOnBackAnimationCallback$1@5c6fdcd
06-13 18:14:44.076   675  1946 D CoreBackPreview: Window{36b1b5a u0 com.anonymous.x2ndbrain/com.anonymous.x2ndbrain.MainActivity}: Setting back callback OnBackInvokedCallbackInfo{mCallback=android.window.IOnBackInvokedCallback$Stub$Proxy@32f9326, mPriority=-1, mIsAnimationCallback=false, mOverrideBehavior=0}
06-13 18:14:44.076   675  1946 D CoreBackPreview: Window{36b1b5a u0 com.anonymous.x2ndbrain/com.anonymous.x2ndbrain.MainActivity}: Setting back callback OnBackInvokedCallbackInfo{mCallback=android.window.IOnBackInvokedCallback$Stub$Proxy@f7b6b67, mPriority=0, mIsAnimationCallback=true, mOverrideBehavior=0}
06-13 18:14:44.078  7205  7205 D VRI[MainActivity]: WindowInsets changed: 1344x2992 statusBars:[0,159,0,0] navigationBars:[0,0,0,72] mandatorySystemGestures:[0,195,0,96] 
06-13 18:14:44.081   528   557 W skia    : AGTM parsing failed flags.readFromStream(s) at 159
06-13 18:14:44.092   675  1946 D WindowManager: setClientSurface Surface(name=VRI-com.anonymous.x2ndbrain/com.anonymous.x2ndbrain.MainActivity#342)/@0xaf04d14 for 36b1b5a com.anonymous.x2ndbrain/com.anonymous.x2ndbrain.MainActivity
06-13 18:14:44.096  7205  7205 I Surface : Creating surface for consumer unnamed-7205-0 with slotExpansion=1 for 64 slots
06-13 18:14:44.097  7205  7205 I Surface : Creating surface for consumer VRI[MainActivity]#0(BLAST Consumer)0 with slotExpansion=1 for 64 slots
06-13 18:14:44.188   528   557 W skia    : AGTM parsing failed flags.readFromStream(s) at 159
06-13 18:14:44.207  7205  7217 I ymous.x2ndbrain: Compiler allocated 5228KB to compile void android.view.ViewRootImpl.performTraversals(long)
06-13 18:14:44.289   528   557 W skia    : AGTM parsing failed flags.readFromStream(s) at 159
06-13 18:14:44.364  1216  1229 I FontLog : (REDACTED) Received query %s, URI %s
06-13 18:14:44.364  1216  1229 I FontLog : (REDACTED) Query [%s] resolved to %s
06-13 18:14:44.365  1216  1229 I FontLog : (REDACTED) Fetch %s end status %s
06-13 18:14:44.369  1216  1229 I FontLog : (REDACTED) Pulling font file for id = %d, cache size = %d
06-13 18:14:44.372  7205  7345 I HWUI    : Using FreeType backend (prop=Auto)
06-13 18:14:44.376  1216  1229 I FontLog : (REDACTED) Pulling font file for id = %d, cache size = %d
06-13 18:14:44.434   675  1574 E TaskPersister: File error accessing recents directory (directory doesn't exist?).
06-13 18:14:44.742  7205  7337 W unknown:BridgelessReact: ReactHost{0}.isMetroRunning(): Async result = true
06-13 18:14:44.743  7205  7336 W unknown:BridgelessReact: ReactHost{0}.loadJSBundleFromMetro()
06-13 18:14:44.779   675  1914 W InputChannel-JNI: Channel already disposed.
06-13 18:14:44.780  7205  7205 D WindowOnBackDispatcher: setTopOnBackInvokedCallback (unwrapped): android.widget.PopupWindow$PopupDecorView$$ExternalSyntheticLambda1@8e60ad5
06-13 18:14:44.780   675  1914 D CoreBackPreview: Window{f802aac u0 PopupWindow:e22619}: Setting back callback OnBackInvokedCallbackInfo{mCallback=android.window.IOnBackInvokedCallback$Stub$Proxy@1f10f0a, mPriority=0, mIsAnimationCallback=false, mOverrideBehavior=0}
06-13 18:14:44.783   675  1914 D WindowManager: setClientSurface Surface(name=VRI-PopupWindow:e22619#346)/@0x1f4a37b for f802aac PopupWindow:e22619
06-13 18:14:44.785  7205  7205 I Surface : Creating surface for consumer unnamed-7205-1 with slotExpansion=1 for 64 slots
06-13 18:14:44.786  7205  7205 I Surface : Creating surface for consumer VRI[PopupWindow:e22619]#1(BLAST Consumer)1 with slotExpansion=1 for 64 slots
06-13 18:14:44.844   528   557 W skia    : AGTM parsing failed flags.readFromStream(s) at 159
06-13 18:14:44.945   528   557 W skia    : AGTM parsing failed flags.readFromStream(s) at 159
06-13 18:14:45.122   675   829 I HalDevMgr: bestIfaceCreationProposal is null, requestIface=STA, existingIface=[name=wlan0 type=STA]
06-13 18:14:46.147   675   835 D InetDiagMessage: Destroyed 0 sockets, proto=IPPROTO_TCP, family=AF_INET, states=14
06-13 18:14:46.148   675   835 D InetDiagMessage: Destroyed 0 sockets, proto=IPPROTO_TCP, family=AF_INET6, states=14
06-13 18:14:46.148   675   835 D InetDiagMessage: Destroyed live tcp sockets for uids={10172} in 1ms
06-13 18:14:46.148   675   835 D InetDiagMessage: Destroyed 0 sockets, proto=IPPROTO_TCP, family=AF_INET, states=14
06-13 18:14:46.148   675   835 D InetDiagMessage: Destroyed 0 sockets, proto=IPPROTO_TCP, family=AF_INET6, states=14
06-13 18:14:46.149   675   835 D InetDiagMessage: Destroyed live tcp sockets for uids={20172} in 1ms
06-13 18:14:46.874   675   696 W ActivityTaskManager: Activity transferring splash screen timeout for ActivityRecord{16054974 u0 com.anonymous.x2ndbrain/.MainActivity t17} state 2
06-13 18:14:46.918   528   557 W skia    : AGTM parsing failed flags.readFromStream(s) at 159
06-13 18:14:47.051   528   557 W skia    : AGTM parsing failed flags.readFromStream(s) at 159
06-13 18:14:47.144  7205  7337 W unknown:BridgelessReact: ReactHost{0}.loadJSBundleFromMetro(): Creating BundleLoader
06-13 18:14:47.145  7205  7336 W unknown:BridgelessReact: ReactHost{0}.getOrCreateReactInstanceTask(): Creating BridgelessReactContext
06-13 18:14:47.151  7205  7336 W unknown:BridgelessReact: ReactHost{0}.getOrCreateReactInstanceTask(): Creating ReactInstance
06-13 18:14:47.154  7205  7205 D WindowOnBackDispatcher: setTopOnBackInvokedCallback (unwrapped): null
06-13 18:14:47.155   675  1946 D CoreBackPreview: Window{f802aac u0 PopupWindow:e22619}: Setting back callback null
06-13 18:14:47.166   528   557 W skia    : AGTM parsing failed flags.readFromStream(s) at 159
06-13 18:14:47.202  7205  7336 D nativeloader: Load /data/app/~~tOyPtkARD2XerTvaZ8WMRg==/com.anonymous.x2ndbrain-zzLsgOmsGNkYxBAZPxNwtA==/base.apk!/lib/x86_64/libhermesvm.so using class loader ns clns-9 (caller=/data/app/~~tOyPtkARD2XerTvaZ8WMRg==/com.anonymous.x2ndbrain-zzLsgOmsGNkYxBAZPxNwtA==/base.apk!classes21.dex): ok
06-13 18:14:47.203  7205  7336 D nativeloader: Load /data/app/~~tOyPtkARD2XerTvaZ8WMRg==/com.anonymous.x2ndbrain-zzLsgOmsGNkYxBAZPxNwtA==/base.apk!/lib/x86_64/libhermestooling.so using class loader ns clns-9 (caller=/data/app/~~tOyPtkARD2XerTvaZ8WMRg==/com.anonymous.x2ndbrain-zzLsgOmsGNkYxBAZPxNwtA==/base.apk!classes21.dex): ok
06-13 18:14:47.203  7205  7336 D jni_lib_merge: Entering merged library JNI_OnLoad.
06-13 18:14:47.203  7205  7336 D jni_lib_merge: Preparing 4 pre-merged libs (including stub)
06-13 18:14:47.203  7205  7336 D jni_lib_merge: Preparing to register libhermes_executor_so.  onload_func: 0x7768889bc9b0
06-13 18:14:47.203  7205  7336 D jni_lib_merge: Preparing to register libhermesinstancejni_so.  onload_func: 0x7768889e8230
06-13 18:14:47.203  7205  7336 D jni_lib_merge: Preparing to register libjsijniprofiler_so.  onload_func: 0x7768889e9fa0
06-13 18:14:47.203  7205  7336 D jni_lib_merge: About to register 3 actual methods.
06-13 18:14:47.266   528   557 W skia    : AGTM parsing failed flags.readFromStream(s) at 159
06-13 18:14:47.385  7205  7336 W ExpoModulesCore: Props class class expo.modules.ui.textfield.InnerTextFieldProps is not introspectable. Falling back to reflection-based props parsing, which may have performance implications. To fix this, annotate the props class with @OptimizedComposeProps.
06-13 18:14:47.485  7205  7218 I ymous.x2ndbrain: Background concurrent mark compact GC freed 29MB AllocSpace bytes, 25(1776KB) LOS objects, 49% free, 5283KB/10MB, paused 1.140ms,8.944ms total 39.533ms
06-13 18:14:47.511  1216  2452 I GetConfigSnapshotOp: (REDACTED) Succeeded but not registered: %s
06-13 18:14:47.511  7123  7356 I Finsky  : [101] playLoggingServerUrl: https://play.googleapis.com/play/log
06-13 18:14:47.511  7123  7356 I Finsky  : [101] playLoggingServerTimestampUrl: https://play.googleapis.com/play/log/timestamp
06-13 18:14:47.756  7205  7336 W ExpoModulesCore: Props class class expo.modules.ui.textfield.PlaceholderProps is not introspectable. Falling back to reflection-based props parsing, which may have performance implications. To fix this, annotate the props class with @OptimizedComposeProps.
06-13 18:14:48.057  7205  7218 I ymous.x2ndbrain: Background young concurrent mark compact GC freed 2976KB AllocSpace bytes, 1(32KB) LOS objects, 29% free, 7495KB/10MB, paused 1.131ms,11.712ms total 36.065ms
06-13 18:14:48.115  7205  7336 I ExpoModulesCore: ✅ AppContext was initialized
06-13 18:14:48.129   675   829 I HalDevMgr: bestIfaceCreationProposal is null, requestIface=STA, existingIface=[name=wlan0 type=STA]
06-13 18:14:48.137  1014  1172 D IpClient/wlan0: interfaceLinkStateChanged: ifindex 16 up
06-13 18:14:48.141  1014  1172 D IpClient/wlan0: interfaceLinkStateChanged: ifindex 16 up
06-13 18:14:48.203  7205  7336 W unknown:BridgelessReact: ReactHost{0}.getOrCreateReactInstanceTask(): Loading JS Bundle
06-13 18:14:48.203  7205  7336 W unknown:BridgelessReact: ReactHost{0}.getOrCreateReactInstanceTask(): DevSupportManager.onNewReactContextCreated()
06-13 18:14:48.209  7205  7336 W unknown:BridgelessReact: ReactHost{0}.startSurface(surfaceId = 0): Execute
06-13 18:14:48.221  7205  7205 W unknown:ReactNative: Packager connection already open, nooping.
06-13 18:14:48.222  7205  7205 W unknown:BridgelessReact: ReactHost{0}.ReactContext.onHostResume()
06-13 18:14:48.228  7205  7205 W unknown:BridgelessReact: ReactHost{0}.getOrCreateReactInstanceTask(): Executing ReactInstanceEventListeners
06-13 18:14:48.559   308   308 I lowmemorykiller: Kill 'com.google.android.as.oss' (2817), uid 10146, oom_score_adj 975 to free 96396kB rss, 35204kB swap, 0kB dmabuf_pss, 0kB dmabuf_rss; reason: min watermark is breached
06-13 18:14:48.574   675  1946 I ActivityManager: Process com.google.android.as.oss (pid 2817) has died: cch  +75 CEM 
06-13 18:14:48.575   308   308 I lowmemorykiller: Kill 'com.google.android.settings.intelligence' (4971), uid 10158, oom_score_adj 965 to free 109960kB rss, 47308kB swap, 0kB dmabuf_pss, 0kB dmabuf_rss; reason: min watermark is breached even after kill
06-13 18:14:48.576   675   704 I libprocessgroup: Removed cgroup /sys/fs/cgroup/apps/uid_10146/pid_2817
06-13 18:14:48.579   459   459 I Zygote  : Process 2817 exited due to signal 9 (Killed)
06-13 18:14:48.595   675  1564 I ActivityManager: Process com.google.android.settings.intelligence (pid 4971) has died: cch  +65 CEM 
06-13 18:14:48.604  7205  7350 I WebViewFactory: Loading com.google.android.webview version 145.0.7632.45 (code 763204538)
06-13 18:14:48.604  7205  7350 W ResourcesManager: Found a null ResourcesImpl, skipped.
06-13 18:14:48.604  7205  7350 W ResourcesManager: Found a null ResourcesImpl, skipped.
06-13 18:14:48.604  7205  7350 W ResourcesManager: Found a null ResourcesImpl, skipped.
06-13 18:14:48.606   308   308 I lowmemorykiller: Kill 'com.google.android.rkpdapp' (5382), uid 10220, oom_score_adj 955 to free 88272kB rss, 26860kB swap, 0kB dmabuf_pss, 0kB dmabuf_rss; reason: min watermark is breached even after kill
06-13 18:14:48.608   459   459 I Zygote  : Process 4971 exited due to signal 9 (Killed)
06-13 18:14:48.608  7205  7350 V ResourcesManager: The following library key has been added: ResourcesKey{ mHash=264f9467 mResDir=null mSplitDirs=[] mOverlayDirs=[] mLibDirs=[/data/app/~~ENdrVCrfuk5cTolO7DQPTg==/com.google.android.webview-hij-acrlkHbCPaSD_fpU-A==/WebViewGoogle.apk,/data/app/~~P1lxxaROSDgFJll3S1AH2w==/com.google.android.trichromelibrary_763204538-EEJkeFi_-xvliJ9MwlOZgw==/TrichromeLibrary.apk,/system_ext/framework/androidx.window.extensions.jar] mDisplayId=0 mOverrideConfig=v37 mCompatInfo={480dpi always-compat} mLoaders=[]}
06-13 18:14:48.613   675   704 I libprocessgroup: Removed cgroup /sys/fs/cgroup/apps/uid_10158/pid_4971
06-13 18:14:48.615  7205  7350 W ymous.x2ndbrain: Failed to find entry 'classes.dex': Entry not found
06-13 18:14:48.615  7205  7350 D nativeloader: Configuring clns-10 for other apk /data/app/~~P1lxxaROSDgFJll3S1AH2w==/com.google.android.trichromelibrary_763204538-EEJkeFi_-xvliJ9MwlOZgw==/TrichromeLibrary.apk. target_sdk_version=36, uses_libraries=ALL, library_path=/data/app/~~ENdrVCrfuk5cTolO7DQPTg==/com.google.android.webview-hij-acrlkHbCPaSD_fpU-A==/lib/x86_64:/data/app/~~ENdrVCrfuk5cTolO7DQPTg==/com.google.android.webview-hij-acrlkHbCPaSD_fpU-A==/WebViewGoogle.apk!/lib/x86_64:/data/app/~~P1lxxaROSDgFJll3S1AH2w==/com.google.android.trichromelibrary_763204538-EEJkeFi_-xvliJ9MwlOZgw==/TrichromeLibrary.apk!/lib/x86_64, permitted_path=/data:/mnt/expand
06-13 18:14:48.619   459   459 I Zygote  : Process 5382 exited due to signal 9 (Killed)
06-13 18:14:48.619   675  1969 I ActivityManager: Process com.google.android.rkpdapp (pid 5382) has died: cch  +55 CEM 
06-13 18:14:48.619  7205  7350 D ApplicationLoaders: Returning zygote-cached class loader: /system_ext/framework/androidx.window.extensions.jar
06-13 18:14:48.619   308   308 I lowmemorykiller: Kill 'com.google.android.partnersetup' (5422), uid 10153, oom_score_adj 955 to free 93700kB rss, 34128kB swap, 0kB dmabuf_pss, 0kB dmabuf_rss; reason: min watermark is breached even after kill
