--------- beginning of main
06-13 20:39:40.853   528   557 W skia    : AGTM parsing failed flags.readFromStream(s) at 159
06-13 20:39:40.971   528   557 W skia    : AGTM parsing failed flags.readFromStream(s) at 159
06-13 20:39:41.071   528   557 W skia    : AGTM parsing failed flags.readFromStream(s) at 159
06-13 20:39:41.171   528   557 W skia    : AGTM parsing failed flags.readFromStream(s) at 159
06-13 20:39:41.273   528   557 W skia    : AGTM parsing failed flags.readFromStream(s) at 159
06-13 20:39:41.309 16113 16120 I ymous.x2ndbrain: NativeAlloc concurrent mark compact GC freed 1888KB AllocSpace bytes, 0(0B) LOS objects, 50% free, 14MB/28MB, paused 1.297ms,22.518ms total 67.088ms
06-13 20:39:41.386   528   557 W skia    : AGTM parsing failed flags.readFromStream(s) at 159
06-13 20:39:41.489   528   557 W skia    : AGTM parsing failed flags.readFromStream(s) at 159
06-13 20:39:41.591   528   557 W skia    : AGTM parsing failed flags.readFromStream(s) at 159
06-13 20:39:41.692   528   557 W skia    : AGTM parsing failed flags.readFromStream(s) at 159
06-13 20:39:41.705 16113 16120 I ymous.x2ndbrain: NativeAlloc concurrent mark compact GC freed 1472KB AllocSpace bytes, 0(0B) LOS objects, 49% free, 14MB/28MB, paused 1.781ms,14.247ms total 53.180ms
06-13 20:39:41.803   528   557 W skia    : AGTM parsing failed flags.readFromStream(s) at 159
06-13 20:39:41.904   528   557 W skia    : AGTM parsing failed flags.readFromStream(s) at 159
06-13 20:39:42.006   528   557 W skia    : AGTM parsing failed flags.readFromStream(s) at 159
06-13 20:39:42.007   675   829 I HalDevMgr: bestIfaceCreationProposal is null, requestIface=STA, existingIface=[name=wlan0 type=STA]
06-13 20:39:42.108   528   557 W skia    : AGTM parsing failed flags.readFromStream(s) at 159
06-13 20:39:42.118 16113 16120 I ymous.x2ndbrain: NativeAlloc concurrent mark compact GC freed 1344KB AllocSpace bytes, 0(0B) LOS objects, 49% free, 14MB/28MB, paused 1.307ms,17.677ms total 62.721ms
06-13 20:39:42.209   528   557 W skia    : AGTM parsing failed flags.readFromStream(s) at 159
06-13 20:39:42.310   528   557 W skia    : AGTM parsing failed flags.readFromStream(s) at 159
06-13 20:39:42.412   528   557 W skia    : AGTM parsing failed flags.readFromStream(s) at 159
06-13 20:39:42.521   528   557 W skia    : AGTM parsing failed flags.readFromStream(s) at 159
06-13 20:39:42.559 16113 16120 I ymous.x2ndbrain: NativeAlloc concurrent mark compact GC freed 1424KB AllocSpace bytes, 0(0B) LOS objects, 50% free, 14MB/28MB, paused 1.137ms,14.027ms total 53.036ms
06-13 20:39:42.655   528   557 W skia    : AGTM parsing failed flags.readFromStream(s) at 159
06-13 20:39:42.772   528   557 W skia    : AGTM parsing failed flags.readFromStream(s) at 159
06-13 20:39:42.839  2843  2857 I artd    : GetBestInfo: odex next to the dex file (/data/app/~~xCWSPSiTbGWeOlbbQ8WCfA==/com.google.android.gms-6V8MJOZtvQBtjnCwEeoqLQ==/oat/x86_64/base.odex) is kOatUpToDate with filter 'speed-profile' executable 'false'
06-13 20:39:42.841  2843  2857 I artd    : GetBestInfo: dm (/data/app/~~xCWSPSiTbGWeOlbbQ8WCfA==/com.google.android.gms-6V8MJOZtvQBtjnCwEeoqLQ==/split_AdsDynamite_installtime.dm) is kOatUpToDate with filter 'verify' executable 'false'
06-13 20:39:42.843  2843  2857 I artd    : GetBestInfo: odex next to the dex file (/data/app/~~xCWSPSiTbGWeOlbbQ8WCfA==/com.google.android.gms-6V8MJOZtvQBtjnCwEeoqLQ==/oat/x86_64/split_CronetDynamite_installtime.odex) is kOatUpToDate with filter 'speed-profile' executable 'false'
06-13 20:39:42.844  2843  2857 I artd    : GetBestInfo: dm (/data/app/~~xCWSPSiTbGWeOlbbQ8WCfA==/com.google.android.gms-6V8MJOZtvQBtjnCwEeoqLQ==/split_DynamiteLoader_installtime.dm) is kOatUpToDate with filter 'verify' executable 'false'
06-13 20:39:42.844  2843 10777 I artd    : GetBestInfo: dm (/data/app/~~xCWSPSiTbGWeOlbbQ8WCfA==/com.google.android.gms-6V8MJOZtvQBtjnCwEeoqLQ==/split_DynamiteModulesA_installtime.dm) is kOatUpToDate with filter 'verify' executable 'false'
06-13 20:39:42.845  2843  2857 I artd    : GetBestInfo: dm (/data/app/~~xCWSPSiTbGWeOlbbQ8WCfA==/com.google.android.gms-6V8MJOZtvQBtjnCwEeoqLQ==/split_DynamiteModulesC_installtime.dm) is kOatUpToDate with filter 'verify' executable 'false'
06-13 20:39:42.847  2843  2857 I artd    : GetBestInfo: dm (/data/app/~~xCWSPSiTbGWeOlbbQ8WCfA==/com.google.android.gms-6V8MJOZtvQBtjnCwEeoqLQ==/split_GoogleCertificates_installtime.dm) is kOatUpToDate with filter 'verify' executable 'false'
06-13 20:39:42.848  2843 10777 I artd    : GetBestInfo: dm (/data/app/~~xCWSPSiTbGWeOlbbQ8WCfA==/com.google.android.gms-6V8MJOZtvQBtjnCwEeoqLQ==/split_MapsDynamite_installtime.dm) is kOatUpToDate with filter 'verify' executable 'false'
06-13 20:39:42.849  2843  2857 I artd    : GetBestInfo: dm (/data/app/~~xCWSPSiTbGWeOlbbQ8WCfA==/com.google.android.gms-6V8MJOZtvQBtjnCwEeoqLQ==/split_MeasurementDynamite_installtime.dm) is kOatUpToDate with filter 'verify' executable 'false'
06-13 20:39:42.850  2843 10777 I artd    : GetBestInfo: dm (/data/app/~~xCWSPSiTbGWeOlbbQ8WCfA==/com.google.android.gms-6V8MJOZtvQBtjnCwEeoqLQ==/split_all_locale_splits.dm) is kOatUpToDate with filter 'verify' executable 'false'
06-13 20:39:42.850  2843 10777 I artd    : GetBestInfo: /data/user_de/0/com.google.android.gms/app_chimera/m/00000001/CronetDynamite.apk has no usable artifacts
06-13 20:39:42.851  2843  2857 I artd    : GetBestInfo: /data/user_de/0/com.google.android.gms/app_chimera/m/00000011/dl-VisionOcr.optional_262031100000.apk has no usable artifacts
06-13 20:39:42.851  2843 10777 I artd    : GetBestInfo: /data/user_de/0/com.google.android.gms/app_chimera/m/00000002/DynamiteLoader.apk has no usable artifacts
06-13 20:39:42.853  2843 10777 I artd    : GetBestInfo: /data/user_de/0/com.google.android.gms/app_chimera/m/0000000e/dl-MlkitBarcodeUi.optional_260235100800.apk has no usable artifacts
06-13 20:39:42.853  2843  2857 I artd    : GetBestInfo: /data/user_de/0/com.google.android.gms/app_chimera/m/00000005/GoogleCertificates.apk has no usable artifacts
06-13 20:39:42.854  2843  4491 I artd    : GetBestInfo: /data/user_de/0/com.google.android.gms/app_chimera/m/00000014/dl-TfliteDynamiteDynamite.integ_252130102100800.apk has no usable artifacts
06-13 20:39:42.856  2843  4491 I artd    : GetBestInfo: /data/user_de/0/com.google.android.gms/app_chimera/m/00000010/dl-PlayCloudSearch.optional_260235100000.apk has no usable artifacts
06-13 20:39:42.857  2843  4491 I artd    : GetBestInfo: /data/user_de/0/com.google.android.gms/app_chimera/m/0000000a/dl-MlkitOcrCommon.optional_260235100800.apk has no usable artifacts
06-13 20:39:42.858  2843  4491 I artd    : GetBestInfo: /data/user_de/0/com.google.android.gms/app_chimera/m/00000013/dl-Appsearch.optional_262031100800.apk has no usable artifacts
06-13 20:39:42.859  2843  4491 I artd    : GetBestInfo: /data/user_de/0/com.google.android.gms/app_chimera/m/00000008/dl-VisionOcr.optional_260235100000.apk has no usable artifacts
06-13 20:39:42.860  2843  2857 I artd    : GetBestInfo: /data/user_de/0/com.google.android.gms/app_chimera/m/00000016/dl-MlkitOcrCommon.optional_262031100800.apk has no usable artifacts
06-13 20:39:42.861  2843  2857 I artd    : GetBestInfo: /data/user_de/0/com.google.android.gms/app_chimera/m/0000000b/dl-Appsearch.optional_260235100800.apk has no usable artifacts
06-13 20:39:42.862  2843  4491 I artd    : GetBestInfo: vdex next to the dex file (/data/user/0/com.google.android.gms/app_dg_cache/1C62BDE86218FBAA50DF06C4A79F5C3FE74B69EC/oat/x86_64/the.vdex) is kOatUpToDate with filter 'verify' executable 'false'
06-13 20:39:42.863  2843  2857 I artd    : GetBestInfo: /data/user_de/0/com.google.android.gms/app_chimera/m/00000012/dl-PlayCloudSearch.optional_262031100000.apk has no usable artifacts
06-13 20:39:42.864  2843  2857 I artd    : GetBestInfo: /data/user_de/0/com.google.android.gms/app_chimera/m/00000015/dl-MlkitBarcodeUi.optional_262031100800.apk has no usable artifacts
06-13 20:39:42.865  2843  2857 I artd    : GetBestInfo: /data/user_de/0/com.google.android.gms/app_chimera/m/00000007/MeasurementDynamite.apk has no usable artifacts
06-13 20:39:42.866  2843  2857 I artd    : GetBestInfo: /data/user_de/0/com.google.android.gms/app_chimera/m/00000019/dl-IdentityCredentialsPlatform.optional_262031100800.apk has no usable artifacts
06-13 20:39:42.871   528   557 W skia    : AGTM parsing failed flags.readFromStream(s) at 159
06-13 20:39:42.973   528   557 W skia    : AGTM parsing failed flags.readFromStream(s) at 159
06-13 20:39:43.055 16113 16120 I ymous.x2ndbrain: NativeAlloc concurrent mark compact GC freed 1520KB AllocSpace bytes, 0(0B) LOS objects, 49% free, 14MB/28MB, paused 1.975ms,16.230ms total 54.745ms
06-13 20:39:43.075   528   557 W skia    : AGTM parsing failed flags.readFromStream(s) at 159
06-13 20:39:43.176   528   557 W skia    : AGTM parsing failed flags.readFromStream(s) at 159
06-13 20:39:43.278   528   557 W skia    : AGTM parsing failed flags.readFromStream(s) at 159
06-13 20:39:43.380   528   557 W skia    : AGTM parsing failed flags.readFromStream(s) at 159
06-13 20:39:43.480   528   557 W skia    : AGTM parsing failed flags.readFromStream(s) at 159
06-13 20:39:43.544 16113 16120 I ymous.x2ndbrain: NativeAlloc concurrent mark compact GC freed 1792KB AllocSpace bytes, 0(0B) LOS objects, 49% free, 14MB/28MB, paused 1.661ms,14.026ms total 53.156ms
06-13 20:39:43.582   528   557 W skia    : AGTM parsing failed flags.readFromStream(s) at 159
06-13 20:39:43.683   528   557 W skia    : AGTM parsing failed flags.readFromStream(s) at 159
06-13 20:39:43.784   528   557 W skia    : AGTM parsing failed flags.readFromStream(s) at 159
06-13 20:39:43.890   528   557 W skia    : AGTM parsing failed flags.readFromStream(s) at 159
06-13 20:39:43.987   528   557 W skia    : AGTM parsing failed flags.readFromStream(s) at 159
06-13 20:39:44.075 16113 16120 I ymous.x2ndbrain: NativeAlloc concurrent mark compact GC freed 1616KB AllocSpace bytes, 0(0B) LOS objects, 49% free, 14MB/28MB, paused 1.647ms,13.141ms total 59.459ms
06-13 20:39:44.088   528   557 W skia    : AGTM parsing failed flags.readFromStream(s) at 159
06-13 20:39:44.190   528   557 W skia    : AGTM parsing failed flags.readFromStream(s) at 159
06-13 20:39:44.304   528   557 W skia    : AGTM parsing failed flags.readFromStream(s) at 159
06-13 20:39:44.312  1051  1196 D SatelliteController: isInCarrierRoamingNbIotNtn: satellite is disabled
06-13 20:39:44.312  1051  1196 D SatelliteController: getCarrierRoamingNtnConnectType: Checking connect type from PLMN config for subId: 1
06-13 20:39:44.312  1051  1196 D SatelliteController: getSatellitePerPlmnConfiguration: invalid subId or not supported via carrier.
06-13 20:39:44.312  1051  1196 D SatelliteController: getCarrierRoamingNtnConnectType: config: null
06-13 20:39:44.312  1051  1196 D SatelliteController: getCarrierRoamingNtnConnectType: Falling back to global carrier config connect type: 0
06-13 20:39:44.312  1051  1196 D SatelliteController: updateLastNotifiedCarrierRoamingNtnSignalStrengthAndNotify(1)
06-13 20:39:44.313  1051  1196 D SatelliteController: updateLastNotifiedCarrierRoamingNtnSignalStrengthAndNotify(1) lastNotifiedSignalStrength level: 0
06-13 20:39:44.313  1051  1196 D SatelliteController: updateLastNotifiedCarrierRoamingNtnSignalStrengthAndNotify(1) currSignalStrength level: 0
06-13 20:39:44.405   528   557 W skia    : AGTM parsing failed flags.readFromStream(s) at 159
06-13 20:39:44.505   528   557 W skia    : AGTM parsing failed flags.readFromStream(s) at 159
06-13 20:39:44.605   528   557 W skia    : AGTM parsing failed flags.readFromStream(s) at 159
06-13 20:39:44.649 16113 16120 I ymous.x2ndbrain: NativeAlloc concurrent mark compact GC freed 1872KB AllocSpace bytes, 0(0B) LOS objects, 50% free, 14MB/28MB, paused 1.524ms,17.612ms total 67.988ms
06-13 20:39:44.738   528   557 W skia    : AGTM parsing failed flags.readFromStream(s) at 159
06-13 20:39:44.840   528   557 W skia    : AGTM parsing failed flags.readFromStream(s) at 159
06-13 20:39:44.955   528   557 W skia    : AGTM parsing failed flags.readFromStream(s) at 159
--------- beginning of system
06-13 20:39:45.017   675   859 I AdbWifiNetworkMonitor: Wi-Fi network available
06-13 20:39:45.017   675   859 I AdbWifiNetworkMonitor: Received the same Wi-Fi SSID. Ignoring.
06-13 20:39:45.019   675   829 I HalDevMgr: bestIfaceCreationProposal is null, requestIface=STA, existingIface=[name=wlan0 type=STA]
06-13 20:39:45.025  1216  1225 I NullBinder: NullBinder for android.net.action.RECOMMEND_NETWORKS triggering remote TransactionTooLargeException due to Service without Chimera impl, calling uid: 1000, calling pid: 0
06-13 20:39:45.025 11300 11407 I BugleRcsEngine: handleMessage processing message:[NOTIFY_UPTIME_IGNORE_STATE_CHANGED] with [non-null]:RcsEngineImpl reference [CONTEXT log_prefix="RcsEngineImpl[DUAL_REG]:[4ca6b209-3a2d]>Handler" thread_id=77 ]
06-13 20:39:45.025  1216  1225 W libbinder.Binder: Large reply transaction of 1056768 bytes, interface descriptor , function: UNKNOWN_FUNCTION_NAME, code: 1, flags: 17
06-13 20:39:45.027  1014  1172 D IpClient/wlan0: interfaceLinkStateChanged: ifindex 16 up
06-13 20:39:45.027 11300 11373 I BugleRcsEngine: Connected state: [1], networkType: [WIFI] [CONTEXT thread_id=65 ]
06-13 20:39:45.029   675   835 D ConnectivityService: NetReassign [no changes] [c 0] [a 1] [i 0]
06-13 20:39:45.029  1014  1172 D IpClient/wlan0: interfaceLinkStateChanged: ifindex 16 up
06-13 20:39:45.029  1014  1172 D IpClient/wlan0: interfaceLinkStateChanged: ifindex 16 up
06-13 20:39:45.032  1216  8002 I NearbyMediums: Wifi changed new SSID: "AndroidWifi"
06-13 20:39:45.032  1216  8002 I NearbyMediums: WifiLanConnectivityInfo is not changed, skip notify.
06-13 20:39:45.035 11300 11407 I BugleRcsEngine: No RCS Configuration was found in Bugle for simID: redacted-pii:sim_id[chars:20,last3:897] [CONTEXT log_prefix="ProvisioningEngineDataRetriever" thread_id=77 ]
06-13 20:39:45.072   528   557 W skia    : AGTM parsing failed flags.readFromStream(s) at 159
06-13 20:39:45.230   528   557 W skia    : AGTM parsing failed flags.readFromStream(s) at 159
06-13 20:39:45.259 16113 16120 I ymous.x2ndbrain: NativeAlloc concurrent mark compact GC freed 1776KB AllocSpace bytes, 0(0B) LOS objects, 49% free, 14MB/28MB, paused 1.494ms,20.543ms total 71.615ms
06-13 20:39:45.419   528   557 W skia    : AGTM parsing failed flags.readFromStream(s) at 159
06-13 20:39:45.573   528   557 W skia    : AGTM parsing failed flags.readFromStream(s) at 159
06-13 20:39:45.687   528   557 W skia    : AGTM parsing failed flags.readFromStream(s) at 159
06-13 20:39:45.790   528   557 W skia    : AGTM parsing failed flags.readFromStream(s) at 159
06-13 20:39:45.922   528   557 W skia    : AGTM parsing failed flags.readFromStream(s) at 159
06-13 20:39:45.975 16113 16120 I ymous.x2ndbrain: NativeAlloc concurrent mark compact GC freed 2080KB AllocSpace bytes, 0(0B) LOS objects, 49% free, 14MB/28MB, paused 1.258ms,21.135ms total 76.258ms
06-13 20:39:46.074   528   557 W skia    : AGTM parsing failed flags.readFromStream(s) at 159
06-13 20:39:46.190   528   557 W skia    : AGTM parsing failed flags.readFromStream(s) at 159
06-13 20:39:46.293   528   557 W skia    : AGTM parsing failed flags.readFromStream(s) at 159
06-13 20:39:46.394   528   557 W skia    : AGTM parsing failed flags.readFromStream(s) at 159
06-13 20:39:46.496   528   557 W skia    : AGTM parsing failed flags.readFromStream(s) at 159
06-13 20:39:46.547 16113 16120 I ymous.x2ndbrain: NativeAlloc concurrent mark compact GC freed 1696KB AllocSpace bytes, 0(0B) LOS objects, 49% free, 14MB/28MB, paused 1.654ms,21.955ms total 75.503ms
06-13 20:39:46.621   528   557 W skia    : AGTM parsing failed flags.readFromStream(s) at 159
06-13 20:39:46.723   528   557 W skia    : AGTM parsing failed flags.readFromStream(s) at 159
06-13 20:39:46.837   528   557 W skia    : AGTM parsing failed flags.readFromStream(s) at 159
06-13 20:39:46.938   528   557 W skia    : AGTM parsing failed flags.readFromStream(s) at 159
06-13 20:39:47.038   528   557 W skia    : AGTM parsing failed flags.readFromStream(s) at 159
06-13 20:39:47.082 16113 16120 I ymous.x2ndbrain: NativeAlloc concurrent mark compact GC freed 1680KB AllocSpace bytes, 0(0B) LOS objects, 49% free, 14MB/28MB, paused 1.442ms,22.121ms total 71.145ms
06-13 20:39:47.171   528   557 W skia    : AGTM parsing failed flags.readFromStream(s) at 159
06-13 20:39:47.273   528   557 W skia    : AGTM parsing failed flags.readFromStream(s) at 159
06-13 20:39:47.291   918   918 I wpa_supplicant: wlan0: CTRL-EVENT-BEACON-LOSS 
06-13 20:39:47.374   528   557 W skia    : AGTM parsing failed flags.readFromStream(s) at 159
06-13 20:39:47.475   528   557 W skia    : AGTM parsing failed flags.readFromStream(s) at 159
06-13 20:39:47.586   528   557 W skia    : AGTM parsing failed flags.readFromStream(s) at 159
06-13 20:39:47.631 16113 16120 I ymous.x2ndbrain: NativeAlloc concurrent mark compact GC freed 1776KB AllocSpace bytes, 0(0B) LOS objects, 49% free, 14MB/28MB, paused 1.501ms,21.143ms total 72.566ms
06-13 20:39:47.720   528   557 W skia    : AGTM parsing failed flags.readFromStream(s) at 159
06-13 20:39:47.821   528   557 W skia    : AGTM parsing failed flags.readFromStream(s) at 159
06-13 20:39:47.939   528   557 W skia    : AGTM parsing failed flags.readFromStream(s) at 159
06-13 20:39:47.958  1014  1172 D IpClient/wlan0: addressUpdated: fec0::7cff:f214:e12e:fa31/64 on ifindex 16 flags 0x00000900 scope 200
06-13 20:39:47.958  1014  1172 D IpClient/wlan0: addressUpdated: fec0::c95d:4843:f216:d9ed/64 on ifindex 16 flags 0x00000001 scope 200
06-13 20:39:47.958  1014  1172 W AlarmManager: Unrecognized alarm listener com.android.networkstack.android.net.ip.IpClientLinkObserver$Dhcp6PdPreferredPrefixAlarmListener@19b08af
06-13 20:39:47.958  1014  1172 D ApfFilter: (wlan0): Adding RA fe80::2 -> ff02::1 1800s fec0::/64 86400s/14400s DNS 1200000s fec0::3 
06-13 20:39:48.023   675   829 I HalDevMgr: bestIfaceCreationProposal is null, requestIface=STA, existingIface=[name=wlan0 type=STA]
06-13 20:39:48.056   528   557 W skia    : AGTM parsing failed flags.readFromStream(s) at 159
06-13 20:39:48.157   528   557 W skia    : AGTM parsing failed flags.readFromStream(s) at 159
06-13 20:39:48.205 16113 16120 I ymous.x2ndbrain: NativeAlloc concurrent mark compact GC freed 1600KB AllocSpace bytes, 0(0B) LOS objects, 49% free, 14MB/28MB, paused 1.732ms,20.771ms total 80.658ms
06-13 20:39:48.288   528   557 W skia    : AGTM parsing failed flags.readFromStream(s) at 159
06-13 20:39:48.390   528   557 W skia    : AGTM parsing failed flags.readFromStream(s) at 159
06-13 20:39:48.491   528   557 W skia    : AGTM parsing failed flags.readFromStream(s) at 159
06-13 20:39:48.594   528   557 W skia    : AGTM parsing failed flags.readFromStream(s) at 159
06-13 20:39:48.709   528   557 W skia    : AGTM parsing failed flags.readFromStream(s) at 159
06-13 20:39:48.769 16113 16120 I ymous.x2ndbrain: NativeAlloc concurrent mark compact GC freed 1776KB AllocSpace bytes, 0(0B) LOS objects, 49% free, 14MB/28MB, paused 1.738ms,16.172ms total 83.329ms
06-13 20:39:48.853   528   557 W skia    : AGTM parsing failed flags.readFromStream(s) at 159
06-13 20:39:48.973   528   557 W skia    : AGTM parsing failed flags.readFromStream(s) at 159
06-13 20:39:49.107   528   557 W skia    : AGTM parsing failed flags.readFromStream(s) at 159
06-13 20:39:49.220   528   557 W skia    : AGTM parsing failed flags.readFromStream(s) at 159
06-13 20:39:49.321   528   557 W skia    : AGTM parsing failed flags.readFromStream(s) at 159
06-13 20:39:49.376 16113 16120 I ymous.x2ndbrain: NativeAlloc concurrent mark compact GC freed 1584KB AllocSpace bytes, 0(0B) LOS objects, 49% free, 14MB/28MB, paused 1.254ms,17.832ms total 76.588ms
06-13 20:39:49.476   528   557 W skia    : AGTM parsing failed flags.readFromStream(s) at 159
06-13 20:39:49.587   528   557 W skia    : AGTM parsing failed flags.readFromStream(s) at 159
06-13 20:39:49.689   528   557 W skia    : AGTM parsing failed flags.readFromStream(s) at 159
06-13 20:39:49.804   528   557 W skia    : AGTM parsing failed flags.readFromStream(s) at 159
06-13 20:39:49.907   528   557 W skia    : AGTM parsing failed flags.readFromStream(s) at 159
06-13 20:39:49.963 16113 16120 I ymous.x2ndbrain: NativeAlloc concurrent mark compact GC freed 1792KB AllocSpace bytes, 0(0B) LOS objects, 49% free, 14MB/28MB, paused 1.209ms,18.761ms total 61.012ms
06-13 20:39:50.053   528   557 W skia    : AGTM parsing failed flags.readFromStream(s) at 159
06-13 20:39:50.155   528   557 W skia    : AGTM parsing failed flags.readFromStream(s) at 159
06-13 20:39:50.256   528   557 W skia    : AGTM parsing failed flags.readFromStream(s) at 159
06-13 20:39:50.357   528   557 W skia    : AGTM parsing failed flags.readFromStream(s) at 159
06-13 20:39:50.461   528   557 W skia    : AGTM parsing failed flags.readFromStream(s) at 159
06-13 20:39:50.512 16113 16120 I ymous.x2ndbrain: NativeAlloc concurrent mark compact GC freed 1584KB AllocSpace bytes, 0(0B) LOS objects, 49% free, 14MB/28MB, paused 2.396ms,20.157ms total 80.656ms
06-13 20:39:50.607   528   557 W skia    : AGTM parsing failed flags.readFromStream(s) at 159
06-13 20:39:50.722   528   557 W skia    : AGTM parsing failed flags.readFromStream(s) at 159
06-13 20:39:50.823   528   557 W skia    : AGTM parsing failed flags.readFromStream(s) at 159
06-13 20:39:50.924   528   557 W skia    : AGTM parsing failed flags.readFromStream(s) at 159
06-13 20:39:51.024   528   557 W skia    : AGTM parsing failed flags.readFromStream(s) at 159
06-13 20:39:51.035   675   829 I HalDevMgr: bestIfaceCreationProposal is null, requestIface=STA, existingIface=[name=wlan0 type=STA]
06-13 20:39:51.038  1014  1172 D IpClient/wlan0: interfaceLinkStateChanged: ifindex 16 up
06-13 20:39:51.051  1014  1172 D IpClient/wlan0: interfaceLinkStateChanged: ifindex 16 up
06-13 20:39:51.094 16113 16120 I ymous.x2ndbrain: NativeAlloc concurrent mark compact GC freed 1712KB AllocSpace bytes, 0(0B) LOS objects, 49% free, 14MB/28MB, paused 1.757ms,17.558ms total 88.623ms
06-13 20:39:51.188   528   557 W skia    : AGTM parsing failed flags.readFromStream(s) at 159
06-13 20:39:51.304   528   557 W skia    : AGTM parsing failed flags.readFromStream(s) at 159
06-13 20:39:51.422   528   557 W skia    : AGTM parsing failed flags.readFromStream(s) at 159
06-13 20:39:51.537   528   557 W skia    : AGTM parsing failed flags.readFromStream(s) at 159
06-13 20:39:51.654   528   557 W skia    : AGTM parsing failed flags.readFromStream(s) at 159
06-13 20:39:51.720 16113 16120 I ymous.x2ndbrain: NativeAlloc concurrent mark compact GC freed 1744KB AllocSpace bytes, 0(0B) LOS objects, 50% free, 14MB/28MB, paused 1.205ms,21.929ms total 65.685ms
06-13 20:39:51.826   528   557 W skia    : AGTM parsing failed flags.readFromStream(s) at 159
06-13 20:39:51.950   528   557 W skia    : AGTM parsing failed flags.readFromStream(s) at 159
06-13 20:39:52.070   528   557 W skia    : AGTM parsing failed flags.readFromStream(s) at 159
06-13 20:39:52.171   528   557 W skia    : AGTM parsing failed flags.readFromStream(s) at 159
06-13 20:39:52.272   528   557 W skia    : AGTM parsing failed flags.readFromStream(s) at 159
06-13 20:39:52.317 16113 16120 I ymous.x2ndbrain: NativeAlloc concurrent mark compact GC freed 1872KB AllocSpace bytes, 0(0B) LOS objects, 49% free, 14MB/28MB, paused 1.200ms,19.086ms total 73.177ms
06-13 20:39:52.403   528   557 W skia    : AGTM parsing failed flags.readFromStream(s) at 159
06-13 20:39:52.504   528   557 W skia    : AGTM parsing failed flags.readFromStream(s) at 159
06-13 20:39:52.605   528   557 W skia    : AGTM parsing failed flags.readFromStream(s) at 159
06-13 20:39:52.721   528   557 W skia    : AGTM parsing failed flags.readFromStream(s) at 159
06-13 20:39:52.788  2843  4491 I artd    : GetBestInfo: odex next to the dex file (/data/app/~~xCWSPSiTbGWeOlbbQ8WCfA==/com.google.android.gms-6V8MJOZtvQBtjnCwEeoqLQ==/oat/x86_64/base.odex) is kOatUpToDate with filter 'speed-profile' executable 'false'
06-13 20:39:52.790  2843  4491 I artd    : GetBestInfo: dm (/data/app/~~xCWSPSiTbGWeOlbbQ8WCfA==/com.google.android.gms-6V8MJOZtvQBtjnCwEeoqLQ==/split_AdsDynamite_installtime.dm) is kOatUpToDate with filter 'verify' executable 'false'
06-13 20:39:52.791  2843  4491 I artd    : GetBestInfo: odex next to the dex file (/data/app/~~xCWSPSiTbGWeOlbbQ8WCfA==/com.google.android.gms-6V8MJOZtvQBtjnCwEeoqLQ==/oat/x86_64/split_CronetDynamite_installtime.odex) is kOatUpToDate with filter 'speed-profile' executable 'false'
06-13 20:39:52.794  2843  4491 I artd    : GetBestInfo: dm (/data/app/~~xCWSPSiTbGWeOlbbQ8WCfA==/com.google.android.gms-6V8MJOZtvQBtjnCwEeoqLQ==/split_DynamiteLoader_installtime.dm) is kOatUpToDate with filter 'verify' executable 'false'
06-13 20:39:52.796  2843  4491 I artd    : GetBestInfo: dm (/data/app/~~xCWSPSiTbGWeOlbbQ8WCfA==/com.google.android.gms-6V8MJOZtvQBtjnCwEeoqLQ==/split_DynamiteModulesA_installtime.dm) is kOatUpToDate with filter 'verify' executable 'false'
06-13 20:39:52.797  2843  4491 I artd    : GetBestInfo: dm (/data/app/~~xCWSPSiTbGWeOlbbQ8WCfA==/com.google.android.gms-6V8MJOZtvQBtjnCwEeoqLQ==/split_DynamiteModulesC_installtime.dm) is kOatUpToDate with filter 'verify' executable 'false'
06-13 20:39:52.799  2843  4491 I artd    : GetBestInfo: dm (/data/app/~~xCWSPSiTbGWeOlbbQ8WCfA==/com.google.android.gms-6V8MJOZtvQBtjnCwEeoqLQ==/split_GoogleCertificates_installtime.dm) is kOatUpToDate with filter 'verify' executable 'false'
06-13 20:39:52.801  2843  4491 I artd    : GetBestInfo: dm (/data/app/~~xCWSPSiTbGWeOlbbQ8WCfA==/com.google.android.gms-6V8MJOZtvQBtjnCwEeoqLQ==/split_MapsDynamite_installtime.dm) is kOatUpToDate with filter 'verify' executable 'false'
06-13 20:39:52.802  2843  2857 I artd    : GetBestInfo: dm (/data/app/~~xCWSPSiTbGWeOlbbQ8WCfA==/com.google.android.gms-6V8MJOZtvQBtjnCwEeoqLQ==/split_MeasurementDynamite_installtime.dm) is kOatUpToDate with filter 'verify' executable 'false'
06-13 20:39:52.822   528   557 W skia    : AGTM parsing failed flags.readFromStream(s) at 159
06-13 20:39:52.823  2843  2857 I artd    : GetBestInfo: dm (/data/app/~~xCWSPSiTbGWeOlbbQ8WCfA==/com.google.android.gms-6V8MJOZtvQBtjnCwEeoqLQ==/split_all_locale_splits.dm) is kOatUpToDate with filter 'verify' executable 'false'
06-13 20:39:52.823  2843  4491 I artd    : GetBestInfo: /data/user_de/0/com.google.android.gms/app_chimera/m/00000001/CronetDynamite.apk has no usable artifacts
06-13 20:39:52.824  2843  2857 I artd    : GetBestInfo: /data/user_de/0/com.google.android.gms/app_chimera/m/00000011/dl-VisionOcr.optional_262031100000.apk has no usable artifacts
06-13 20:39:52.824  2843  2857 I artd    : GetBestInfo: /data/user_de/0/com.google.android.gms/app_chimera/m/00000002/DynamiteLoader.apk has no usable artifacts
06-13 20:39:52.825  2843  4491 I artd    : GetBestInfo: /data/user_de/0/com.google.android.gms/app_chimera/m/0000000e/dl-MlkitBarcodeUi.optional_260235100800.apk has no usable artifacts
06-13 20:39:52.826  2843  2857 I artd    : GetBestInfo: /data/user_de/0/com.google.android.gms/app_chimera/m/00000005/GoogleCertificates.apk has no usable artifacts
06-13 20:39:52.827  2843  2857 I artd    : GetBestInfo: /data/user_de/0/com.google.android.gms/app_chimera/m/00000014/dl-TfliteDynamiteDynamite.integ_252130102100800.apk has no usable artifacts
06-13 20:39:52.828  2843  4491 I artd    : GetBestInfo: /data/user_de/0/com.google.android.gms/app_chimera/m/00000010/dl-PlayCloudSearch.optional_260235100000.apk has no usable artifacts
06-13 20:39:52.830  2843  2857 I artd    : GetBestInfo: /data/user_de/0/com.google.android.gms/app_chimera/m/0000000a/dl-MlkitOcrCommon.optional_260235100800.apk has no usable artifacts
06-13 20:39:52.831  2843  4491 I artd    : GetBestInfo: /data/user_de/0/com.google.android.gms/app_chimera/m/00000013/dl-Appsearch.optional_262031100800.apk has no usable artifacts
06-13 20:39:52.832  2843  2857 I artd    : GetBestInfo: /data/user_de/0/com.google.android.gms/app_chimera/m/00000008/dl-VisionOcr.optional_260235100000.apk has no usable artifacts
06-13 20:39:52.833  2843  4491 I artd    : GetBestInfo: /data/user_de/0/com.google.android.gms/app_chimera/m/00000016/dl-MlkitOcrCommon.optional_262031100800.apk has no usable artifacts
06-13 20:39:52.835  2843  2857 I artd    : GetBestInfo: /data/user_de/0/com.google.android.gms/app_chimera/m/0000000b/dl-Appsearch.optional_260235100800.apk has no usable artifacts
06-13 20:39:52.836  2843  4491 I artd    : GetBestInfo: vdex next to the dex file (/data/user/0/com.google.android.gms/app_dg_cache/1C62BDE86218FBAA50DF06C4A79F5C3FE74B69EC/oat/x86_64/the.vdex) is kOatUpToDate with filter 'verify' executable 'false'
06-13 20:39:52.837  2843  2857 I artd    : GetBestInfo: /data/user_de/0/com.google.android.gms/app_chimera/m/00000012/dl-PlayCloudSearch.optional_262031100000.apk has no usable artifacts
06-13 20:39:52.838  2843  4491 I artd    : GetBestInfo: /data/user_de/0/com.google.android.gms/app_chimera/m/00000015/dl-MlkitBarcodeUi.optional_262031100800.apk has no usable artifacts
06-13 20:39:52.839  2843  2857 I artd    : GetBestInfo: /data/user_de/0/com.google.android.gms/app_chimera/m/00000007/MeasurementDynamite.apk has no usable artifacts
06-13 20:39:52.839  2843  4491 I artd    : GetBestInfo: /data/user_de/0/com.google.android.gms/app_chimera/m/00000019/dl-IdentityCredentialsPlatform.optional_262031100800.apk has no usable artifacts
06-13 20:39:52.868 16113 16120 I ymous.x2ndbrain: NativeAlloc concurrent mark compact GC freed 1824KB AllocSpace bytes, 0(0B) LOS objects, 49% free, 14MB/28MB, paused 1.720ms,15.885ms total 67.270ms
06-13 20:39:52.970   528   557 W skia    : AGTM parsing failed flags.readFromStream(s) at 159
06-13 20:39:53.070   528   557 W skia    : AGTM parsing failed flags.readFromStream(s) at 159
06-13 20:39:53.172   528   557 W skia    : AGTM parsing failed flags.readFromStream(s) at 159
06-13 20:39:53.267 16113 16120 I ymous.x2ndbrain: NativeAlloc concurrent mark compact GC freed 1376KB AllocSpace bytes, 0(0B) LOS objects, 50% free, 14MB/28MB, paused 1.091ms,14.373ms total 48.966ms
06-13 20:39:53.273   528   557 W skia    : AGTM parsing failed flags.readFromStream(s) at 159
06-13 20:39:53.375   528   557 W skia    : AGTM parsing failed flags.readFromStream(s) at 159
06-13 20:39:53.477   528   557 W skia    : AGTM parsing failed flags.readFromStream(s) at 159
06-13 20:39:53.579   528   557 W skia    : AGTM parsing failed flags.readFromStream(s) at 159
06-13 20:39:53.687   528   557 W skia    : AGTM parsing failed flags.readFromStream(s) at 159
06-13 20:39:53.788   528   557 W skia    : AGTM parsing failed flags.readFromStream(s) at 159
06-13 20:39:53.834 16113 16120 I ymous.x2ndbrain: NativeAlloc concurrent mark compact GC freed 1856KB AllocSpace bytes, 0(0B) LOS objects, 49% free, 14MB/28MB, paused 1.681ms,16.777ms total 65.313ms
06-13 20:39:53.920   528   557 W skia    : AGTM parsing failed flags.readFromStream(s) at 159
06-13 20:39:54.022   528   557 W skia    : AGTM parsing failed flags.readFromStream(s) at 159
06-13 20:39:54.042   675   829 I HalDevMgr: bestIfaceCreationProposal is null, requestIface=STA, existingIface=[name=wlan0 type=STA]
06-13 20:39:54.123   528   557 W skia    : AGTM parsing failed flags.readFromStream(s) at 159
06-13 20:39:54.224   528   557 W skia    : AGTM parsing failed flags.readFromStream(s) at 159
06-13 20:39:54.293  1051  1196 D SatelliteController: isInCarrierRoamingNbIotNtn: satellite is disabled
06-13 20:39:54.293  1051  1196 D SatelliteController: getCarrierRoamingNtnConnectType: Checking connect type from PLMN config for subId: 1
06-13 20:39:54.293  1051  1196 D SatelliteController: getSatellitePerPlmnConfiguration: invalid subId or not supported via carrier.
06-13 20:39:54.293  1051  1196 D SatelliteController: getCarrierRoamingNtnConnectType: config: null
06-13 20:39:54.294  1051  1196 D SatelliteController: getCarrierRoamingNtnConnectType: Falling back to global carrier config connect type: 0
06-13 20:39:54.294  1051  1196 D SatelliteController: updateLastNotifiedCarrierRoamingNtnSignalStrengthAndNotify(1)
06-13 20:39:54.294  1051  1196 D SatelliteController: updateLastNotifiedCarrierRoamingNtnSignalStrengthAndNotify(1) lastNotifiedSignalStrength level: 0
06-13 20:39:54.295  1051  1196 D SatelliteController: updateLastNotifiedCarrierRoamingNtnSignalStrengthAndNotify(1) currSignalStrength level: 0
06-13 20:39:54.301 16113 16120 I ymous.x2ndbrain: NativeAlloc concurrent mark compact GC freed 1712KB AllocSpace bytes, 0(0B) LOS objects, 49% free, 14MB/28MB, paused 1.253ms,14.057ms total 52.118ms
06-13 20:39:54.325   528   557 W skia    : AGTM parsing failed flags.readFromStream(s) at 159
06-13 20:39:54.427   528   557 W skia    : AGTM parsing failed flags.readFromStream(s) at 159
06-13 20:39:54.529   528   557 W skia    : AGTM parsing failed flags.readFromStream(s) at 159
06-13 20:39:54.631   528   557 W skia    : AGTM parsing failed flags.readFromStream(s) at 159
06-13 20:39:54.732   528   557 W skia    : AGTM parsing failed flags.readFromStream(s) at 159
06-13 20:39:54.815 16113 16120 I ymous.x2ndbrain: NativeAlloc concurrent mark compact GC freed 1776KB AllocSpace bytes, 0(0B) LOS objects, 49% free, 14MB/28MB, paused 1.356ms,13.429ms total 55.081ms
06-13 20:39:54.833   528   557 W skia    : AGTM parsing failed flags.readFromStream(s) at 159
06-13 20:39:54.933   528   557 W skia    : AGTM parsing failed flags.readFromStream(s) at 159
06-13 20:39:55.035   528   557 W skia    : AGTM parsing failed flags.readFromStream(s) at 159
06-13 20:39:55.063   675   833 E Nl80211Native: getChannelsMhzForBand: Wiphy index not recorded for band 8
06-13 20:39:55.063   675   833 E Nl80211Native: getChannelsMhzForBand: Wiphy index not recorded for band 16
06-13 20:39:55.064   675   833 D Nl80211Native: Ignoring unsupported scan type 2
06-13 20:39:55.064   675   833 I Nl80211Proxy: Sending Nl80211 message: GenericNetlinkMsg{ nlHeader{StructNlMsgHdr{ nlmsg_len{56}, nlmsg_type{30()}, nlmsg_flags{5(NLM_F_REQUEST|NLM_F_ACK)}, nlmsg_seq{201}, nlmsg_pid{0} }}, genNlHeader{StructGenNlMsgHdr{ command{33}, version{1}, reserved{0} }}, attributes{[StructNlAttr{ nla_len{8}, nla_type{-32723}, nla_value{04000000}, }, StructNlAttr{ nla_len{8}, nla_type{3}, nla_value{10000000}, }, StructNlAttr{ nla_len{12}, nla_type{-32724}, nla_value{080000008F090000}, }, StructNlAttr{ nla_len{8}, nla_type{158}, nla_value{00000000}, }]} }
06-13 20:39:55.064   675   833 I Nl80211Proxy: Received NLMSG_ERROR with error 0 for message GenericNetlinkMsg{ nlHeader{StructNlMsgHdr{ nlmsg_len{56}, nlmsg_type{30()}, nlmsg_flags{5(NLM_F_REQUEST|NLM_F_ACK)}, nlmsg_seq{201}, nlmsg_pid{0} }}, genNlHeader{StructGenNlMsgHdr{ command{33}, version{1}, reserved{0} }}, attributes{[StructNlAttr{ nla_len{8}, nla_type{-32723}, nla_value{04000000}, }, StructNlAttr{ nla_len{8}, nla_type{3}, nla_value{10000000}, }, StructNlAttr{ nla_len{12}, nla_type{-32724}, nla_value{080000008F090000}, }, StructNlAttr{ nla_len{8}, nla_type{158}, nla_value{00000000}, }]} }
06-13 20:39:55.116   675   829 D WifiNative: Scan result ready event
06-13 20:39:55.116   675   833 I Nl80211Proxy: Sending Nl80211 message: GenericNetlinkMsg{ nlHeader{StructNlMsgHdr{ nlmsg_len{20}, nlmsg_type{30()}, nlmsg_flags{769(NLM_F_REQUEST|NLM_F_DUMP)}, nlmsg_seq{202}, nlmsg_pid{0} }}, genNlHeader{StructGenNlMsgHdr{ command{5}, version{1}, reserved{0} }}, attributes{[]} }
06-13 20:39:55.116   675   833 I Nl80211Proxy: Received NLMSG_DONE for message GenericNetlinkMsg{ nlHeader{StructNlMsgHdr{ nlmsg_len{20}, nlmsg_type{30()}, nlmsg_flags{769(NLM_F_REQUEST|NLM_F_DUMP)}, nlmsg_seq{202}, nlmsg_pid{0} }}, genNlHeader{StructGenNlMsgHdr{ command{5}, version{1}, reserved{0} }}, attributes{[]} }
06-13 20:39:55.116   675   833 W Nl80211Utils: Malformed NEW_INTERFACE response: missing attributes
06-13 20:39:55.116   675   833 I Nl80211Proxy: Sending Nl80211 message: GenericNetlinkMsg{ nlHeader{StructNlMsgHdr{ nlmsg_len{28}, nlmsg_type{30()}, nlmsg_flags{769(NLM_F_REQUEST|NLM_F_DUMP)}, nlmsg_seq{203}, nlmsg_pid{0} }}, genNlHeader{StructGenNlMsgHdr{ command{32}, version{1}, reserved{0} }}, attributes{[StructNlAttr{ nla_len{8}, nla_type{3}, nla_value{10000000}, }]} }
06-13 20:39:55.116   675   833 I Nl80211Proxy: Received NLMSG_DONE for message GenericNetlinkMsg{ nlHeader{StructNlMsgHdr{ nlmsg_len{28}, nlmsg_type{30()}, nlmsg_flags{769(NLM_F_REQUEST|NLM_F_DUMP)}, nlmsg_seq{203}, nlmsg_pid{0} }}, genNlHeader{StructGenNlMsgHdr{ command{32}, version{1}, reserved{0} }}, attributes{[StructNlAttr{ nla_len{8}, nla_type{3}, nla_value{10000000}, }]} }
06-13 20:39:55.117  1216  1225 I WifiScanner: onFullResults
06-13 20:39:55.117  1216  1225 I WifiScanner: onFullResults
06-13 20:39:55.122   675   829 I HalDevMgr: bestIfaceCreationProposal is null, requestIface=STA, existingIface=[name=wlan0 type=STA]
06-13 20:39:55.137   528   557 W skia    : AGTM parsing failed flags.readFromStream(s) at 159
06-13 20:39:55.238   528   557 W skia    : AGTM parsing failed flags.readFromStream(s) at 159
06-13 20:39:55.316 16113 16120 I ymous.x2ndbrain: NativeAlloc concurrent mark compact GC freed 1760KB AllocSpace bytes, 0(0B) LOS objects, 49% free, 14MB/28MB, paused 1.481ms,12.978ms total 49.962ms
06-13 20:39:55.339   528   557 W skia    : AGTM parsing failed flags.readFromStream(s) at 159
06-13 20:39:55.439   528   557 W skia    : AGTM parsing failed flags.readFromStream(s) at 159
06-13 20:39:55.541   528   557 W skia    : AGTM parsing failed flags.readFromStream(s) at 159
06-13 20:39:55.643   528   557 W skia    : AGTM parsing failed flags.readFromStream(s) at 159
06-13 20:39:55.744   528   557 W skia    : AGTM parsing failed flags.readFromStream(s) at 159
06-13 20:39:55.845   528   557 W skia    : AGTM parsing failed flags.readFromStream(s) at 159
06-13 20:39:55.891 16113 16120 I ymous.x2ndbrain: NativeAlloc concurrent mark compact GC freed 1824KB AllocSpace bytes, 0(0B) LOS objects, 49% free, 14MB/28MB, paused 1.401ms,20.652ms total 68.095ms
06-13 20:39:55.987   528   557 W skia    : AGTM parsing failed flags.readFromStream(s) at 159
06-13 20:39:56.087   528   557 W skia    : AGTM parsing failed flags.readFromStream(s) at 159
06-13 20:39:56.188   528   557 W skia    : AGTM parsing failed flags.readFromStream(s) at 159
06-13 20:39:56.289   528   557 W skia    : AGTM parsing failed flags.readFromStream(s) at 159
06-13 20:39:56.390   528   557 W skia    : AGTM parsing failed flags.readFromStream(s) at 159
06-13 20:39:56.420 16113 16120 I ymous.x2ndbrain: NativeAlloc concurrent mark compact GC freed 1888KB AllocSpace bytes, 0(0B) LOS objects, 49% free, 14MB/28MB, paused 1.373ms,13.993ms total 56.047ms
06-13 20:39:56.520   528   557 W skia    : AGTM parsing failed flags.readFromStream(s) at 159
06-13 20:39:56.621   528   557 W skia    : AGTM parsing failed flags.readFromStream(s) at 159
06-13 20:39:56.722   528   557 W skia    : AGTM parsing failed flags.readFromStream(s) at 159
06-13 20:39:56.823   528   557 W skia    : AGTM parsing failed flags.readFromStream(s) at 159
06-13 20:39:56.924   528   557 W skia    : AGTM parsing failed flags.readFromStream(s) at 159
06-13 20:39:56.954 16113 16120 I ymous.x2ndbrain: NativeAlloc concurrent mark compact GC freed 1808KB AllocSpace bytes, 0(0B) LOS objects, 50% free, 14MB/28MB, paused 4.923ms,19.202ms total 61.434ms
06-13 20:39:57.052   528   557 W skia    : AGTM parsing failed flags.readFromStream(s) at 159
06-13 20:39:57.061   675   829 I HalDevMgr: bestIfaceCreationProposal is null, requestIface=STA, existingIface=[name=wlan0 type=STA]
06-13 20:39:57.064  1014  1172 D IpClient/wlan0: interfaceLinkStateChanged: ifindex 16 up
06-13 20:39:57.069  1014  1172 D IpClient/wlan0: interfaceLinkStateChanged: ifindex 16 up
06-13 20:39:57.172   528   557 W skia    : AGTM parsing failed flags.readFromStream(s) at 159
06-13 20:39:57.273   528   557 W skia    : AGTM parsing failed flags.readFromStream(s) at 159
06-13 20:39:57.387   528   557 W skia    : AGTM parsing failed flags.readFromStream(s) at 159
06-13 20:39:57.503   528   557 W skia    : AGTM parsing failed flags.readFromStream(s) at 159
06-13 20:39:57.558 16113 16120 I ymous.x2ndbrain: NativeAlloc concurrent mark compact GC freed 1920KB AllocSpace bytes, 0(0B) LOS objects, 50% free, 14MB/28MB, paused 1.320ms,22.155ms total 75.712ms
06-13 20:39:57.656   528   557 W skia    : AGTM parsing failed flags.readFromStream(s) at 159
06-13 20:39:57.771   528   557 W skia    : AGTM parsing failed flags.readFromStream(s) at 159
06-13 20:39:57.872   528   557 W skia    : AGTM parsing failed flags.readFromStream(s) at 159
06-13 20:39:57.973   528   557 W skia    : AGTM parsing failed flags.readFromStream(s) at 159
06-13 20:39:58.074   528   557 W skia    : AGTM parsing failed flags.readFromStream(s) at 159
06-13 20:39:58.117 16113 16120 I ymous.x2ndbrain: NativeAlloc concurrent mark compact GC freed 1840KB AllocSpace bytes, 0(0B) LOS objects, 49% free, 14MB/28MB, paused 1.505ms,25.300ms total 74.845ms
06-13 20:39:58.209   528   557 W skia    : AGTM parsing failed flags.readFromStream(s) at 159
06-13 20:39:58.312   528   557 W skia    : AGTM parsing failed flags.readFromStream(s) at 159
06-13 20:39:58.413   528   557 W skia    : AGTM parsing failed flags.readFromStream(s) at 159
06-13 20:39:58.522   528   557 W skia    : AGTM parsing failed flags.readFromStream(s) at 159
06-13 20:39:58.622   528   557 W skia    : AGTM parsing failed flags.readFromStream(s) at 159
06-13 20:39:58.671 16113 16120 I ymous.x2ndbrain: NativeAlloc concurrent mark compact GC freed 1600KB AllocSpace bytes, 0(0B) LOS objects, 49% free, 14MB/28MB, paused 1.784ms,14.109ms total 75.086ms
06-13 20:39:58.752   528   557 W skia    : AGTM parsing failed flags.readFromStream(s) at 159
06-13 20:39:58.871   528   557 W skia    : AGTM parsing failed flags.readFromStream(s) at 159
06-13 20:39:58.971   528   557 W skia    : AGTM parsing failed flags.readFromStream(s) at 159
06-13 20:39:59.089   528   557 W skia    : AGTM parsing failed flags.readFromStream(s) at 159
06-13 20:39:59.208   528   557 W skia    : AGTM parsing failed flags.readFromStream(s) at 159
06-13 20:39:59.252 16113 16120 I ymous.x2ndbrain: NativeAlloc concurrent mark compact GC freed 1824KB AllocSpace bytes, 0(0B) LOS objects, 49% free, 14MB/28MB, paused 2.074ms,16.396ms total 70.698ms
06-13 20:39:59.371   528   557 W skia    : AGTM parsing failed flags.readFromStream(s) at 159
06-13 20:39:59.488   528   557 W skia    : AGTM parsing failed flags.readFromStream(s) at 159
06-13 20:39:59.604   528   557 W skia    : AGTM parsing failed flags.readFromStream(s) at 159
06-13 20:39:59.704   528   557 W skia    : AGTM parsing failed flags.readFromStream(s) at 159
06-13 20:39:59.804   528   557 W skia    : AGTM parsing failed flags.readFromStream(s) at 159
06-13 20:39:59.856 16113 16120 I ymous.x2ndbrain: NativeAlloc concurrent mark compact GC freed 1664KB AllocSpace bytes, 0(0B) LOS objects, 49% free, 14MB/28MB, paused 1.838ms,22.458ms total 73.486ms
06-13 20:39:59.938   528   557 W skia    : AGTM parsing failed flags.readFromStream(s) at 159
06-13 20:40:00.063   528   557 W skia    : AGTM parsing failed flags.readFromStream(s) at 159
06-13 20:40:00.084   675   829 I HalDevMgr: bestIfaceCreationProposal is null, requestIface=STA, existingIface=[name=wlan0 type=STA]
06-13 20:40:00.164   528   557 W skia    : AGTM parsing failed flags.readFromStream(s) at 159
06-13 20:40:00.265   528   557 W skia    : AGTM parsing failed flags.readFromStream(s) at 159
06-13 20:40:00.367   528   557 W skia    : AGTM parsing failed flags.readFromStream(s) at 159
06-13 20:40:00.451 16113 16120 I ymous.x2ndbrain: NativeAlloc concurrent mark compact GC freed 1728KB AllocSpace bytes, 0(0B) LOS objects, 49% free, 14MB/28MB, paused 1.531ms,14.529ms total 56.131ms
06-13 20:40:00.468   528   557 W skia    : AGTM parsing failed flags.readFromStream(s) at 159
06-13 20:40:00.570   528   557 W skia    : AGTM parsing failed flags.readFromStream(s) at 159
06-13 20:40:00.672   528   557 W skia    : AGTM parsing failed flags.readFromStream(s) at 159
06-13 20:40:00.787   528   557 W skia    : AGTM parsing failed flags.readFromStream(s) at 159
06-13 20:40:00.903   528   557 W skia    : AGTM parsing failed flags.readFromStream(s) at 159
06-13 20:40:01.011   528   557 W skia    : AGTM parsing failed flags.readFromStream(s) at 159
06-13 20:40:01.065 16113 16120 I ymous.x2ndbrain: NativeAlloc concurrent mark compact GC freed 1776KB AllocSpace bytes, 0(0B) LOS objects, 50% free, 14MB/28MB, paused 950us,17.383ms total 66.224ms
06-13 20:40:01.189   528   557 W skia    : AGTM parsing failed flags.readFromStream(s) at 159
06-13 20:40:01.291   528   557 W skia    : AGTM parsing failed flags.readFromStream(s) at 159
06-13 20:40:01.404   528   557 W skia    : AGTM parsing failed flags.readFromStream(s) at 159
06-13 20:40:01.505   528   557 W skia    : AGTM parsing failed flags.readFromStream(s) at 159
06-13 20:40:01.607   528   557 W skia    : AGTM parsing failed flags.readFromStream(s) at 159
06-13 20:40:01.644 16113 16120 I ymous.x2ndbrain: NativeAlloc concurrent mark compact GC freed 1952KB AllocSpace bytes, 0(0B) LOS objects, 50% free, 14MB/28MB, paused 1.554ms,20.322ms total 64.967ms
06-13 20:40:01.719   528   557 W skia    : AGTM parsing failed flags.readFromStream(s) at 159
06-13 20:40:01.821   528   557 W skia    : AGTM parsing failed flags.readFromStream(s) at 159
06-13 20:40:01.922   528   557 W skia    : AGTM parsing failed flags.readFromStream(s) at 159
06-13 20:40:02.023   528   557 W skia    : AGTM parsing failed flags.readFromStream(s) at 159
06-13 20:40:02.124   528   557 W skia    : AGTM parsing failed flags.readFromStream(s) at 159
06-13 20:40:02.156 16113 16120 I ymous.x2ndbrain: NativeAlloc concurrent mark compact GC freed 1616KB AllocSpace bytes, 0(0B) LOS objects, 49% free, 14MB/28MB, paused 1.777ms,22.104ms total 71.653ms
06-13 20:40:02.236   528   557 W skia    : AGTM parsing failed flags.readFromStream(s) at 159
06-13 20:40:02.354   528   557 W skia    : AGTM parsing failed flags.readFromStream(s) at 159
06-13 20:40:02.455   528   557 W skia    : AGTM parsing failed flags.readFromStream(s) at 159
06-13 20:40:02.556   528   557 W skia    : AGTM parsing failed flags.readFromStream(s) at 159
06-13 20:40:02.657   528   557 W skia    : AGTM parsing failed flags.readFromStream(s) at 159
06-13 20:40:02.703 16113 16120 I ymous.x2ndbrain: NativeAlloc concurrent mark compact GC freed 1904KB AllocSpace bytes, 0(0B) LOS objects, 50% free, 14MB/28MB, paused 1.594ms,24.564ms total 79.209ms
06-13 20:40:02.789   528   557 W skia    : AGTM parsing failed flags.readFromStream(s) at 159
06-13 20:40:02.872   675   684 I system_server: Background young concurrent mark compact GC freed 21MB AllocSpace bytes, 4(128KB) LOS objects, 34% free, 38MB/58MB, paused 1.295ms,52.242ms total 83.152ms
06-13 20:40:02.891   528   557 W skia    : AGTM parsing failed flags.readFromStream(s) at 159
06-13 20:40:02.893  2843  4491 I artd    : GetBestInfo: odex next to the dex file (/data/app/~~xCWSPSiTbGWeOlbbQ8WCfA==/com.google.android.gms-6V8MJOZtvQBtjnCwEeoqLQ==/oat/x86_64/base.odex) is kOatUpToDate with filter 'speed-profile' executable 'false'
06-13 20:40:02.895  2843  4491 I artd    : GetBestInfo: dm (/data/app/~~xCWSPSiTbGWeOlbbQ8WCfA==/com.google.android.gms-6V8MJOZtvQBtjnCwEeoqLQ==/split_AdsDynamite_installtime.dm) is kOatUpToDate with filter 'verify' executable 'false'
06-13 20:40:02.896  2843  4491 I artd    : GetBestInfo: odex next to the dex file (/data/app/~~xCWSPSiTbGWeOlbbQ8WCfA==/com.google.android.gms-6V8MJOZtvQBtjnCwEeoqLQ==/oat/x86_64/split_CronetDynamite_installtime.odex) is kOatUpToDate with filter 'speed-profile' executable 'false'
06-13 20:40:02.897  2843  4491 I artd    : GetBestInfo: dm (/data/app/~~xCWSPSiTbGWeOlbbQ8WCfA==/com.google.android.gms-6V8MJOZtvQBtjnCwEeoqLQ==/split_DynamiteLoader_installtime.dm) is kOatUpToDate with filter 'verify' executable 'false'
06-13 20:40:02.898  2843  4491 I artd    : GetBestInfo: dm (/data/app/~~xCWSPSiTbGWeOlbbQ8WCfA==/com.google.android.gms-6V8MJOZtvQBtjnCwEeoqLQ==/split_DynamiteModulesA_installtime.dm) is kOatUpToDate with filter 'verify' executable 'false'
06-13 20:40:02.899  2843  4491 I artd    : GetBestInfo: dm (/data/app/~~xCWSPSiTbGWeOlbbQ8WCfA==/com.google.android.gms-6V8MJOZtvQBtjnCwEeoqLQ==/split_DynamiteModulesC_installtime.dm) is kOatUpToDate with filter 'verify' executable 'false'
06-13 20:40:02.903  2843  4491 I artd    : GetBestInfo: dm (/data/app/~~xCWSPSiTbGWeOlbbQ8WCfA==/com.google.android.gms-6V8MJOZtvQBtjnCwEeoqLQ==/split_GoogleCertificates_installtime.dm) is kOatUpToDate with filter 'verify' executable 'false'
06-13 20:40:02.904  2843  4491 I artd    : GetBestInfo: dm (/data/app/~~xCWSPSiTbGWeOlbbQ8WCfA==/com.google.android.gms-6V8MJOZtvQBtjnCwEeoqLQ==/split_MapsDynamite_installtime.dm) is kOatUpToDate with filter 'verify' executable 'false'
06-13 20:40:02.905  2843  4491 I artd    : GetBestInfo: dm (/data/app/~~xCWSPSiTbGWeOlbbQ8WCfA==/com.google.android.gms-6V8MJOZtvQBtjnCwEeoqLQ==/split_MeasurementDynamite_installtime.dm) is kOatUpToDate with filter 'verify' executable 'false'
06-13 20:40:02.906  2843  4491 I artd    : GetBestInfo: dm (/data/app/~~xCWSPSiTbGWeOlbbQ8WCfA==/com.google.android.gms-6V8MJOZtvQBtjnCwEeoqLQ==/split_all_locale_splits.dm) is kOatUpToDate with filter 'verify' executable 'false'
06-13 20:40:02.907  2843  4491 I artd    : GetBestInfo: /data/user_de/0/com.google.android.gms/app_chimera/m/00000001/CronetDynamite.apk has no usable artifacts
06-13 20:40:02.908  2843  4491 I artd    : GetBestInfo: /data/user_de/0/com.google.android.gms/app_chimera/m/00000011/dl-VisionOcr.optional_262031100000.apk has no usable artifacts
