06-13 18:14:48.624  7205  7350 D nativeloader: Configuring clns-11 for other apk /data/app/~~ENdrVCrfuk5cTolO7DQPTg==/com.google.android.webview-hij-acrlkHbCPaSD_fpU-A==/WebViewGoogle.apk. target_sdk_version=36, uses_libraries=, library_path=/data/app/~~ENdrVCrfuk5cTolO7DQPTg==/com.google.android.webview-hij-acrlkHbCPaSD_fpU-A==/lib/x86_64:/data/app/~~ENdrVCrfuk5cTolO7DQPTg==/com.google.android.webview-hij-acrlkHbCPaSD_fpU-A==/WebViewGoogle.apk!/lib/x86_64:/data/app/~~P1lxxaROSDgFJll3S1AH2w==/com.google.android.trichromelibrary_763204538-EEJkeFi_-xvliJ9MwlOZgw==/TrichromeLibrary.apk!/lib/x86_64, permitted_path=/data:/mnt/expand
06-13 18:14:48.634   675   704 I libprocessgroup: Removed cgroup /sys/fs/cgroup/apps/uid_10220/pid_5382
06-13 18:14:48.638   675  1969 I ActivityManager: Process com.google.android.partnersetup (pid 5422) has died: cch  +55 CEM 
06-13 18:14:48.640   459   459 I Zygote  : Process 5422 exited due to signal 9 (Killed)
06-13 18:14:48.644   675   704 I libprocessgroup: Removed cgroup /sys/fs/cgroup/apps/uid_10153/pid_5422
06-13 18:14:48.708  7205  7349 D nativeloader: Load /data/app/~~tOyPtkARD2XerTvaZ8WMRg==/com.anonymous.x2ndbrain-zzLsgOmsGNkYxBAZPxNwtA==/base.apk!/lib/x86_64/libworklets.so using class loader ns clns-9 (caller=/data/app/~~tOyPtkARD2XerTvaZ8WMRg==/com.anonymous.x2ndbrain-zzLsgOmsGNkYxBAZPxNwtA==/base.apk!classes21.dex): ok
06-13 18:14:48.718  7205  7349 D nativeloader: Load /data/app/~~tOyPtkARD2XerTvaZ8WMRg==/com.anonymous.x2ndbrain-zzLsgOmsGNkYxBAZPxNwtA==/base.apk!/lib/x86_64/libexpo-modules-core.so using class loader ns clns-9 (caller=/data/app/~~tOyPtkARD2XerTvaZ8WMRg==/com.anonymous.x2ndbrain-zzLsgOmsGNkYxBAZPxNwtA==/base.apk!classes21.dex): ok
06-13 18:14:48.723  7205  7350 I cr_WVCFactoryProvider: version=145.0.7632.45 (763204538) minSdkVersion=29 multiprocess=true packageId=2 splits=<none>
06-13 18:14:48.738  7205  7350 D nativeloader: Load /data/app/~~P1lxxaROSDgFJll3S1AH2w==/com.google.android.trichromelibrary_763204538-EEJkeFi_-xvliJ9MwlOZgw==/TrichromeLibrary.apk!/lib/x86_64/libmonochrome_64.so using class loader ns clns-11 (caller=/data/app/~~ENdrVCrfuk5cTolO7DQPTg==/com.google.android.webview-hij-acrlkHbCPaSD_fpU-A==/WebViewGoogle.apk): ok
06-13 18:14:48.742   308   308 I lowmemorykiller: Kill 'com.android.chrome' (5452), uid 10163, oom_score_adj 945 to free 104824kB rss, 34772kB swap, 0kB dmabuf_pss, 0kB dmabuf_rss; reason: low watermark is breached
06-13 18:14:48.749  7205  7218 I ymous.x2ndbrain: NativeAlloc concurrent mark compact GC freed 1280KB AllocSpace bytes, 8(416KB) LOS objects, 49% free, 8361KB/16MB, paused 1.279ms,11.180ms total 42.118ms
06-13 18:14:48.757  7205  7350 D nativeloader: Load /system/lib64/libwebviewchromium_plat_support.so using class loader ns clns-11 (caller=/data/app/~~ENdrVCrfuk5cTolO7DQPTg==/com.google.android.webview-hij-acrlkHbCPaSD_fpU-A==/WebViewGoogle.apk): ok
06-13 18:14:48.760   459   459 I Zygote  : Process 5452 exited due to signal 9 (Killed)
06-13 18:14:48.760   675  1969 I ActivityManager: Process com.android.chrome (pid 5452) has died: cch  +45 CEM 
06-13 18:14:48.763   675   704 I libprocessgroup: Removed cgroup /sys/fs/cgroup/apps/uid_10163/pid_5452
06-13 18:14:48.767  7205  7365 I chromium: [0613/181448.767799:INFO:android_webview/browser/variations/variations_seed_loader.cc:67] Failed to open file for reading.: No such file or directory (2)
06-13 18:14:48.768  7205  7365 I chromium: [0613/181448.768141:INFO:android_webview/browser/variations/variations_seed_loader.cc:67] Failed to open file for reading.: No such file or directory (2)
06-13 18:14:48.774  7205  7350 I cr_LibraryLoader: Successfully loaded native library
06-13 18:14:48.775  7205  7350 I cr_CachingUmaRecorder: Flushed 16 samples from 16 histograms, 0 samples were dropped.
06-13 18:14:48.890  7205  7349 W unknown:ViewManagerPropertyUpdater: Could not find generated setter for class expo.modules.kotlin.views.GroupViewManagerWrapper
06-13 18:14:48.895  7205  7349 W unknown:ViewManagerPropertyUpdater: Could not find generated setter for class com.facebook.react.uimanager.LayoutShadowNode
06-13 18:14:48.897  7205  7349 W unknown:ViewManagerPropertyUpdater: Could not find generated setter for class com.swmansion.rnscreens.ScreenContainerViewManager
06-13 18:14:48.902  7205  7349 W unknown:ViewManagerPropertyUpdater: Could not find generated setter for class com.swmansion.rnscreens.gamma.tabs.host.TabsHostViewManager
06-13 18:14:48.903  7205  7349 W unknown:ViewManagerPropertyUpdater: Could not find generated setter for class com.swmansion.rnscreens.ScreenStackHeaderConfigViewManager
06-13 18:14:48.905  7205  7349 W unknown:ViewManagerPropertyUpdater: Could not find generated setter for class com.swmansion.rnscreens.ScreenStackHeaderSubviewManager
06-13 18:14:48.909  7205  7349 W unknown:ViewManagerPropertyUpdater: Could not find generated setter for class com.swmansion.rnscreens.gamma.scrollviewmarker.ScrollViewMarkerViewManager
06-13 18:14:48.910  7205  7349 W unknown:ViewManagerPropertyUpdater: Could not find generated setter for class com.swmansion.rnscreens.ScreenContentWrapperManager
06-13 18:14:48.913  7205  7349 W unknown:ViewManagerPropertyUpdater: Could not find generated setter for class com.swmansion.rnscreens.gamma.stack.screen.StackScreenViewManager
06-13 18:14:48.915  7205  7349 W unknown:ViewManagerPropertyUpdater: Could not find generated setter for class com.th3rdwave.safeareacontext.SafeAreaViewManager
06-13 18:14:48.917  7205  7349 W unknown:ViewManagerPropertyUpdater: Could not find generated setter for class com.th3rdwave.safeareacontext.SafeAreaViewShadowNode
06-13 18:14:48.918  7205  7349 W unknown:ViewManagerPropertyUpdater: Could not find generated setter for class com.swmansion.rnscreens.ScreenViewManager
06-13 18:14:48.918  7205  7349 W unknown:ViewManagerPropertyUpdater: Could not find generated setter for class com.swmansion.rnscreens.gamma.stack.header.config.StackHeaderConfigViewManager
06-13 18:14:48.919  7205  7349 W unknown:ViewManagerPropertyUpdater: Could not find generated setter for class com.th3rdwave.safeareacontext.SafeAreaProviderManager
06-13 18:14:48.919  7205  7349 W unknown:ViewManagerPropertyUpdater: Could not find generated setter for class com.swmansion.rnscreens.SearchBarManager
06-13 18:14:48.920  7205  7349 W unknown:ViewManagerPropertyUpdater: Could not find generated setter for class com.swmansion.rnscreens.gamma.stack.host.StackHostViewManager
06-13 18:14:48.921  7205  7349 W unknown:ViewManagerPropertyUpdater: Could not find generated setter for class com.swmansion.rnscreens.ScreenFooterManager
06-13 18:14:48.922  7205  7349 W unknown:ViewManagerPropertyUpdater: Could not find generated setter for class com.swmansion.rnscreens.ModalScreenViewManager
06-13 18:14:48.923  7205  7349 W unknown:ViewManagerPropertyUpdater: Could not find generated setter for class com.swmansion.rnscreens.safearea.SafeAreaViewManager
06-13 18:14:48.924  7205  7349 W unknown:ViewManagerPropertyUpdater: Could not find generated setter for class com.swmansion.rnscreens.ScreenStackViewManager
06-13 18:14:48.925  7205  7349 W unknown:ViewManagerPropertyUpdater: Could not find generated setter for class com.swmansion.rnscreens.gamma.stack.header.subview.StackHeaderSubviewViewManager
06-13 18:14:48.926  7205  7349 W unknown:ViewManagerPropertyUpdater: Could not find generated setter for class org.reactnative.maskedview.RNCMaskedViewManager
06-13 18:14:48.929  7205  7349 W unknown:ViewManagerPropertyUpdater: Could not find generated setter for class com.swmansion.rnscreens.gamma.tabs.screen.TabsScreenViewManager
06-13 18:14:49.149   675   684 I system_server: Background young concurrent mark compact GC freed 19MB AllocSpace bytes, 26(1360KB) LOS objects, 41% free, 33MB/57MB, paused 1.947ms,32.162ms total 64.498ms
06-13 18:14:49.221  2843  4491 I artd    : GetBestInfo: odex next to the dex file (/data/app/~~xCWSPSiTbGWeOlbbQ8WCfA==/com.google.android.gms-6V8MJOZtvQBtjnCwEeoqLQ==/oat/x86_64/base.odex) is kOatUpToDate with filter 'speed-profile' executable 'false'
06-13 18:14:49.223  2843  4491 I artd    : GetBestInfo: dm (/data/app/~~xCWSPSiTbGWeOlbbQ8WCfA==/com.google.android.gms-6V8MJOZtvQBtjnCwEeoqLQ==/split_AdsDynamite_installtime.dm) is kOatUpToDate with filter 'verify' executable 'false'
06-13 18:14:49.225  2843  4491 I artd    : GetBestInfo: odex next to the dex file (/data/app/~~xCWSPSiTbGWeOlbbQ8WCfA==/com.google.android.gms-6V8MJOZtvQBtjnCwEeoqLQ==/oat/x86_64/split_CronetDynamite_installtime.odex) is kOatUpToDate with filter 'speed-profile' executable 'false'
06-13 18:14:49.226  2843  4491 I artd    : GetBestInfo: dm (/data/app/~~xCWSPSiTbGWeOlbbQ8WCfA==/com.google.android.gms-6V8MJOZtvQBtjnCwEeoqLQ==/split_DynamiteLoader_installtime.dm) is kOatUpToDate with filter 'verify' executable 'false'
06-13 18:14:49.228  2843  4491 I artd    : GetBestInfo: dm (/data/app/~~xCWSPSiTbGWeOlbbQ8WCfA==/com.google.android.gms-6V8MJOZtvQBtjnCwEeoqLQ==/split_DynamiteModulesA_installtime.dm) is kOatUpToDate with filter 'verify' executable 'false'
06-13 18:14:49.229  2843  4491 I artd    : GetBestInfo: dm (/data/app/~~xCWSPSiTbGWeOlbbQ8WCfA==/com.google.android.gms-6V8MJOZtvQBtjnCwEeoqLQ==/split_DynamiteModulesC_installtime.dm) is kOatUpToDate with filter 'verify' executable 'false'
06-13 18:14:49.231  2843  4491 I artd    : GetBestInfo: dm (/data/app/~~xCWSPSiTbGWeOlbbQ8WCfA==/com.google.android.gms-6V8MJOZtvQBtjnCwEeoqLQ==/split_GoogleCertificates_installtime.dm) is kOatUpToDate with filter 'verify' executable 'false'
06-13 18:14:49.232  2843  4491 I artd    : GetBestInfo: dm (/data/app/~~xCWSPSiTbGWeOlbbQ8WCfA==/com.google.android.gms-6V8MJOZtvQBtjnCwEeoqLQ==/split_MapsDynamite_installtime.dm) is kOatUpToDate with filter 'verify' executable 'false'
06-13 18:14:49.233  2843  4491 I artd    : GetBestInfo: dm (/data/app/~~xCWSPSiTbGWeOlbbQ8WCfA==/com.google.android.gms-6V8MJOZtvQBtjnCwEeoqLQ==/split_MeasurementDynamite_installtime.dm) is kOatUpToDate with filter 'verify' executable 'false'
06-13 18:14:49.234  2843  4491 I artd    : GetBestInfo: dm (/data/app/~~xCWSPSiTbGWeOlbbQ8WCfA==/com.google.android.gms-6V8MJOZtvQBtjnCwEeoqLQ==/split_all_locale_splits.dm) is kOatUpToDate with filter 'verify' executable 'false'
06-13 18:14:49.235  2843  4491 I artd    : GetBestInfo: /data/user_de/0/com.google.android.gms/app_chimera/m/00000001/CronetDynamite.apk has no usable artifacts
06-13 18:14:49.236  2843  4491 I artd    : GetBestInfo: /data/user_de/0/com.google.android.gms/app_chimera/m/00000011/dl-VisionOcr.optional_262031100000.apk has no usable artifacts
06-13 18:14:49.237  2843  4491 I artd    : GetBestInfo: /data/user_de/0/com.google.android.gms/app_chimera/m/00000002/DynamiteLoader.apk has no usable artifacts
06-13 18:14:49.239  2843  4491 I artd    : GetBestInfo: /data/user_de/0/com.google.android.gms/app_chimera/m/0000000e/dl-MlkitBarcodeUi.optional_260235100800.apk has no usable artifacts
06-13 18:14:49.240  2843  4491 I artd    : GetBestInfo: /data/user_de/0/com.google.android.gms/app_chimera/m/00000005/GoogleCertificates.apk has no usable artifacts
06-13 18:14:49.241  2843  4491 I artd    : GetBestInfo: /data/user_de/0/com.google.android.gms/app_chimera/m/00000014/dl-TfliteDynamiteDynamite.integ_252130102100800.apk has no usable artifacts
06-13 18:14:49.243  2843  4491 I artd    : GetBestInfo: /data/user_de/0/com.google.android.gms/app_chimera/m/00000010/dl-PlayCloudSearch.optional_260235100000.apk has no usable artifacts
06-13 18:14:49.244  2843  4491 I artd    : GetBestInfo: /data/user_de/0/com.google.android.gms/app_chimera/m/0000000a/dl-MlkitOcrCommon.optional_260235100800.apk has no usable artifacts
06-13 18:14:49.246  2843  4491 I artd    : GetBestInfo: /data/user_de/0/com.google.android.gms/app_chimera/m/00000013/dl-Appsearch.optional_262031100800.apk has no usable artifacts
06-13 18:14:49.248  2843  4491 I artd    : GetBestInfo: /data/user_de/0/com.google.android.gms/app_chimera/m/00000008/dl-VisionOcr.optional_260235100000.apk has no usable artifacts
06-13 18:14:49.249  2843  4491 I artd    : GetBestInfo: /data/user_de/0/com.google.android.gms/app_chimera/m/00000016/dl-MlkitOcrCommon.optional_262031100800.apk has no usable artifacts
06-13 18:14:49.251  2843  4491 I artd    : GetBestInfo: /data/user_de/0/com.google.android.gms/app_chimera/m/0000000b/dl-Appsearch.optional_260235100800.apk has no usable artifacts
06-13 18:14:49.253  2843  4491 I artd    : GetBestInfo: vdex next to the dex file (/data/user/0/com.google.android.gms/app_dg_cache/1C62BDE86218FBAA50DF06C4A79F5C3FE74B69EC/oat/x86_64/the.vdex) is kOatUpToDate with filter 'verify' executable 'false'
06-13 18:14:49.254  2843  4491 I artd    : GetBestInfo: /data/user_de/0/com.google.android.gms/app_chimera/m/00000012/dl-PlayCloudSearch.optional_262031100000.apk has no usable artifacts
06-13 18:14:49.256  2843  4491 I artd    : GetBestInfo: /data/user_de/0/com.google.android.gms/app_chimera/m/00000015/dl-MlkitBarcodeUi.optional_262031100800.apk has no usable artifacts
06-13 18:14:49.257  2843  4491 I artd    : GetBestInfo: /data/user_de/0/com.google.android.gms/app_chimera/m/00000007/MeasurementDynamite.apk has no usable artifacts
06-13 18:14:49.258  2843  4491 I artd    : GetBestInfo: /data/user_de/0/com.google.android.gms/app_chimera/m/00000019/dl-IdentityCredentialsPlatform.optional_262031100800.apk has no usable artifacts
06-13 18:14:49.265  7205  7374 D ProfileInstaller: Installing profile for com.anonymous.x2ndbrain
06-13 18:14:49.304  7205  7349 W unknown:ViewManagerPropertyUpdater: Could not find generated setter for class com.horcrux.svg.RenderableViewManager$DefsViewManager
06-13 18:14:49.306  7205  7349 W unknown:ViewManagerPropertyUpdater: Could not find generated setter for class com.horcrux.svg.VirtualViewManager$RenderableShadowNode
06-13 18:14:49.311  7205  7349 W unknown:ViewManagerPropertyUpdater: Could not find generated setter for class com.facebook.react.views.debuggingoverlay.DebuggingOverlayManager
06-13 18:14:49.314  7205  7349 W unknown:ViewManagerPropertyUpdater: Could not find generated setter for class com.horcrux.svg.RenderableViewManager$FeMergeManager
06-13 18:14:49.318  7205  7349 W unknown:ViewManagerPropertyUpdater: Could not find generated setter for class com.facebook.react.views.safeareaview.ReactSafeAreaViewManager
06-13 18:14:49.322  7205  7349 W unknown:ViewManagerPropertyUpdater: Could not find generated setter for class com.horcrux.svg.RenderableViewManager$LinearGradientManager
06-13 18:14:49.326  7205  7349 W unknown:ViewManagerPropertyUpdater: Could not find generated setter for class com.horcrux.svg.RenderableViewManager$FeGaussianBlurManager
06-13 18:14:49.330  7205  7349 W unknown:ViewManagerPropertyUpdater: Could not find generated setter for class com.facebook.react.views.progressbar.ReactProgressBarViewManager
06-13 18:14:49.336  7205  7349 W unknown:ViewManagerPropertyUpdater: Could not find generated setter for class com.facebook.react.views.scroll.ReactHorizontalScrollViewManager
06-13 18:14:49.343  7205  7349 W unknown:ViewManagerPropertyUpdater: Could not find generated setter for class com.facebook.react.views.text.ReactTextViewManager
06-13 18:14:49.346  7205  7349 W unknown:ViewManagerPropertyUpdater: Could not find generated setter for class com.horcrux.svg.RenderableViewManager$FeColorMatrixManager
06-13 18:14:49.351  7205  7349 W unknown:ViewManagerPropertyUpdater: Could not find generated setter for class com.facebook.react.views.scroll.ReactHorizontalScrollContainerViewManager
06-13 18:14:49.357  7205  7349 W unknown:ViewManagerPropertyUpdater: Could not find generated setter for class com.horcrux.svg.RenderableViewManager$ClipPathViewManager
06-13 18:14:49.362  7205  7349 W unknown:ViewManagerPropertyUpdater: Could not find generated setter for class com.horcrux.svg.RenderableViewManager$SymbolManager
06-13 18:14:49.369  7205  7349 W unknown:ViewManagerPropertyUpdater: Could not find generated setter for class com.horcrux.svg.RenderableViewManager$PatternManager
06-13 18:14:49.374  7205  7349 W unknown:ViewManagerPropertyUpdater: Could not find generated setter for class com.horcrux.svg.RenderableViewManager$FeBlendManager
06-13 18:14:49.380  7205  7349 W unknown:ViewManagerPropertyUpdater: Could not find generated setter for class com.facebook.react.views.view.ReactViewManager
06-13 18:14:49.388  7205  7349 W unknown:ViewManagerPropertyUpdater: Could not find generated setter for class com.horcrux.svg.SvgViewManager
06-13 18:14:49.395  7205  7349 W unknown:ViewManagerPropertyUpdater: Could not find generated setter for class com.facebook.react.views.switchview.ReactSwitchManager
06-13 18:14:49.399  7205  7349 W unknown:ViewManagerPropertyUpdater: Could not find generated setter for class com.horcrux.svg.RenderableViewManager$UseViewManager
06-13 18:14:49.405  7205  7349 W unknown:ViewManagerPropertyUpdater: Could not find generated setter for class com.horcrux.svg.RenderableViewManager$CircleViewManager
06-13 18:14:49.411  7205  7349 W unknown:ViewManagerPropertyUpdater: Could not find generated setter for class com.horcrux.svg.RenderableViewManager$TSpanViewManager
06-13 18:14:49.416  7205  7349 W unknown:ViewManagerPropertyUpdater: Could not find generated setter for class com.horcrux.svg.RenderableViewManager$FilterManager
06-13 18:14:49.422  7205  7349 W unknown:ViewManagerPropertyUpdater: Could not find generated setter for class com.horcrux.svg.RenderableViewManager$MarkerManager
06-13 18:14:49.428  7205  7349 W unknown:ViewManagerPropertyUpdater: Could not find generated setter for class com.swmansion.gesturehandler.react.RNGestureHandlerButtonViewManager
06-13 18:14:49.434  7205  7349 W unknown:ViewManagerPropertyUpdater: Could not find generated setter for class com.facebook.react.views.modal.ReactModalHostManager
06-13 18:14:49.440  7205  7349 W unknown:ViewManagerPropertyUpdater: Could not find generated setter for class com.horcrux.svg.RenderableViewManager$ForeignObjectManager
06-13 18:14:49.447  7205  7349 W unknown:ViewManagerPropertyUpdater: Could not find generated setter for class com.horcrux.svg.RenderableViewManager$EllipseViewManager
06-13 18:14:49.452  7205  7349 W unknown:ViewManagerPropertyUpdater: Could not find generated setter for class com.horcrux.svg.RenderableViewManager$LineViewManager
06-13 18:14:49.457  7205  7349 W unknown:ViewManagerPropertyUpdater: Could not find generated setter for class com.horcrux.svg.RenderableViewManager$FeFloodManager
06-13 18:14:49.462  7205  7349 W unknown:ViewManagerPropertyUpdater: Could not find generated setter for class com.horcrux.svg.RenderableViewManager$GroupViewManager
06-13 18:14:49.466  7205  7349 W unknown:ViewManagerPropertyUpdater: Could not find generated setter for class com.horcrux.svg.RenderableViewManager$TextViewManager
06-13 18:14:49.472  7205  7349 W unknown:ViewManagerPropertyUpdater: Could not find generated setter for class com.horcrux.svg.RenderableViewManager$ImageViewManager
06-13 18:14:49.478  7205  7349 W unknown:ViewManagerPropertyUpdater: Could not find generated setter for class com.horcrux.svg.RenderableViewManager$FeCompositeManager
06-13 18:14:49.485  7205  7349 W unknown:ViewManagerPropertyUpdater: Could not find generated setter for class com.facebook.react.views.image.ReactImageManager
06-13 18:14:49.490  7205  7349 W unknown:ViewManagerPropertyUpdater: Could not find generated setter for class com.horcrux.svg.RenderableViewManager$RadialGradientManager
06-13 18:14:49.495  7205  7349 W unknown:ViewManagerPropertyUpdater: Could not find generated setter for class com.horcrux.svg.RenderableViewManager$MaskManager
06-13 18:14:49.500  7205  7349 W unknown:ViewManagerPropertyUpdater: Could not find generated setter for class com.facebook.react.views.unimplementedview.ReactUnimplementedViewManager
06-13 18:14:49.505  7205  7349 W unknown:ViewManagerPropertyUpdater: Could not find generated setter for class com.horcrux.svg.RenderableViewManager$RectViewManager
06-13 18:14:49.511  7205  7349 W unknown:ViewManagerPropertyUpdater: Could not find generated setter for class com.horcrux.svg.RenderableViewManager$TextPathViewManager
06-13 18:14:49.520  7205  7349 W unknown:ViewManagerPropertyUpdater: Could not find generated setter for class com.facebook.react.views.scroll.ReactScrollViewManager
06-13 18:14:49.526  7205  7349 W unknown:ViewManagerPropertyUpdater: Could not find generated setter for class com.horcrux.svg.RenderableViewManager$FeOffsetManager
06-13 18:14:49.530  7205  7349 W unknown:ViewManagerPropertyUpdater: Could not find generated setter for class com.horcrux.svg.RenderableViewManager$PathViewManager
06-13 18:14:49.536  7205  7349 W unknown:ViewManagerPropertyUpdater: Could not find generated setter for class com.facebook.react.views.drawer.ReactDrawerLayoutManager
06-13 18:14:49.544  7205  7349 W unknown:ViewManagerPropertyUpdater: Could not find generated setter for class com.facebook.react.views.swiperefresh.SwipeRefreshLayoutManager
06-13 18:14:49.556  7205  7349 W unknown:ViewManagerPropertyUpdater: Could not find generated setter for class com.facebook.react.views.textinput.ReactTextInputManager
06-13 18:14:49.562  7205  7349 W unknown:ViewManagerPropertyUpdater: Could not find generated setter for class com.facebook.react.views.text.SelectableTextViewManager
06-13 18:14:49.567  7205  7349 W unknown:ViewManagerPropertyUpdater: Could not find generated setter for class com.swmansion.gesturehandler.react.RNGestureHandlerRootViewManager
06-13 18:14:49.571   308   308 I lowmemorykiller: Kill 'android.process.acore' (4769), uid 10103, oom_score_adj 945 to free 101964kB rss, 27664kB swap, 0kB dmabuf_pss, 0kB dmabuf_rss; reason: min watermark is breached
06-13 18:14:49.587   675  1611 D CountryDetector: No listener is left
06-13 18:14:49.587   675  1946 I ActivityManager: Process android.process.acore (pid 4769) has died: cch  +45 CEM 
06-13 18:14:49.587   308   312 W lowmemorykiller: Failed to open /proc/4769/task; errno=2: process pid(4769) might have died
06-13 18:14:49.589   459   459 I Zygote  : Process 4769 exited due to signal 9 (Killed)
06-13 18:14:49.590   675   704 I libprocessgroup: Removed cgroup /sys/fs/cgroup/apps/uid_10103/pid_4769
06-13 18:14:49.639  7205  7349 W BridgelessReactContext: [WARNING] Bridgeless doesn't support CatalystInstance. Accessing an API that's not part of the new architecture is not encouraged usage.
06-13 18:14:49.665  7205  7349 I ExpoModulesCore: ✅ JSI interop was installed
06-13 18:14:49.681  7205  7218 I ymous.x2ndbrain: Background young concurrent mark compact GC freed 6144KB AllocSpace bytes, 1(48KB) LOS objects, 39% free, 10048KB/16MB, paused 1.384ms,13.813ms total 31.417ms
06-13 18:14:49.698  7205  7349 I ExpoModulesCore: ✅ Constants were exported
06-13 18:14:50.062  7205  7349 D nativeloader: Load /data/app/~~tOyPtkARD2XerTvaZ8WMRg==/com.anonymous.x2ndbrain-zzLsgOmsGNkYxBAZPxNwtA==/base.apk!/lib/x86_64/librnscreens.so using class loader ns clns-9 (caller=/data/app/~~tOyPtkARD2XerTvaZ8WMRg==/com.anonymous.x2ndbrain-zzLsgOmsGNkYxBAZPxNwtA==/base.apk!classes16.dex): ok
06-13 18:14:50.125  4874  7377 I GmscoreIpa: Starting mediastore instant index [CONTEXT service_id=255 ]
06-13 18:14:50.172  7205  7349 I ReactNativeJS: Running "main" with {"rootTag":1,"initialProps":{},"fabric":true}
06-13 18:14:50.459   918   918 I wpa_supplicant: wlan0: CTRL-EVENT-BEACON-LOSS 
06-13 18:14:50.600   308   308 I lowmemorykiller: Kill 'com.google.android.documentsui' (5778), uid 10110, oom_score_adj 935 to free 98744kB rss, 33488kB swap, 0kB dmabuf_pss, 0kB dmabuf_rss; reason: min watermark is breached
06-13 18:14:50.612   675   754 I ActivityManager: Process com.google.android.documentsui (pid 5778) has died: cch  +35 CEM 
06-13 18:14:50.623   308   308 I lowmemorykiller: Kill 'android.process.media' (5829), uid 10111, oom_score_adj 935 to free 94320kB rss, 28732kB swap, 0kB dmabuf_pss, 0kB dmabuf_rss; reason: min watermark is breached even after kill
06-13 18:14:50.624   459   459 I Zygote  : Process 5778 exited due to signal 9 (Killed)
06-13 18:14:50.633   675   704 I libprocessgroup: Removed cgroup /sys/fs/cgroup/apps/uid_10110/pid_5778
06-13 18:14:50.634   675   755 I ActivityManager: Process android.process.media (pid 5829) has died: cch  +35 CEM 
06-13 18:14:50.634   459   459 I Zygote  : Process 5829 exited due to signal 9 (Killed)
06-13 18:14:50.644   675   704 I libprocessgroup: Removed cgroup /sys/fs/cgroup/apps/uid_10111/pid_5829
06-13 18:14:50.697  7205  7349 D nativeloader: Load /data/app/~~tOyPtkARD2XerTvaZ8WMRg==/com.anonymous.x2ndbrain-zzLsgOmsGNkYxBAZPxNwtA==/base.apk!/lib/x86_64/libreanimated.so using class loader ns clns-9 (caller=/data/app/~~tOyPtkARD2XerTvaZ8WMRg==/com.anonymous.x2ndbrain-zzLsgOmsGNkYxBAZPxNwtA==/base.apk!classes21.dex): ok
06-13 18:14:50.734  7123  7178 I Finsky  : [50] registerListener
06-13 18:14:50.736  7123  7178 I Finsky  : [50] DFS: Listener added for sta@68001f0
06-13 18:14:50.736  7123  7178 I Finsky  : [50] registerListener
06-13 18:14:50.757  4874  4874 D BoundBrokerSvc: onBind: Intent { act=com.google.android.gms.potokens.service.START dat=chimera-action:/... xflg=0x4 cmp=com.google.android.gms/.chimera.GmsApiService }
06-13 18:14:50.757  4874  4874 D BoundBrokerSvc: Loading bound service for intent: Intent { act=com.google.android.gms.potokens.service.START dat=chimera-action:/... xflg=0x4 cmp=com.google.android.gms/.chimera.GmsApiService }
06-13 18:14:50.761  7123  7188 I Finsky  : [58] System was updated or GL extensions were already cached.
06-13 18:14:50.777   675   778 D ActivityManager: freezing 5724 com.android.vending:background
06-13 18:14:50.803  7123  7177 I Finsky  : [49] Triggered update for experiment package com.google.android.finsky.stable.
06-13 18:14:50.834  7123  7195 I Finsky  : [60] Component class com.google.android.finsky.wearsupport.WearSupportService disabled via PackageManager.
06-13 18:14:50.835  7123  7195 I Finsky  : [60] Component class com.google.android.finsky.wearsupport.WearChangeListenerService disabled via PackageManager.
06-13 18:14:50.838   308   308 I lowmemorykiller: Kill 'com.android.externalstorage' (5872), uid 10112, oom_score_adj 925 to free 89020kB rss, 28912kB swap, 0kB dmabuf_pss, 0kB dmabuf_rss; reason: min watermark is breached
06-13 18:14:50.852  7123  7177 I Finsky  : [49] Already at the latest configurations for experiment package com.google.android.finsky.stable.
06-13 18:14:50.852  7123  7382 I Finsky  : [105] Triggered update for experiment package com.google.android.finsky.stable_new.
06-13 18:14:50.863   459   459 I Zygote  : Process 5872 exited due to signal 9 (Killed)
06-13 18:14:50.863   308   308 I lowmemorykiller: Kill 'com.google.android.photopicker' (6090), uid 10204, oom_score_adj 915 to free 82848kB rss, 32060kB swap, 0kB dmabuf_pss, 0kB dmabuf_rss; reason: min watermark is breached even after kill
06-13 18:14:50.865   675  1892 I ActivityManager: Process com.android.externalstorage (pid 5872) has died: cch  +25 CEM 
06-13 18:14:50.880   675   704 I libprocessgroup: Removed cgroup /sys/fs/cgroup/apps/uid_10112/pid_5872
06-13 18:14:50.885   459   459 I Zygote  : Process 6090 exited due to signal 9 (Killed)
06-13 18:14:50.885   308   308 I lowmemorykiller: Kill 'com.google.android.gms.unstable' (5346), uid 10215, oom_score_adj 905 to free 220848kB rss, 36692kB swap, 0kB dmabuf_pss, 0kB dmabuf_rss; reason: min watermark is breached even after kill
06-13 18:14:50.887   675  1968 I ActivityManager: Process com.google.android.photopicker (pid 6090) has died: cch  +15 CEM 
06-13 18:14:50.898   675   704 I libprocessgroup: Removed cgroup /sys/fs/cgroup/apps/uid_10204/pid_6090
06-13 18:14:50.911   675  1970 D SensorService: Unregistering client listener for PID 5346
06-13 18:14:50.912   459   459 I Zygote  : Process 5346 exited due to signal 9 (Killed)
06-13 18:14:50.912   308   308 I lowmemorykiller: Kill 'com.android.keychain' (7086), uid 1000, oom_score_adj 905 to free 92972kB rss, 28824kB swap, 0kB dmabuf_pss, 0kB dmabuf_rss; reason: min watermark is breached even after kill
06-13 18:14:50.913   675  1098 I ActivityManager: Process com.google.android.gms.unstable (pid 5346) has died: cch CEM 
06-13 18:14:50.915   675   704 I libprocessgroup: Removed cgroup /sys/fs/cgroup/apps/uid_10215/pid_5346
06-13 18:14:50.935   308   308 I lowmemorykiller: Kill 'com.android.vending:background' (5724), uid 10154, oom_score_adj 905 to free 147504kB rss, 51776kB swap, 0kB dmabuf_pss, 0kB dmabuf_rss; reason: min watermark is breached even after kill
06-13 18:14:50.939   675  1999 I ActivityManager: Process com.android.keychain (pid 7086) has died: cch CEM 
06-13 18:14:50.940   459   459 I Zygote  : Process 7086 exited due to signal 9 (Killed)
06-13 18:14:50.942   675   704 I libprocessgroup: Removed cgroup /sys/fs/cgroup/system/uid_1000/pid_7086
06-13 18:14:50.956   675  1786 I ActivityManager: Process com.android.vending:background (pid 5724) has died: cch CEM 
06-13 18:14:50.957   675   835 D ConnectivityService: releasing NetworkRequest [ REQUEST id=294, [ Capabilities: INTERNET&NOT_RESTRICTED&TRUSTED&NOT_VCN_MANAGED&NOT_BANDWIDTH_CONSTRAINED Uid: 10154 RequestorUid: 10154 RequestorPkg: com.android.vending UnderlyingNetworks: Null] ] (release request)
06-13 18:14:50.957   675  1786 W ActivityManager: Scheduling restart of crashed service com.android.vending/com.google.frameworks.client.data.android.server.play.BackgroundProcessEndpointService in 1000ms for connection
06-13 18:14:50.957   675   835 D ConnectivityService: releasing NetworkRequest [ REQUEST id=296, [ Capabilities: INTERNET&NOT_RESTRICTED&TRUSTED&NOT_VCN_MANAGED&NOT_BANDWIDTH_CONSTRAINED Uid: 10154 RequestorUid: 10154 RequestorPkg: com.android.vending UnderlyingNetworks: Null] ] (release request)
06-13 18:14:50.957   308   308 I lowmemorykiller: Kill 'com.google.android.apps.photos' (4915), uid 10172, oom_score_adj 905 to free 152100kB rss, 28344kB swap, 0kB dmabuf_pss, 0kB dmabuf_rss; reason: low watermark is breached
06-13 18:14:50.958   459   459 I Zygote  : Process 5724 exited due to signal 9 (Killed)
06-13 18:14:50.958   675   704 I libprocessgroup: Removed cgroup /sys/fs/cgroup/apps/uid_10154/pid_5724
06-13 18:14:50.960   675  1946 W ActivityManager: pid 7123 com.android.vending sent binder code 2 with flags 1 and got error -32
06-13 18:14:50.960   308   313 E lowmemorykiller: process_mrelease 4915 failed: No such process
06-13 18:14:50.991   675  1786 I ActivityManager: Process com.google.android.apps.photos (pid 4915) has died: cch CEM 
06-13 18:14:50.992   675   835 D ConnectivityService: releasing NetworkRequest [ REQUEST id=211, [ Capabilities: INTERNET&NOT_RESTRICTED&TRUSTED&NOT_VCN_MANAGED&NOT_BANDWIDTH_CONSTRAINED Uid: 10172 RequestorUid: 10172 RequestorPkg: com.google.android.apps.photos UnderlyingNetworks: Null] ] (release request)
06-13 18:14:50.992   459   459 I Zygote  : Process 4915 exited due to signal 9 (Killed)
06-13 18:14:50.993   675   704 I libprocessgroup: Removed cgroup /sys/fs/cgroup/apps/uid_10172/pid_4915
06-13 18:14:51.024  7123  7382 I Finsky  : [105] Already at the latest configurations for experiment package com.google.android.finsky.stable_new.
06-13 18:14:51.024  7123  7177 I Finsky  : [49] Triggered update for experiment package com.google.android.finsky.regular.
06-13 18:14:51.060  7123  7177 I Finsky  : [49] Already at the latest configurations for experiment package com.google.android.finsky.regular.
06-13 18:14:51.071  7205  7205 I ExpoModulesCore: ✅ JSI interop was installed
06-13 18:14:51.134   675   859 I AdbWifiNetworkMonitor: Wi-Fi network available
06-13 18:14:51.136   675   859 I AdbWifiNetworkMonitor: Received the same Wi-Fi SSID. Ignoring.
06-13 18:14:51.145   675   829 I HalDevMgr: bestIfaceCreationProposal is null, requestIface=STA, existingIface=[name=wlan0 type=STA]
06-13 18:14:51.159  1216  1972 I NullBinder: NullBinder for android.net.action.RECOMMEND_NETWORKS triggering remote TransactionTooLargeException due to Service without Chimera impl, calling uid: 1000, calling pid: 0
06-13 18:14:51.159  1216  1972 W libbinder.Binder: Large reply transaction of 1056768 bytes, interface descriptor , function: UNKNOWN_FUNCTION_NAME, code: 1, flags: 17
06-13 18:14:51.160  1216  2452 I NearbyMediums: Wifi changed new SSID: "AndroidWifi"
06-13 18:14:51.160  1216  2452 I NearbyMediums: WifiLanConnectivityInfo is not changed, skip notify.
06-13 18:14:51.160   675   835 D ConnectivityService: NetReassign [no changes] [c 0] [a 1] [i 2]
06-13 18:14:51.241   675   696 W ActivityTaskManager: Launch timeout has expired, giving up wake lock!
06-13 18:14:51.261  1066  1066 D BaseActivity: Launcher flags updated: [] -[state_started]
06-13 18:14:51.261  1066  1066 D BaseDepthController: setSurface:
06-13 18:14:51.261  1066  1066 D BaseDepthController: 	mWaitingOnSurfaceValidity: false
06-13 18:14:51.261  1066  1066 D BaseDepthController: 	mBaseSurface: null
06-13 18:14:51.261  1066  1066 D BaseDepthController: mSurface is null and mCurrentBlur is: 0
06-13 18:14:51.263  1066  1066 D LauncherStateManager: StateManager.goToState: fromState: Normal, toState: Normal, partial trace:
06-13 18:14:51.263  1066  1066 D LauncherStateManager: 	at com.android.launcher3.statemanager.StateManager.moveToRestState(go/retraceme 7226a759aa2bb3787a79806f85d80eaad84f1f1e15acd6db988f2df789d1680d:26)
06-13 18:14:51.263  1066  1066 D LauncherStateManager: 	at com.android.launcher3.statemanager.StateManager.moveToRestState(go/retraceme 7226a759aa2bb3787a79806f85d80eaad84f1f1e15acd6db988f2df789d1680d:35)
06-13 18:14:51.263  1066  1066 D LauncherStateManager: 	at com.android.launcher3.statemanager.StatefulActivity.onStop(go/retraceme 7226a759aa2bb3787a79806f85d80eaad84f1f1e15acd6db988f2df789d1680d:31)
06-13 18:14:51.263  1066  1066 D LauncherStateManager: StateManager.onRepeatStateSetAborted: state: Normal
06-13 18:14:51.263  1066  1066 D KeyboardStateManager: hideKeyboard
06-13 18:14:51.263  1066  1066 D KeyboardStateManager: isImeShown: false
06-13 18:14:51.263  1066  1066 D StatsLog: LAUNCHER_ONSTOP
06-13 18:14:51.264  1066  1066 D StatsLog: LAUNCHER_GOOGLE_SEARCH_RESTORE_LIST_SIZE_AFTER_ACTIVITY_RESTART
06-13 18:14:51.286   675   778 D ActivityManager: freezing 7123 com.android.vending
06-13 18:14:51.301   675   835 D InetDiagMessage: Destroyed 0 sockets, proto=IPPROTO_TCP, family=AF_INET, states=14
06-13 18:14:51.313   675   835 D InetDiagMessage: Destroyed 1 sockets, proto=IPPROTO_TCP, family=AF_INET6, states=14
06-13 18:14:51.313   675   835 D InetDiagMessage: Destroyed live tcp sockets for uids={10154} in 12ms
06-13 18:14:51.324  1066  1084 W System  : A resource failed to call release. 
06-13 18:14:51.324  1066  1084 W System  : A resource failed to call release. 
06-13 18:14:51.324  1066  1084 W System  : A resource failed to call release. 
