06-13 18:12:33.810  2590  2666 I AiAiEcho: [CONTEXT ratelimit_period="10 SECONDS" ]
06-13 18:12:33.810   675   675 W libbinder.IPCThreadState: Sending oneway calls to frozen process.
06-13 18:12:33.810   675   675 W libbinder.IPCThreadState: Sending oneway calls to frozen process.
06-13 18:12:33.810  2590  2666 I AiAiEcho: #remoteViewsTwiddler: feature disabled.
06-13 18:12:33.811  2590  2666 I AiAiEcho: #postPredictionTargets: Sending updates to UISurface home with targets# 0 (types=[])
06-13 18:12:33.811  2590  2666 I AiAiEcho: #postPredictionTargets: Sending updates to UISurface ambientcue with targets# 0 (types=[])
06-13 18:12:33.812   675   675 W libbinder.IPCThreadState: Sending oneway calls to frozen process.
06-13 18:12:33.812  2590  2666 I AiAiEcho: #postPredictionTargets: Sending updates to UISurface lockscreen with targets# 0 (types=[])
06-13 18:12:33.812   933  1145 I AmbientCueRepository: Receiving SmartSpace targets # 0
06-13 18:12:33.813   675   675 W libbinder.IPCThreadState: Sending oneway calls to frozen process.
06-13 18:12:33.813   675  1946 V AccessibilityManagerService: onUserStateChangedLocked for userId: 0, forceUpdate: false
06-13 18:12:33.813   675   675 W libbinder.IPCThreadState: Sending oneway calls to frozen process.
06-13 18:12:33.814   675  1946 V AccessibilityUserState: updateShortcutTargets: type:accessibility_shortcut_target_service, current:{}, new:{}
06-13 18:12:33.814   675  1946 V AccessibilityUserState: updateShortcutTargets: type:accessibility_button_targets, current:{}, new:{}
06-13 18:12:33.814   675  1946 V AccessibilityUserState: updateShortcutTargets: type:accessibility_gesture_targets, current:{}, new:{}
06-13 18:12:33.814   675  1946 V AccessibilityUserState: updateShortcutTargets: type:accessibility_qs_targets, current:{}, new:{}
06-13 18:12:33.814   675  1946 V AccessibilityUserState: updateShortcutTargets: type:accessibility_key_gesture_targets, current:{}, new:{}
06-13 18:12:33.814   675  1946 V AccessibilityUserState: updateShortcutTargets: type:accessibility_top_row_key_targets, current:{}, new:{}
06-13 18:12:33.814   675  1946 V AccessibilityUserState: updateShortcutTargets: type:accessibility_quick_access_targets, current:{}, new:{}
06-13 18:12:33.814   675  1946 W MagnificationConnectionManager: requestConnection duplicated request: connect=false, mConnectionState=DISCONNECTED
06-13 18:12:33.814  2590  2608 I AiAiEcho: Settings changed for uri: content://settings/secure/accessibility_enabled
06-13 18:12:33.815   675   675 W libbinder.IPCThreadState: Sending oneway calls to frozen process.
06-13 18:12:33.815  2590  2666 I AiAiEcho: Predicting[0]:  [CONTEXT sampling_count=5 ]
06-13 18:12:33.815  2590  2666 I AiAiEcho: EchoTargets: 
06-13 18:12:33.815  2590  2666 I AiAiEcho: Filtered by AiAi flag check: 
06-13 18:12:33.815  2590  2666 I AiAiEcho: [CONTEXT ratelimit_period="10 SECONDS" ]
06-13 18:12:33.815   675   675 W libbinder.IPCThreadState: Sending oneway calls to frozen process.
06-13 18:12:33.815   675   675 W libbinder.IPCThreadState: Sending oneway calls to frozen process.
06-13 18:12:33.815  2590  2666 I AiAiEcho: #remoteViewsTwiddler: feature disabled.
06-13 18:12:33.815   675   675 W libbinder.IPCThreadState: Sending oneway calls to frozen process.
06-13 18:12:33.816   675   675 W libbinder.IPCThreadState: Sending oneway calls to frozen process.
06-13 18:12:33.816   675   675 W libbinder.IPCThreadState: Sending oneway calls to frozen process.
06-13 18:12:33.816   675   675 W libbinder.IPCThreadState: Sending oneway calls to frozen process.
06-13 18:12:33.816  2590  2666 I AiAiEcho: Predicting[0]:  [CONTEXT sampling_count=5 ]
06-13 18:12:33.816   675   675 W libbinder.IPCThreadState: Sending oneway calls to frozen process.
06-13 18:12:33.816   675   675 W libbinder.IPCThreadState: Sending oneway calls to frozen process.
06-13 18:12:33.816  2590  2666 I AiAiEcho: EchoTargets: 
06-13 18:12:33.816  2590  2666 I AiAiEcho: Filtered by AiAi flag check: 
06-13 18:12:33.816  2590  2666 I AiAiEcho: [CONTEXT ratelimit_period="10 SECONDS" ]
06-13 18:12:33.817   675   675 W libbinder.IPCThreadState: Sending oneway calls to frozen process.
06-13 18:12:33.817   675   675 D BatterySaverPolicy: accessibility changed to true, updating policy.
06-13 18:12:33.818  2590  2666 I AiAiEcho: #remoteViewsTwiddler: feature disabled.
06-13 18:12:33.818  2590  2666 I AiAiEcho: Predicting[0]:  [CONTEXT sampling_count=5 ]
06-13 18:12:33.818  2590  2666 I AiAiEcho: EchoTargets: 
06-13 18:12:33.818  2590  2666 I AiAiEcho: Filtered by AiAi flag check: 
06-13 18:12:33.818  2590  2666 I AiAiEcho: [CONTEXT ratelimit_period="10 SECONDS" ]
06-13 18:12:33.818  2590  2666 I AiAiEcho: #remoteViewsTwiddler: feature disabled.
06-13 18:12:33.819  2590  2666 I AiAiEcho: #postPredictionTargets: Sending updates to UISurface home with targets# 0 (types=[])
06-13 18:12:33.819  2590  2666 I AiAiEcho: #postPredictionTargets: Sending updates to UISurface ambientcue with targets# 0 (types=[])
06-13 18:12:33.819  2590  2666 I AiAiEcho: #postPredictionTargets: Sending updates to UISurface lockscreen with targets# 0 (types=[])
06-13 18:12:33.820   675  1946 D AccessibilityManagerService: .getAccessibilityShortcutTargets {shortcutType=32, userId=0}
06-13 18:12:33.821   933  1145 I AmbientCueRepository: Receiving SmartSpace targets # 0
06-13 18:12:34.158  6614  6704 D nativeloader: Load /data/app/~~aKHwgWvnh_M1DEmyfVD16Q==/com.anonymous.x2ndbrain-cmqGMUcVlmmY0m5JQ6S_vg==/base.apk!/lib/x86_64/libreanimated.so using class loader ns clns-9 (caller=/data/app/~~aKHwgWvnh_M1DEmyfVD16Q==/com.anonymous.x2ndbrain-cmqGMUcVlmmY0m5JQ6S_vg==/base.apk!classes21.dex): ok
06-13 18:12:34.376   675   769 D ActivityManager: sync unfroze 4915 com.google.android.apps.photos for 6
06-13 18:12:34.387   675  1946 W JobScheduler: Job didn't exist in JobStore: 17d29f6 #u0a172/1034 com.google.android.apps.photos/com.google.android.libraries.social.mediamonitor.MediaMonitorJobSchedulerService
06-13 18:12:34.397   675  1946 W UriGrantsManagerService: No permission grants found for com.google.android.apps.photos
06-13 18:12:34.398   675  1946 W UriGrantsManagerService: No permission grants found for com.google.android.apps.photos
06-13 18:12:34.411  6614  6614 I ExpoModulesCore: ✅ JSI interop was installed
06-13 18:12:34.419   675  1914 W JobInfo : Job 'com.google.android.apps.photos/com.google.android.libraries.social.async.BackgroundTaskJobService#1043' has a deadline with no functional constraints. The deadline won't improve job execution latency. Consider removing the deadline.
06-13 18:12:34.440   675  1914 W UriGrantsManagerService: No permission grants found for com.google.android.apps.photos
06-13 18:12:34.440   675  1914 W UriGrantsManagerService: No permission grants found for com.google.android.apps.photos
06-13 18:12:34.445  4915  6743 I XmpUtil : XMP parse: only JPEG file is supported
06-13 18:12:34.468   675   902 W UriGrantsManagerService: No permission grants found for com.google.android.apps.photos
06-13 18:12:34.468   675   902 W UriGrantsManagerService: No permission grants found for com.google.android.apps.photos
06-13 18:12:34.482   675  1999 W JobInfo : Job 'com.google.android.apps.photos/com.google.android.libraries.social.async.BackgroundTaskJobService#1043' has a deadline with no functional constraints. The deadline won't improve job execution latency. Consider removing the deadline.
06-13 18:12:34.523   918   918 I wpa_supplicant: wlan0: CTRL-EVENT-BEACON-LOSS 
06-13 18:12:34.832  6724  6724 W AccessibilityNodeInfoDumper: Fetch time: 3ms
06-13 18:12:34.833   675   902 V AccessibilityManagerService: onUserStateChangedLocked for userId: 0, forceUpdate: false
06-13 18:12:34.834   675   902 V AccessibilityUserState: updateShortcutTargets: type:accessibility_shortcut_target_service, current:{}, new:{}
06-13 18:12:34.834   675   902 V AccessibilityUserState: updateShortcutTargets: type:accessibility_button_targets, current:{}, new:{}
06-13 18:12:34.834   675   902 V AccessibilityUserState: updateShortcutTargets: type:accessibility_gesture_targets, current:{}, new:{}
06-13 18:12:34.834   675   902 V AccessibilityUserState: updateShortcutTargets: type:accessibility_qs_targets, current:{}, new:{}
06-13 18:12:34.834   675   902 V AccessibilityUserState: updateShortcutTargets: type:accessibility_key_gesture_targets, current:{}, new:{}
06-13 18:12:34.834   675   902 V AccessibilityUserState: updateShortcutTargets: type:accessibility_top_row_key_targets, current:{}, new:{}
06-13 18:12:34.834   675   902 V AccessibilityUserState: updateShortcutTargets: type:accessibility_quick_access_targets, current:{}, new:{}
06-13 18:12:34.834   675   902 W MagnificationConnectionManager: requestConnection duplicated request: connect=false, mConnectionState=DISCONNECTED
06-13 18:12:34.834   675   902 D AccessibilityManagerService: restoreCurrentUserForTestAutomationIfNeededLocked(): ignoring because device doesn't support visible background users
06-13 18:12:34.835   675   675 W libbinder.IPCThreadState: Sending oneway calls to frozen process.
06-13 18:12:34.835   675   675 W libbinder.IPCThreadState: Sending oneway calls to frozen process.
06-13 18:12:34.836  2590  2614 I AiAiEcho: Settings changed for uri: content://settings/secure/accessibility_enabled
06-13 18:12:34.836  6724  6734 W libbinder.IPCThreadState: call to talkWithDriver in joinThreadPool returned error: -9 (Bad file descriptor), FD: -1
06-13 18:12:34.836  6724  6724 D AndroidRuntime: Shutting down VM
06-13 18:12:34.836  2590  2666 I AiAiEcho: Predicting[0]:  [CONTEXT sampling_count=5 ]
06-13 18:12:34.836  2590  2666 I AiAiEcho: EchoTargets: 
06-13 18:12:34.836  2590  2666 I AiAiEcho: Filtered by AiAi flag check: 
06-13 18:12:34.836  2590  2666 I AiAiEcho: [CONTEXT ratelimit_period="10 SECONDS" ]
06-13 18:12:34.837   675   675 W libbinder.IPCThreadState: Sending oneway calls to frozen process.
06-13 18:12:34.837   675   675 W libbinder.IPCThreadState: Sending oneway calls to frozen process.
06-13 18:12:34.837  6724  6733 W libbinder.IPCThreadState: call to talkWithDriver in joinThreadPool returned error: -9 (Bad file descriptor), FD: -1
06-13 18:12:34.838  2590  2666 I AiAiEcho: #remoteViewsTwiddler: feature disabled.
06-13 18:12:34.838  2590  2666 I AiAiEcho: Predicting[0]:  [CONTEXT sampling_count=5 ]
06-13 18:12:34.838  2590  2666 I AiAiEcho: EchoTargets: 
06-13 18:12:34.838  2590  2666 I AiAiEcho: Filtered by AiAi flag check: 
06-13 18:12:34.838  2590  2666 I AiAiEcho: [CONTEXT ratelimit_period="10 SECONDS" ]
06-13 18:12:34.839   675   675 W libbinder.IPCThreadState: Sending oneway calls to frozen process.
06-13 18:12:34.839   675   675 W libbinder.IPCThreadState: Sending oneway calls to frozen process.
06-13 18:12:34.840  2590  2666 I AiAiEcho: #remoteViewsTwiddler: feature disabled.
06-13 18:12:34.840   675   675 D BatterySaverPolicy: accessibility changed to false, updating policy.
06-13 18:12:34.840  2590  2666 I AiAiEcho: Predicting[0]:  [CONTEXT sampling_count=5 ]
06-13 18:12:34.840  2590  2666 I AiAiEcho: EchoTargets: 
06-13 18:12:34.840  2590  2666 I AiAiEcho: Filtered by AiAi flag check: 
06-13 18:12:34.840  2590  2666 I AiAiEcho: [CONTEXT ratelimit_period="10 SECONDS" ]
06-13 18:12:34.840  2590  2666 I AiAiEcho: #remoteViewsTwiddler: feature disabled.
06-13 18:12:34.840  2590  2666 I AiAiEcho: #postPredictionTargets: Sending updates to UISurface home with targets# 0 (types=[])
06-13 18:12:34.843  2590  2666 I AiAiEcho: #postPredictionTargets: Sending updates to UISurface ambientcue with targets# 0 (types=[])
06-13 18:12:34.843   933  1145 I AmbientCueRepository: Receiving SmartSpace targets # 0
06-13 18:12:34.843  2590  2666 I AiAiEcho: #postPredictionTargets: Sending updates to UISurface lockscreen with targets# 0 (types=[])
06-13 18:12:35.691   675   829 I HalDevMgr: bestIfaceCreationProposal is null, requestIface=STA, existingIface=[name=wlan0 type=STA]
06-13 18:12:35.698  1014  1172 D IpClient/wlan0: interfaceLinkStateChanged: ifindex 16 up
06-13 18:12:35.707  1014  1172 D IpClient/wlan0: interfaceLinkStateChanged: ifindex 16 up
06-13 18:12:35.919  6614  6621 I ymous.x2ndbrain: NativeAlloc concurrent mark compact GC freed 16MB AllocSpace bytes, 5(336KB) LOS objects, 49% free, 10MB/20MB, paused 1.712ms,20.256ms total 68.925ms
06-13 18:12:36.157  6614  6705 W unknown:ReactNative: StatusBarModule: Ignored status bar change, current activity is edge-to-edge.
06-13 18:12:36.157  6614  6705 W unknown:ReactNative: StatusBarModule: Ignored status bar change, current activity is edge-to-edge.
06-13 18:12:36.177  6614  6614 I ReactNative: [GESTURE HANDLER] Initialize gesture handler for root view com.facebook.react.runtime.ReactSurfaceView{321f2f2 V.E...... ......ID 0,0-1344,2992 #1}
06-13 18:12:36.237  6614  6748 D nativeloader: Load /data/app/~~aKHwgWvnh_M1DEmyfVD16Q==/com.anonymous.x2ndbrain-cmqGMUcVlmmY0m5JQ6S_vg==/base.apk!/lib/x86_64/libimagepipeline.so using class loader ns clns-9 (caller=/data/app/~~aKHwgWvnh_M1DEmyfVD16Q==/com.anonymous.x2ndbrain-cmqGMUcVlmmY0m5JQ6S_vg==/base.apk!classes21.dex): ok
06-13 18:12:36.401   675   693 I ActivityTaskManager: Displayed com.anonymous.x2ndbrain/.MainActivity for user 0: +31s336ms
06-13 18:12:36.471   675   797 I ImeTracker: com.anonymous.x2ndbrain:18704f79: onRequestHide at ORIGIN_SERVER reason HIDE_UNSPECIFIED_WINDOW fromUser false userId 0 displayId 0
06-13 18:12:36.473   675  1946 W InputChannel-JNI: Channel already disposed.
06-13 18:12:36.475  4621  4621 I GoogleInputMethodService: GoogleInputMethodService.onFinishInput():2113 
06-13 18:12:36.475   675  1946 I ImeTracker: system_server:86a13a81: onRequestHide at ORIGIN_SERVER reason IME_REQUESTED_CHANGED_LISTENER fromUser false displayId 0
06-13 18:12:36.475   675   696 I ImeTracker: system_server:86a13a81: onCancelled at PHASE_SERVER_SHOULD_HIDE
06-13 18:12:36.475  4621  4621 I Module  : DeviceLockedStatusModuleProvider$Module.updateDeviceLockedStatus():103 repeatCheckTimes = 0, locked = false
06-13 18:12:36.477  4621  4621 I GoogleInputMethodService: GoogleInputMethodService.onStartInput():1384 onStartInput(EditorInfo{EditorInfo{packageName=com.anonymous.x2ndbrain, inputType=0, inputTypeString=NULL, enableLearning=false, autoCorrection=false, autoComplete=false, imeOptions=0, privateImeOptions=null, actionName=UNSPECIFIED, actionLabel=null, initialSelStart=-1, initialSelEnd=-1, initialCapsMode=0, label=null, fieldId=0, fieldName=null, extras=null, hintText=null, hintLocales=[]}}, false)
06-13 18:12:36.477  4621  4621 I AndroidIME: LatinIMEBase.updateInputViewCoverNavigation():314 Update input view padding, extendsTouchBelowSpace=true, bottom inset=144
06-13 18:12:36.477  4621  4621 I Module  : DeviceLockedStatusModuleProvider$Module.updateDeviceLockedStatus():103 repeatCheckTimes = 1, locked = false
06-13 18:12:36.478   675  1946 W PackageConfigPersister: App-specific configuration not found for packageName: com.anonymous.x2ndbrain and userId: 0
06-13 18:12:36.489  6614  6614 D InsetsController: hide(ime())
06-13 18:12:36.490  6614  6614 I ImeTracker: com.anonymous.x2ndbrain:18704f79: onCancelled at PHASE_CLIENT_ALREADY_HIDDEN
06-13 18:12:36.515   528   557 W skia    : AGTM parsing failed flags.readFromStream(s) at 159
06-13 18:12:36.617   528   557 W skia    : AGTM parsing failed flags.readFromStream(s) at 159
06-13 18:12:36.729   528   557 W skia    : AGTM parsing failed flags.readFromStream(s) at 159
06-13 18:12:36.839   528   557 W skia    : AGTM parsing failed flags.readFromStream(s) at 159
06-13 18:12:36.938   528   557 W skia    : AGTM parsing failed flags.readFromStream(s) at 159
06-13 18:12:37.045  6614  6704 D nativeloader: Load /data/app/~~aKHwgWvnh_M1DEmyfVD16Q==/com.anonymous.x2ndbrain-cmqGMUcVlmmY0m5JQ6S_vg==/base.apk!/lib/x86_64/libgesturehandler.so using class loader ns clns-9 (caller=/data/app/~~aKHwgWvnh_M1DEmyfVD16Q==/com.anonymous.x2ndbrain-cmqGMUcVlmmY0m5JQ6S_vg==/base.apk!classes21.dex): ok
06-13 18:12:37.046  6614  6704 D jni_lib_merge: Entering merged library JNI_OnLoad.
06-13 18:12:37.046  6614  6704 D jni_lib_merge: Preparing 12 pre-merged libs (including stub)
06-13 18:12:37.046  6614  6704 D jni_lib_merge: Preparing to register libfabricjni_so.  onload_func: 0x77688d0d83e0
06-13 18:12:37.046  6614  6704 D jni_lib_merge: Preparing to register libreact_devsupportjni_so.  onload_func: 0x77688d322c30
06-13 18:12:37.046  6614  6704 D jni_lib_merge: Preparing to register libreact_featureflagsjni_so.  onload_func: 0x77688d334fe0
06-13 18:12:37.046  6614  6704 D jni_lib_merge: Preparing to register libreact_newarchdefaults_so.  onload_func: 0x77688d3daf90
06-13 18:12:37.046  6614  6704 D jni_lib_merge: Preparing to register libreactnativeblob_so.  onload_func: 0x77688d6a6590
06-13 18:12:37.046  6614  6704 D jni_lib_merge: Preparing to register libreactnativejni_so.  onload_func: 0x77688d6c9800
06-13 18:12:37.046  6614  6704 D jni_lib_merge: Preparing to register libreactnativejni_common_so.  onload_func: 0x77688d6cf2e0
06-13 18:12:37.046  6614  6704 D jni_lib_merge: Preparing to register librninstance_so.  onload_func: 0x77688d74c120
06-13 18:12:37.046  6614  6704 D jni_lib_merge: Preparing to register libturbomodulejsijni_so.  onload_func: 0x77688d89aec0
06-13 18:12:37.046  6614  6704 D jni_lib_merge: Preparing to register libuimanagerjni_so.  onload_func: 0x77688d8b1910
06-13 18:12:37.046  6614  6704 D jni_lib_merge: Preparing to register libyoga_so.  onload_func: 0x77688d8c0890
06-13 18:12:37.046  6614  6704 D jni_lib_merge: About to register 11 actual methods.
06-13 18:12:37.077  6614  6614 I ymous.x2ndbrain: hiddenapi: Accessing hidden field Landroid/widget/ScrollView;->mScroller:Landroid/widget/OverScroller; (runtime_flags=0, domain=platform, api=unsupported) from Lcom/facebook/react/views/scroll/ReactScrollView; (domain=app, TargetSdkVersion=36) using reflection: allowed
06-13 18:12:37.130   528   557 W skia    : AGTM parsing failed flags.readFromStream(s) at 159
06-13 18:12:37.149  6614  6621 I ymous.x2ndbrain: NativeAlloc concurrent mark compact GC freed 2563KB AllocSpace bytes, 5(320KB) LOS objects, 49% free, 11MB/22MB, paused 1.950ms,16.635ms total 68.990ms
06-13 18:12:37.300   528   557 W skia    : AGTM parsing failed flags.readFromStream(s) at 159
06-13 18:12:37.411   528   557 W skia    : AGTM parsing failed flags.readFromStream(s) at 159
06-13 18:12:37.511   528   557 W skia    : AGTM parsing failed flags.readFromStream(s) at 159
06-13 18:12:37.612   528   557 W skia    : AGTM parsing failed flags.readFromStream(s) at 159
06-13 18:12:37.713   528   557 W skia    : AGTM parsing failed flags.readFromStream(s) at 159
06-13 18:12:38.698   675   859 I AdbWifiNetworkMonitor: Wi-Fi network available
06-13 18:12:38.698   675   859 I AdbWifiNetworkMonitor: Received the same Wi-Fi SSID. Ignoring.
06-13 18:12:38.705   675   829 I HalDevMgr: bestIfaceCreationProposal is null, requestIface=STA, existingIface=[name=wlan0 type=STA]
06-13 18:12:38.707   675   835 D ConnectivityService: NetReassign [no changes] [c 0] [a 1] [i 1]
06-13 18:12:38.707  1216  1668 I NullBinder: NullBinder for android.net.action.RECOMMEND_NETWORKS triggering remote TransactionTooLargeException due to Service without Chimera impl, calling uid: 1000, calling pid: 0
06-13 18:12:38.707  1216  1668 W libbinder.Binder: Large reply transaction of 1056768 bytes, interface descriptor , function: UNKNOWN_FUNCTION_NAME, code: 1, flags: 17
06-13 18:12:38.709  1216  2454 I NearbyMediums: Wifi changed new SSID: "AndroidWifi"
06-13 18:12:38.709  1216  2454 I NearbyMediums: WifiLanConnectivityInfo is not changed, skip notify.
06-13 18:12:38.797   528   557 W skia    : AGTM parsing failed flags.readFromStream(s) at 159
06-13 18:12:38.897   528   557 W skia    : AGTM parsing failed flags.readFromStream(s) at 159
06-13 18:12:38.998   528   557 W skia    : AGTM parsing failed flags.readFromStream(s) at 159
06-13 18:12:39.101   528   557 W skia    : AGTM parsing failed flags.readFromStream(s) at 159
06-13 18:12:39.120  2843  2843 I artd    : GetBestInfo: odex next to the dex file (/data/app/~~xCWSPSiTbGWeOlbbQ8WCfA==/com.google.android.gms-6V8MJOZtvQBtjnCwEeoqLQ==/oat/x86_64/base.odex) is kOatUpToDate with filter 'speed-profile' executable 'false'
06-13 18:12:39.121  2843  2843 I artd    : GetBestInfo: dm (/data/app/~~xCWSPSiTbGWeOlbbQ8WCfA==/com.google.android.gms-6V8MJOZtvQBtjnCwEeoqLQ==/split_AdsDynamite_installtime.dm) is kOatUpToDate with filter 'verify' executable 'false'
06-13 18:12:39.123  2843  2843 I artd    : GetBestInfo: odex next to the dex file (/data/app/~~xCWSPSiTbGWeOlbbQ8WCfA==/com.google.android.gms-6V8MJOZtvQBtjnCwEeoqLQ==/oat/x86_64/split_CronetDynamite_installtime.odex) is kOatUpToDate with filter 'speed-profile' executable 'false'
06-13 18:12:39.124  2843  2843 I artd    : GetBestInfo: dm (/data/app/~~xCWSPSiTbGWeOlbbQ8WCfA==/com.google.android.gms-6V8MJOZtvQBtjnCwEeoqLQ==/split_DynamiteLoader_installtime.dm) is kOatUpToDate with filter 'verify' executable 'false'
06-13 18:12:39.126  2843  2843 I artd    : GetBestInfo: dm (/data/app/~~xCWSPSiTbGWeOlbbQ8WCfA==/com.google.android.gms-6V8MJOZtvQBtjnCwEeoqLQ==/split_DynamiteModulesA_installtime.dm) is kOatUpToDate with filter 'verify' executable 'false'
06-13 18:12:39.127  2843  2843 I artd    : GetBestInfo: dm (/data/app/~~xCWSPSiTbGWeOlbbQ8WCfA==/com.google.android.gms-6V8MJOZtvQBtjnCwEeoqLQ==/split_DynamiteModulesC_installtime.dm) is kOatUpToDate with filter 'verify' executable 'false'
06-13 18:12:39.128  2843  2843 I artd    : GetBestInfo: dm (/data/app/~~xCWSPSiTbGWeOlbbQ8WCfA==/com.google.android.gms-6V8MJOZtvQBtjnCwEeoqLQ==/split_GoogleCertificates_installtime.dm) is kOatUpToDate with filter 'verify' executable 'false'
06-13 18:12:39.129  2843  2843 I artd    : GetBestInfo: dm (/data/app/~~xCWSPSiTbGWeOlbbQ8WCfA==/com.google.android.gms-6V8MJOZtvQBtjnCwEeoqLQ==/split_MapsDynamite_installtime.dm) is kOatUpToDate with filter 'verify' executable 'false'
06-13 18:12:39.131  2843  2843 I artd    : GetBestInfo: dm (/data/app/~~xCWSPSiTbGWeOlbbQ8WCfA==/com.google.android.gms-6V8MJOZtvQBtjnCwEeoqLQ==/split_MeasurementDynamite_installtime.dm) is kOatUpToDate with filter 'verify' executable 'false'
06-13 18:12:39.132  2843  2843 I artd    : GetBestInfo: dm (/data/app/~~xCWSPSiTbGWeOlbbQ8WCfA==/com.google.android.gms-6V8MJOZtvQBtjnCwEeoqLQ==/split_all_locale_splits.dm) is kOatUpToDate with filter 'verify' executable 'false'
06-13 18:12:39.133  2843  2843 I artd    : GetBestInfo: /data/user_de/0/com.google.android.gms/app_chimera/m/00000001/CronetDynamite.apk has no usable artifacts
06-13 18:12:39.134  2843  2843 I artd    : GetBestInfo: /data/user_de/0/com.google.android.gms/app_chimera/m/00000011/dl-VisionOcr.optional_262031100000.apk has no usable artifacts
06-13 18:12:39.135  2843  2843 I artd    : GetBestInfo: /data/user_de/0/com.google.android.gms/app_chimera/m/00000002/DynamiteLoader.apk has no usable artifacts
06-13 18:12:39.136  2843  2843 I artd    : GetBestInfo: /data/user_de/0/com.google.android.gms/app_chimera/m/0000000e/dl-MlkitBarcodeUi.optional_260235100800.apk has no usable artifacts
06-13 18:12:39.136  2843  2843 I artd    : GetBestInfo: /data/user_de/0/com.google.android.gms/app_chimera/m/00000005/GoogleCertificates.apk has no usable artifacts
06-13 18:12:39.138  2843  2843 I artd    : GetBestInfo: /data/user_de/0/com.google.android.gms/app_chimera/m/00000014/dl-TfliteDynamiteDynamite.integ_252130102100800.apk has no usable artifacts
06-13 18:12:39.139  2843  2843 I artd    : GetBestInfo: /data/user_de/0/com.google.android.gms/app_chimera/m/00000010/dl-PlayCloudSearch.optional_260235100000.apk has no usable artifacts
06-13 18:12:39.141  2843  2843 I artd    : GetBestInfo: /data/user_de/0/com.google.android.gms/app_chimera/m/0000000a/dl-MlkitOcrCommon.optional_260235100800.apk has no usable artifacts
06-13 18:12:39.142  2843  2843 I artd    : GetBestInfo: /data/user_de/0/com.google.android.gms/app_chimera/m/00000013/dl-Appsearch.optional_262031100800.apk has no usable artifacts
06-13 18:12:39.143  2843  4491 I artd    : GetBestInfo: /data/user_de/0/com.google.android.gms/app_chimera/m/00000008/dl-VisionOcr.optional_260235100000.apk has no usable artifacts
06-13 18:12:39.144  2843  2843 I artd    : GetBestInfo: /data/user_de/0/com.google.android.gms/app_chimera/m/00000016/dl-MlkitOcrCommon.optional_262031100800.apk has no usable artifacts
06-13 18:12:39.145  2843  2843 I artd    : GetBestInfo: /data/user_de/0/com.google.android.gms/app_chimera/m/0000000b/dl-Appsearch.optional_260235100800.apk has no usable artifacts
06-13 18:12:39.147  2843  2843 I artd    : GetBestInfo: vdex next to the dex file (/data/user/0/com.google.android.gms/app_dg_cache/1C62BDE86218FBAA50DF06C4A79F5C3FE74B69EC/oat/x86_64/the.vdex) is kOatUpToDate with filter 'verify' executable 'false'
06-13 18:12:39.148  2843  2843 I artd    : GetBestInfo: /data/user_de/0/com.google.android.gms/app_chimera/m/00000012/dl-PlayCloudSearch.optional_262031100000.apk has no usable artifacts
06-13 18:12:39.149  2843  2843 I artd    : GetBestInfo: /data/user_de/0/com.google.android.gms/app_chimera/m/00000015/dl-MlkitBarcodeUi.optional_262031100800.apk has no usable artifacts
06-13 18:12:39.150  2843  2843 I artd    : GetBestInfo: /data/user_de/0/com.google.android.gms/app_chimera/m/00000007/MeasurementDynamite.apk has no usable artifacts
06-13 18:12:39.151  2843  2843 I artd    : GetBestInfo: /data/user_de/0/com.google.android.gms/app_chimera/m/00000019/dl-IdentityCredentialsPlatform.optional_262031100800.apk has no usable artifacts
06-13 18:12:39.801   675   778 D ActivityManager: freezing 5346 com.google.android.gms.unstable
06-13 18:12:41.546   675   778 D ActivityManager: freezing 4874 com.google.android.gms
06-13 18:12:41.708   675   859 I AdbWifiNetworkMonitor: Wi-Fi network available
06-13 18:12:41.708   675   859 I AdbWifiNetworkMonitor: Received the same Wi-Fi SSID. Ignoring.
06-13 18:12:41.711   675   835 W libbinder.IPCThreadState: Sending oneway calls to frozen process.
06-13 18:12:41.712   675   835 W libbinder.IPCThreadState: Sending oneway calls to frozen process.
06-13 18:12:41.712   675   835 W libbinder.IPCThreadState: Sending oneway calls to frozen process.
06-13 18:12:41.712   675   835 W libbinder.IPCThreadState: Sending oneway calls to frozen process.
06-13 18:12:41.713   675   835 W libbinder.IPCThreadState: Sending oneway calls to frozen process.
06-13 18:12:41.713   675   835 W libbinder.IPCThreadState: Sending oneway calls to frozen process.
06-13 18:12:41.713   675   829 I HalDevMgr: bestIfaceCreationProposal is null, requestIface=STA, existingIface=[name=wlan0 type=STA]
06-13 18:12:41.715  1216  4572 I NullBinder: NullBinder for android.net.action.RECOMMEND_NETWORKS triggering remote TransactionTooLargeException due to Service without Chimera impl, calling uid: 1000, calling pid: 0
06-13 18:12:41.715  1216  4572 W libbinder.Binder: Large reply transaction of 1056768 bytes, interface descriptor , function: UNKNOWN_FUNCTION_NAME, code: 1, flags: 17
06-13 18:12:41.715   675   835 D ConnectivityService: NetReassign [no changes] [c 0] [a 1] [i 1]
06-13 18:12:41.715  1216  2454 I NearbyMediums: Wifi changed new SSID: "AndroidWifi"
06-13 18:12:41.715  1216  2454 I NearbyMediums: WifiLanConnectivityInfo is not changed, skip notify.
06-13 18:12:41.716  1014  1172 D IpClient/wlan0: interfaceLinkStateChanged: ifindex 16 up
06-13 18:12:41.722  1014  1172 D IpClient/wlan0: interfaceLinkStateChanged: ifindex 16 up
