--------- beginning of main
06-13 18:12:24.335  1504  1504 D WM-WorkerWrapper: Starting work for com.android.providers.media.MediaServiceV2
06-13 18:12:24.336  1504  1504 D WM-SystemJobService: onStartJob for WorkGenerationalId(workSpecId=4f56cf80-0f78-4d03-b846-bcda0b462269, generation=0)
06-13 18:12:24.337  1504  6685 I MediaServiceV2: Work initiated for action [ android.intent.action.MEDIA_SCANNER_SCAN_FILE ]
06-13 18:12:24.339  1504  1625 D WM-Processor: Work WorkGenerationalId(workSpecId=4f56cf80-0f78-4d03-b846-bcda0b462269, generation=0) is already enqueued for processing
06-13 18:12:24.361  1504  6685 I MediaServiceV2: Work ended for action [ android.intent.action.MEDIA_SCANNER_SCAN_FILE ]
06-13 18:12:24.365  1504  1689 I WM-WorkerWrapper: Worker result SUCCESS for Work [ id=4f56cf80-0f78-4d03-b846-bcda0b462269, tags={ com.android.providers.media.MediaServiceV2 } ]
06-13 18:12:24.368  1504  1504 D WM-Processor: Processor 4f56cf80-0f78-4d03-b846-bcda0b462269 executed; reschedule = false
06-13 18:12:24.368  1504  1504 D WM-SystemJobService: 4f56cf80-0f78-4d03-b846-bcda0b462269 executed on JobScheduler
06-13 18:12:24.400  1504  1689 D WM-GreedyScheduler: Cancelling work ID 4f56cf80-0f78-4d03-b846-bcda0b462269
06-13 18:12:24.402  1504  1689 D WM-GreedyScheduler: Ignoring {WorkSpec: 060cdcbd-e204-4de0-a431-c43b0430ce3c}. Requires device idle.
06-13 18:12:24.402  1504  1689 D WM-GreedyScheduler: Ignoring {WorkSpec: 313778fc-97ae-4224-a2f4-e4d85b8dfd4b}. Requires device idle.
06-13 18:12:24.402  1504  1689 D WM-GreedyScheduler: Ignoring {WorkSpec: b58c9181-2191-4bf0-af54-ed9e7c657f8a}. Requires device idle.
--------- beginning of system
06-13 18:12:24.487   675  1611 D ActivityManager: sync unfroze 4874 com.google.android.gms for 6
06-13 18:12:24.518   675  1611 W ProcessStats: Tracking association SourceState{43c97ff com.google.android.gms.persistent/10215 ImpBg #2902} whose proc state 6 is better than process ProcessState{17c3046 com.google.android.gms/10215 pkg=com.google.android.gms} proc state 14 (13 skipped)
06-13 18:12:24.519  1216  6544 I NetworkScheduler.Stats: (REDACTED) Task %s/%s started execution. cause:%s exec_start_elapsed_seconds: %s
06-13 18:12:24.530  4874  6687 I GmscoreIpa: Starting mediastore instant index [CONTEXT service_id=255 ]
06-13 18:12:24.585  1216  6690 I NetworkScheduler.Stats: (REDACTED) Task %s/%s finished executing. cause:%s result: %s elapsed_millis: %s uptime_millis: %s exec_start_elapsed_seconds: %s
06-13 18:12:24.607   675  1946 D ActivityManager: sync unfroze 5346 com.google.android.gms.unstable for 6
06-13 18:12:24.666  1216  6690 I NetworkScheduler.Stats: (REDACTED) Task %s/%s started execution. cause:%s exec_start_elapsed_seconds: %s
06-13 18:12:24.722  5346  6051 W libc    : Access denied finding property "persist.adb.tls_server.enable"
06-13 18:12:24.722  5346  6051 W libc    : Access denied finding property "service.adb.tls.port"
06-13 18:12:24.716  5346  5346 W binder:5346_7: type=1400 audit(0.0:30): avc:  denied  { read } for  name="u:object_r:adbd_prop:s0" dev="tmpfs" ino=61 scontext=u:r:gmscore_app:s0:c512,c768 tcontext=u:object_r:adbd_prop:s0 tclass=file permissive=0 app=com.google.android.gms
06-13 18:12:24.725   675  1999 D FileUtils: Rounded bytes from 3115638784 to 4000000000
06-13 18:12:24.746  1216  2454 W GmsUrlRequestImpl: [https://android.googleapis.com/auth/devicekey] Content-Type header is overwritten.
06-13 18:12:25.245  1216  2454 W GLSUser : [AppCertManager] Exception while requesting key: 
06-13 18:12:25.245  1216  2454 W GLSUser : java.util.concurrent.ExecutionException: dbio: Parsing Exception
06-13 18:12:25.245  1216  2454 W GLSUser : 	at hmli.j(:com.google.android.gms@262031038@26.20.31 (260800-919905943):21)
06-13 18:12:25.245  1216  2454 W GLSUser : 	at hmlr.t(:com.google.android.gms@262031038@26.20.31 (260800-919905943):73)
06-13 18:12:25.245  1216  2454 W GLSUser : 	at amzi.b(:com.google.android.gms@262031038@26.20.31 (260800-919905943):435)
06-13 18:12:25.245  1216  2454 W GLSUser : 	at amzg.b(:com.google.android.gms@262031038@26.20.31 (260800-919905943):29)
06-13 18:12:25.245  1216  2454 W GLSUser : 	at amzb.a(:com.google.android.gms@262031038@26.20.31 (260800-919905943):1)
06-13 18:12:25.245  1216  2454 W GLSUser : 	at amze.a(:com.google.android.gms@262031038@26.20.31 (260800-919905943):58)
06-13 18:12:25.245  1216  2454 W GLSUser : 	at ahxp.call(:com.google.android.gms@262031038@26.20.31 (260800-919905943):56)
06-13 18:12:25.245  1216  2454 W GLSUser : 	at java.util.concurrent.FutureTask.run(FutureTask.java:328)
06-13 18:12:25.245  1216  2454 W GLSUser : 	at bkql.c(:com.google.android.gms@262031038@26.20.31 (260800-919905943):50)
06-13 18:12:25.245  1216  2454 W GLSUser : 	at bkql.run(:com.google.android.gms@262031038@26.20.31 (260800-919905943):66)
06-13 18:12:25.245  1216  2454 W GLSUser : 	at java.util.concurrent.ThreadPoolExecutor.runWorker(ThreadPoolExecutor.java:1100)
06-13 18:12:25.245  1216  2454 W GLSUser : 	at java.util.concurrent.ThreadPoolExecutor$Worker.run(ThreadPoolExecutor.java:624)
06-13 18:12:25.245  1216  2454 W GLSUser : 	at bkwd.run(:com.google.android.gms@262031038@26.20.31 (260800-919905943):8)
06-13 18:12:25.245  1216  2454 W GLSUser : 	at java.lang.Thread.run(Thread.java:1572)
06-13 18:12:25.245  1216  2454 W GLSUser : Caused by: dbio: Parsing Exception
06-13 18:12:25.245  1216  2454 W GLSUser : 	at dbjt.ku(:com.google.android.gms@262031038@26.20.31 (260800-919905943):15)
06-13 18:12:25.245  1216  2454 W GLSUser : 	at hmob.run(:com.google.android.gms@262031038@26.20.31 (260800-919905943):56)
06-13 18:12:25.245  1216  2454 W GLSUser : 	... 6 more
06-13 18:12:25.245  1216  2454 W GLSUser : Caused by: japy: Protocol message end-group tag did not match expected tag.
06-13 18:12:25.245  1216  2454 W GLSUser : 	at jaru.a(:com.google.android.gms@262031038@26.20.31 (260800-919905943):57)
06-13 18:12:25.245  1216  2454 W GLSUser : 	at jaqs.l(:com.google.android.gms@262031038@26.20.31 (260800-919905943):60)
06-13 18:12:25.245  1216  2454 W GLSUser : 	at jaou.s(:com.google.android.gms@262031038@26.20.31 (260800-919905943):26)
06-13 18:12:25.245  1216  2454 W GLSUser : 	at jamq.f(:com.google.android.gms@262031038@26.20.31 (260800-919905943):7)
06-13 18:12:25.245  1216  2454 W GLSUser : 	at jamq.c(:com.google.android.gms@262031038@26.20.31 (260800-919905943):1)
06-13 18:12:25.245  1216  2454 W GLSUser : 	at jamq.o(:com.google.android.gms@262031038@26.20.31 (260800-919905943):1)
06-13 18:12:25.245  1216  2454 W GLSUser : 	at dbjs.a(:com.google.android.gms@262031038@26.20.31 (260800-919905943):15)
06-13 18:12:25.245  1216  2454 W GLSUser : 	at dbjx.call(:com.google.android.gms@262031038@26.20.31 (260800-919905943):8)
06-13 18:12:25.245  1216  2454 W GLSUser : 	at java.util.concurrent.FutureTask.run(FutureTask.java:328)
06-13 18:12:25.245  1216  2454 W GLSUser : 	... 6 more
06-13 18:12:25.250  1216  6544 I NetworkScheduler.Stats: (REDACTED) Task %s/%s finished executing. cause:%s result: %s elapsed_millis: %s uptime_millis: %s exec_start_elapsed_seconds: %s
06-13 18:12:26.339   918   918 I wpa_supplicant: wlan0: CTRL-EVENT-BEACON-LOSS 
06-13 18:12:26.661   675   829 I HalDevMgr: bestIfaceCreationProposal is null, requestIface=STA, existingIface=[name=wlan0 type=STA]
06-13 18:12:26.679  1014  1172 D IpClient/wlan0: interfaceLinkStateChanged: ifindex 16 up
06-13 18:12:26.685  1014  1172 D IpClient/wlan0: interfaceLinkStateChanged: ifindex 16 up
06-13 18:12:28.497   675   835 D InetDiagMessage: Destroyed 0 sockets, proto=IPPROTO_TCP, family=AF_INET, states=14
06-13 18:12:28.497   675   835 D InetDiagMessage: Destroyed 0 sockets, proto=IPPROTO_TCP, family=AF_INET6, states=14
06-13 18:12:28.497   675   835 D InetDiagMessage: Destroyed live tcp sockets for uids={10172} in 1ms
06-13 18:12:28.499   675   835 D InetDiagMessage: Destroyed 0 sockets, proto=IPPROTO_TCP, family=AF_INET, states=14
06-13 18:12:28.499   675   835 D InetDiagMessage: Destroyed 0 sockets, proto=IPPROTO_TCP, family=AF_INET6, states=14
06-13 18:12:28.499   675   835 D InetDiagMessage: Destroyed live tcp sockets for uids={20172} in 1ms
06-13 18:12:29.430  2843  2843 I artd    : GetBestInfo: odex next to the dex file (/data/app/~~xCWSPSiTbGWeOlbbQ8WCfA==/com.google.android.gms-6V8MJOZtvQBtjnCwEeoqLQ==/oat/x86_64/base.odex) is kOatUpToDate with filter 'speed-profile' executable 'false'
06-13 18:12:29.434  2843  4491 I artd    : GetBestInfo: dm (/data/app/~~xCWSPSiTbGWeOlbbQ8WCfA==/com.google.android.gms-6V8MJOZtvQBtjnCwEeoqLQ==/split_AdsDynamite_installtime.dm) is kOatUpToDate with filter 'verify' executable 'false'
06-13 18:12:29.438  2843  4491 I artd    : GetBestInfo: odex next to the dex file (/data/app/~~xCWSPSiTbGWeOlbbQ8WCfA==/com.google.android.gms-6V8MJOZtvQBtjnCwEeoqLQ==/oat/x86_64/split_CronetDynamite_installtime.odex) is kOatUpToDate with filter 'speed-profile' executable 'false'
06-13 18:12:29.442  2843  4491 I artd    : GetBestInfo: dm (/data/app/~~xCWSPSiTbGWeOlbbQ8WCfA==/com.google.android.gms-6V8MJOZtvQBtjnCwEeoqLQ==/split_DynamiteLoader_installtime.dm) is kOatUpToDate with filter 'verify' executable 'false'
06-13 18:12:29.444  2843  4491 I artd    : GetBestInfo: dm (/data/app/~~xCWSPSiTbGWeOlbbQ8WCfA==/com.google.android.gms-6V8MJOZtvQBtjnCwEeoqLQ==/split_DynamiteModulesA_installtime.dm) is kOatUpToDate with filter 'verify' executable 'false'
06-13 18:12:29.446  2843  2843 I artd    : GetBestInfo: dm (/data/app/~~xCWSPSiTbGWeOlbbQ8WCfA==/com.google.android.gms-6V8MJOZtvQBtjnCwEeoqLQ==/split_DynamiteModulesC_installtime.dm) is kOatUpToDate with filter 'verify' executable 'false'
06-13 18:12:29.449  2843  4491 I artd    : GetBestInfo: dm (/data/app/~~xCWSPSiTbGWeOlbbQ8WCfA==/com.google.android.gms-6V8MJOZtvQBtjnCwEeoqLQ==/split_GoogleCertificates_installtime.dm) is kOatUpToDate with filter 'verify' executable 'false'
06-13 18:12:29.451  2843  2843 I artd    : GetBestInfo: dm (/data/app/~~xCWSPSiTbGWeOlbbQ8WCfA==/com.google.android.gms-6V8MJOZtvQBtjnCwEeoqLQ==/split_MapsDynamite_installtime.dm) is kOatUpToDate with filter 'verify' executable 'false'
06-13 18:12:29.452  2843  4491 I artd    : GetBestInfo: dm (/data/app/~~xCWSPSiTbGWeOlbbQ8WCfA==/com.google.android.gms-6V8MJOZtvQBtjnCwEeoqLQ==/split_MeasurementDynamite_installtime.dm) is kOatUpToDate with filter 'verify' executable 'false'
06-13 18:12:29.458  2843  2843 I artd    : GetBestInfo: dm (/data/app/~~xCWSPSiTbGWeOlbbQ8WCfA==/com.google.android.gms-6V8MJOZtvQBtjnCwEeoqLQ==/split_all_locale_splits.dm) is kOatUpToDate with filter 'verify' executable 'false'
06-13 18:12:29.460  2843  4491 I artd    : GetBestInfo: /data/user_de/0/com.google.android.gms/app_chimera/m/00000001/CronetDynamite.apk has no usable artifacts
06-13 18:12:29.461  2843  4491 I artd    : GetBestInfo: /data/user_de/0/com.google.android.gms/app_chimera/m/00000011/dl-VisionOcr.optional_262031100000.apk has no usable artifacts
06-13 18:12:29.463  2843  4491 I artd    : GetBestInfo: /data/user_de/0/com.google.android.gms/app_chimera/m/00000002/DynamiteLoader.apk has no usable artifacts
06-13 18:12:29.472  2843  4491 I artd    : GetBestInfo: /data/user_de/0/com.google.android.gms/app_chimera/m/0000000e/dl-MlkitBarcodeUi.optional_260235100800.apk has no usable artifacts
06-13 18:12:29.478  2843  4491 I artd    : GetBestInfo: /data/user_de/0/com.google.android.gms/app_chimera/m/00000005/GoogleCertificates.apk has no usable artifacts
06-13 18:12:29.480  2843  4491 I artd    : GetBestInfo: /data/user_de/0/com.google.android.gms/app_chimera/m/00000014/dl-TfliteDynamiteDynamite.integ_252130102100800.apk has no usable artifacts
06-13 18:12:29.483  2843  4491 I artd    : GetBestInfo: /data/user_de/0/com.google.android.gms/app_chimera/m/00000010/dl-PlayCloudSearch.optional_260235100000.apk has no usable artifacts
06-13 18:12:29.488  2843  2843 I artd    : GetBestInfo: /data/user_de/0/com.google.android.gms/app_chimera/m/0000000a/dl-MlkitOcrCommon.optional_260235100800.apk has no usable artifacts
06-13 18:12:29.491  2843  4491 I artd    : GetBestInfo: /data/user_de/0/com.google.android.gms/app_chimera/m/00000013/dl-Appsearch.optional_262031100800.apk has no usable artifacts
06-13 18:12:29.495  2843  2843 I artd    : GetBestInfo: /data/user_de/0/com.google.android.gms/app_chimera/m/00000008/dl-VisionOcr.optional_260235100000.apk has no usable artifacts
06-13 18:12:29.498  2843  2843 I artd    : GetBestInfo: /data/user_de/0/com.google.android.gms/app_chimera/m/00000016/dl-MlkitOcrCommon.optional_262031100800.apk has no usable artifacts
06-13 18:12:29.501  2843  2843 I artd    : GetBestInfo: /data/user_de/0/com.google.android.gms/app_chimera/m/0000000b/dl-Appsearch.optional_260235100800.apk has no usable artifacts
06-13 18:12:29.506  2843  2843 I artd    : GetBestInfo: vdex next to the dex file (/data/user/0/com.google.android.gms/app_dg_cache/1C62BDE86218FBAA50DF06C4A79F5C3FE74B69EC/oat/x86_64/the.vdex) is kOatUpToDate with filter 'verify' executable 'false'
06-13 18:12:29.508  2843  2843 I artd    : GetBestInfo: /data/user_de/0/com.google.android.gms/app_chimera/m/00000012/dl-PlayCloudSearch.optional_262031100000.apk has no usable artifacts
06-13 18:12:29.510  2843  2843 I artd    : GetBestInfo: /data/user_de/0/com.google.android.gms/app_chimera/m/00000015/dl-MlkitBarcodeUi.optional_262031100800.apk has no usable artifacts
06-13 18:12:29.512  2843  4491 I artd    : GetBestInfo: /data/user_de/0/com.google.android.gms/app_chimera/m/00000007/MeasurementDynamite.apk has no usable artifacts
06-13 18:12:29.515  2843  2843 I artd    : GetBestInfo: /data/user_de/0/com.google.android.gms/app_chimera/m/00000019/dl-IdentityCredentialsPlatform.optional_262031100800.apk has no usable artifacts
06-13 18:12:29.595  6614  6621 I ymous.x2ndbrain: Background young concurrent mark compact GC freed 2640KB AllocSpace bytes, 0(0B) LOS objects, 24% free, 6786KB/8932KB, paused 2.658ms,8.366ms total 53.462ms
06-13 18:12:29.673   675   829 I HalDevMgr: bestIfaceCreationProposal is null, requestIface=STA, existingIface=[name=wlan0 type=STA]
06-13 18:12:29.770   675  1607 D OomAdjuster: Not killing cached processes
06-13 18:12:29.817  6614  6621 I ymous.x2ndbrain: Background concurrent mark compact GC freed 448KB AllocSpace bytes, 0(0B) LOS objects, 49% free, 8386KB/16MB, paused 3.167ms,9.207ms total 34.623ms
06-13 18:12:29.849   905   905 W ot-daemon: [WARN]-UTILS---: Some telemetries are not populated
06-13 18:12:29.858   905   905 W ot-daemon: [WARN]-UTILS---: Failed to push ThreadnetworkTelemetryDataReported
06-13 18:12:29.858   905   905 W ot-daemon: [WARN]-UTILS---: Failed to push ThreadnetworkTopoEntryRepeated
06-13 18:12:29.860   905   905 W ot-daemon: [WARN]-UTILS---: Failed to push ThreadnetworkDeviceInfoReported
06-13 18:12:30.630  6614  6621 I ymous.x2ndbrain: Background young concurrent mark compact GC freed 2208KB AllocSpace bytes, 0(0B) LOS objects, 13% free, 14MB/16MB, paused 1.881ms,9.564ms total 25.337ms
06-13 18:12:30.861  6614  6621 I ymous.x2ndbrain: Background concurrent mark compact GC freed 80KB AllocSpace bytes, 0(0B) LOS objects, 49% free, 16MB/33MB, paused 2.734ms,12.253ms total 41.494ms
06-13 18:12:31.589  6614  6642 W unknown:BridgelessReact: ReactHost{0}.loadJSBundleFromMetro(): Creating BundleLoader
06-13 18:12:31.591  6614  6641 W unknown:BridgelessReact: ReactHost{0}.getOrCreateReactInstanceTask(): Creating BridgelessReactContext
06-13 18:12:31.596  6614  6641 W unknown:BridgelessReact: ReactHost{0}.getOrCreateReactInstanceTask(): Creating ReactInstance
06-13 18:12:31.604  6614  6614 D WindowOnBackDispatcher: setTopOnBackInvokedCallback (unwrapped): null
06-13 18:12:31.606   675  1914 D CoreBackPreview: Window{36c1bc8 u0 PopupWindow:e22619}: Setting back callback null
06-13 18:12:31.621  6614  6641 D nativeloader: Load /data/app/~~aKHwgWvnh_M1DEmyfVD16Q==/com.anonymous.x2ndbrain-cmqGMUcVlmmY0m5JQ6S_vg==/base.apk!/lib/x86_64/libhermesvm.so using class loader ns clns-9 (caller=/data/app/~~aKHwgWvnh_M1DEmyfVD16Q==/com.anonymous.x2ndbrain-cmqGMUcVlmmY0m5JQ6S_vg==/base.apk!classes21.dex): ok
06-13 18:12:31.624  6614  6641 D nativeloader: Load /data/app/~~aKHwgWvnh_M1DEmyfVD16Q==/com.anonymous.x2ndbrain-cmqGMUcVlmmY0m5JQ6S_vg==/base.apk!/lib/x86_64/libhermestooling.so using class loader ns clns-9 (caller=/data/app/~~aKHwgWvnh_M1DEmyfVD16Q==/com.anonymous.x2ndbrain-cmqGMUcVlmmY0m5JQ6S_vg==/base.apk!classes21.dex): ok
06-13 18:12:31.624  6614  6641 D jni_lib_merge: Entering merged library JNI_OnLoad.
06-13 18:12:31.624  6614  6641 D jni_lib_merge: Preparing 4 pre-merged libs (including stub)
06-13 18:12:31.624  6614  6641 D jni_lib_merge: Preparing to register libhermes_executor_so.  onload_func: 0x776991f889b0
06-13 18:12:31.624  6614  6641 D jni_lib_merge: Preparing to register libhermesinstancejni_so.  onload_func: 0x776991fb4230
06-13 18:12:31.624  6614  6641 D jni_lib_merge: Preparing to register libjsijniprofiler_so.  onload_func: 0x776991fb5fa0
06-13 18:12:31.624  6614  6641 D jni_lib_merge: About to register 3 actual methods.
06-13 18:12:31.769  6614  6641 W ExpoModulesCore: Props class class expo.modules.ui.textfield.InnerTextFieldProps is not introspectable. Falling back to reflection-based props parsing, which may have performance implications. To fix this, annotate the props class with @OptimizedComposeProps.
06-13 18:12:32.048  6614  6641 W ExpoModulesCore: Props class class expo.modules.ui.textfield.PlaceholderProps is not introspectable. Falling back to reflection-based props parsing, which may have performance implications. To fix this, annotate the props class with @OptimizedComposeProps.
06-13 18:12:32.304  6614  6641 I ExpoModulesCore: ✅ AppContext was initialized
06-13 18:12:32.361  6614  6641 W unknown:BridgelessReact: ReactHost{0}.getOrCreateReactInstanceTask(): Loading JS Bundle
06-13 18:12:32.361  6614  6641 W unknown:BridgelessReact: ReactHost{0}.getOrCreateReactInstanceTask(): DevSupportManager.onNewReactContextCreated()
06-13 18:12:32.366  6614  6641 W unknown:BridgelessReact: ReactHost{0}.startSurface(surfaceId = 0): Execute
06-13 18:12:32.370  6614  6614 W unknown:ReactNative: Packager connection already open, nooping.
06-13 18:12:32.370  6614  6614 W unknown:BridgelessReact: ReactHost{0}.ReactContext.onHostResume()
06-13 18:12:32.376  6614  6614 W unknown:BridgelessReact: ReactHost{0}.getOrCreateReactInstanceTask(): Executing ReactInstanceEventListeners
06-13 18:12:32.672  6614  6705 I WebViewFactory: Loading com.google.android.webview version 145.0.7632.45 (code 763204538)
06-13 18:12:32.672  6614  6705 W ResourcesManager: Found a null ResourcesImpl, skipped.
06-13 18:12:32.672  6614  6705 W ResourcesManager: Found a null ResourcesImpl, skipped.
06-13 18:12:32.672  6614  6705 W ResourcesManager: Found a null ResourcesImpl, skipped.
06-13 18:12:32.674  6614  6705 V ResourcesManager: The following library key has been added: ResourcesKey{ mHash=264f9467 mResDir=null mSplitDirs=[] mOverlayDirs=[] mLibDirs=[/data/app/~~ENdrVCrfuk5cTolO7DQPTg==/com.google.android.webview-hij-acrlkHbCPaSD_fpU-A==/WebViewGoogle.apk,/data/app/~~P1lxxaROSDgFJll3S1AH2w==/com.google.android.trichromelibrary_763204538-EEJkeFi_-xvliJ9MwlOZgw==/TrichromeLibrary.apk,/system_ext/framework/androidx.window.extensions.jar] mDisplayId=0 mOverrideConfig=v37 mCompatInfo={480dpi always-compat} mLoaders=[]}
06-13 18:12:32.676  6614  6705 W ymous.x2ndbrain: Failed to find entry 'classes.dex': Entry not found
06-13 18:12:32.676  6614  6705 D nativeloader: Configuring clns-10 for other apk /data/app/~~P1lxxaROSDgFJll3S1AH2w==/com.google.android.trichromelibrary_763204538-EEJkeFi_-xvliJ9MwlOZgw==/TrichromeLibrary.apk. target_sdk_version=36, uses_libraries=ALL, library_path=/data/app/~~ENdrVCrfuk5cTolO7DQPTg==/com.google.android.webview-hij-acrlkHbCPaSD_fpU-A==/lib/x86_64:/data/app/~~ENdrVCrfuk5cTolO7DQPTg==/com.google.android.webview-hij-acrlkHbCPaSD_fpU-A==/WebViewGoogle.apk!/lib/x86_64:/data/app/~~P1lxxaROSDgFJll3S1AH2w==/com.google.android.trichromelibrary_763204538-EEJkeFi_-xvliJ9MwlOZgw==/TrichromeLibrary.apk!/lib/x86_64, permitted_path=/data:/mnt/expand
06-13 18:12:32.680  6614  6705 D ApplicationLoaders: Returning zygote-cached class loader: /system_ext/framework/androidx.window.extensions.jar
06-13 18:12:32.681   675   829 I HalDevMgr: bestIfaceCreationProposal is null, requestIface=STA, existingIface=[name=wlan0 type=STA]
06-13 18:12:32.683  6614  6705 D nativeloader: Configuring clns-11 for other apk /data/app/~~ENdrVCrfuk5cTolO7DQPTg==/com.google.android.webview-hij-acrlkHbCPaSD_fpU-A==/WebViewGoogle.apk. target_sdk_version=36, uses_libraries=, library_path=/data/app/~~ENdrVCrfuk5cTolO7DQPTg==/com.google.android.webview-hij-acrlkHbCPaSD_fpU-A==/lib/x86_64:/data/app/~~ENdrVCrfuk5cTolO7DQPTg==/com.google.android.webview-hij-acrlkHbCPaSD_fpU-A==/WebViewGoogle.apk!/lib/x86_64:/data/app/~~P1lxxaROSDgFJll3S1AH2w==/com.google.android.trichromelibrary_763204538-EEJkeFi_-xvliJ9MwlOZgw==/TrichromeLibrary.apk!/lib/x86_64, permitted_path=/data:/mnt/expand
06-13 18:12:32.707  6614  6705 I cr_WVCFactoryProvider: version=145.0.7632.45 (763204538) minSdkVersion=29 multiprocess=true packageId=2 splits=<none>
06-13 18:12:32.712  6614  6705 D nativeloader: Load /data/app/~~P1lxxaROSDgFJll3S1AH2w==/com.google.android.trichromelibrary_763204538-EEJkeFi_-xvliJ9MwlOZgw==/TrichromeLibrary.apk!/lib/x86_64/libmonochrome_64.so using class loader ns clns-11 (caller=/data/app/~~ENdrVCrfuk5cTolO7DQPTg==/com.google.android.webview-hij-acrlkHbCPaSD_fpU-A==/WebViewGoogle.apk): ok
06-13 18:12:32.715  6614  6705 D nativeloader: Load /system/lib64/libwebviewchromium_plat_support.so using class loader ns clns-11 (caller=/data/app/~~ENdrVCrfuk5cTolO7DQPTg==/com.google.android.webview-hij-acrlkHbCPaSD_fpU-A==/WebViewGoogle.apk): ok
06-13 18:12:32.723  6614  6716 I chromium: [0613/181232.723532:INFO:android_webview/browser/variations/variations_seed_loader.cc:67] Failed to open file for reading.: No such file or directory (2)
06-13 18:12:32.723  6614  6716 I chromium: [0613/181232.723856:INFO:android_webview/browser/variations/variations_seed_loader.cc:67] Failed to open file for reading.: No such file or directory (2)
06-13 18:12:32.731  6614  6705 I cr_LibraryLoader: Successfully loaded native library
06-13 18:12:32.731  6614  6705 I cr_CachingUmaRecorder: Flushed 16 samples from 16 histograms, 0 samples were dropped.
06-13 18:12:32.736  6614  6704 D nativeloader: Load /data/app/~~aKHwgWvnh_M1DEmyfVD16Q==/com.anonymous.x2ndbrain-cmqGMUcVlmmY0m5JQ6S_vg==/base.apk!/lib/x86_64/libworklets.so using class loader ns clns-9 (caller=/data/app/~~aKHwgWvnh_M1DEmyfVD16Q==/com.anonymous.x2ndbrain-cmqGMUcVlmmY0m5JQ6S_vg==/base.apk!classes21.dex): ok
06-13 18:12:32.742  6614  6704 D nativeloader: Load /data/app/~~aKHwgWvnh_M1DEmyfVD16Q==/com.anonymous.x2ndbrain-cmqGMUcVlmmY0m5JQ6S_vg==/base.apk!/lib/x86_64/libexpo-modules-core.so using class loader ns clns-9 (caller=/data/app/~~aKHwgWvnh_M1DEmyfVD16Q==/com.anonymous.x2ndbrain-cmqGMUcVlmmY0m5JQ6S_vg==/base.apk!classes21.dex): ok
06-13 18:12:32.772  6614  6621 I ymous.x2ndbrain: Background young concurrent mark compact GC freed 14MB AllocSpace bytes, 16(928KB) LOS objects, 45% free, 18MB/33MB, paused 967us,16.865ms total 55.966ms
06-13 18:12:32.887  6614  6704 W unknown:ViewManagerPropertyUpdater: Could not find generated setter for class expo.modules.kotlin.views.GroupViewManagerWrapper
06-13 18:12:32.891  6614  6704 W unknown:ViewManagerPropertyUpdater: Could not find generated setter for class com.facebook.react.uimanager.LayoutShadowNode
06-13 18:12:32.893  6614  6704 W unknown:ViewManagerPropertyUpdater: Could not find generated setter for class com.swmansion.rnscreens.ScreenContainerViewManager
06-13 18:12:32.900  6614  6704 W unknown:ViewManagerPropertyUpdater: Could not find generated setter for class com.swmansion.rnscreens.gamma.tabs.host.TabsHostViewManager
06-13 18:12:32.900  6614  6704 W unknown:ViewManagerPropertyUpdater: Could not find generated setter for class com.swmansion.rnscreens.ScreenStackHeaderConfigViewManager
06-13 18:12:32.902  6614  6704 W unknown:ViewManagerPropertyUpdater: Could not find generated setter for class com.swmansion.rnscreens.ScreenStackHeaderSubviewManager
06-13 18:12:32.905  6614  6704 W unknown:ViewManagerPropertyUpdater: Could not find generated setter for class com.swmansion.rnscreens.gamma.scrollviewmarker.ScrollViewMarkerViewManager
06-13 18:12:32.906  6614  6704 W unknown:ViewManagerPropertyUpdater: Could not find generated setter for class com.swmansion.rnscreens.ScreenContentWrapperManager
06-13 18:12:32.908  6614  6704 W unknown:ViewManagerPropertyUpdater: Could not find generated setter for class com.swmansion.rnscreens.gamma.stack.screen.StackScreenViewManager
06-13 18:12:32.910  6614  6704 W unknown:ViewManagerPropertyUpdater: Could not find generated setter for class com.th3rdwave.safeareacontext.SafeAreaViewManager
06-13 18:12:32.911  6614  6704 W unknown:ViewManagerPropertyUpdater: Could not find generated setter for class com.th3rdwave.safeareacontext.SafeAreaViewShadowNode
06-13 18:12:32.911  6614  6704 W unknown:ViewManagerPropertyUpdater: Could not find generated setter for class com.swmansion.rnscreens.ScreenViewManager
06-13 18:12:32.912  6614  6704 W unknown:ViewManagerPropertyUpdater: Could not find generated setter for class com.swmansion.rnscreens.gamma.stack.header.config.StackHeaderConfigViewManager
06-13 18:12:32.912  6614  6704 W unknown:ViewManagerPropertyUpdater: Could not find generated setter for class com.th3rdwave.safeareacontext.SafeAreaProviderManager
06-13 18:12:32.912  6614  6704 W unknown:ViewManagerPropertyUpdater: Could not find generated setter for class com.swmansion.rnscreens.SearchBarManager
06-13 18:12:32.913  6614  6704 W unknown:ViewManagerPropertyUpdater: Could not find generated setter for class com.swmansion.rnscreens.gamma.stack.host.StackHostViewManager
06-13 18:12:32.914  6614  6704 W unknown:ViewManagerPropertyUpdater: Could not find generated setter for class com.swmansion.rnscreens.ScreenFooterManager
06-13 18:12:32.915  6614  6704 W unknown:ViewManagerPropertyUpdater: Could not find generated setter for class com.swmansion.rnscreens.ModalScreenViewManager
06-13 18:12:32.915  6614  6704 W unknown:ViewManagerPropertyUpdater: Could not find generated setter for class com.swmansion.rnscreens.safearea.SafeAreaViewManager
06-13 18:12:32.916  6614  6704 W unknown:ViewManagerPropertyUpdater: Could not find generated setter for class com.swmansion.rnscreens.ScreenStackViewManager
06-13 18:12:32.917  6614  6704 W unknown:ViewManagerPropertyUpdater: Could not find generated setter for class com.swmansion.rnscreens.gamma.stack.header.subview.StackHeaderSubviewViewManager
06-13 18:12:32.918  6614  6704 W unknown:ViewManagerPropertyUpdater: Could not find generated setter for class org.reactnative.maskedview.RNCMaskedViewManager
06-13 18:12:32.919  1051  1196 D SatelliteController: isInCarrierRoamingNbIotNtn: satellite is disabled
06-13 18:12:32.920  1051  1196 D SatelliteController: getCarrierRoamingNtnConnectType: Checking connect type from PLMN config for subId: 1
06-13 18:12:32.920  1051  1196 D SatelliteController: getSatellitePerPlmnConfiguration: invalid subId or not supported via carrier.
06-13 18:12:32.920  1051  1196 D SatelliteController: getCarrierRoamingNtnConnectType: config: null
06-13 18:12:32.922  1051  1196 D SatelliteController: getCarrierRoamingNtnConnectType: Falling back to global carrier config connect type: 0
06-13 18:12:32.922  1051  1196 D SatelliteController: updateLastNotifiedCarrierRoamingNtnSignalStrengthAndNotify(1)
06-13 18:12:32.922  1051  1196 D SatelliteController: updateLastNotifiedCarrierRoamingNtnSignalStrengthAndNotify(1) lastNotifiedSignalStrength level: 0
06-13 18:12:32.922  1051  1196 D SatelliteController: updateLastNotifiedCarrierRoamingNtnSignalStrengthAndNotify(1) currSignalStrength level: 0
06-13 18:12:32.923  6614  6704 W unknown:ViewManagerPropertyUpdater: Could not find generated setter for class com.swmansion.rnscreens.gamma.tabs.screen.TabsScreenViewManager
06-13 18:12:33.179  6614  6704 W unknown:ViewManagerPropertyUpdater: Could not find generated setter for class com.horcrux.svg.RenderableViewManager$DefsViewManager
06-13 18:12:33.180  6614  6704 W unknown:ViewManagerPropertyUpdater: Could not find generated setter for class com.horcrux.svg.VirtualViewManager$RenderableShadowNode
06-13 18:12:33.183  6614  6704 W unknown:ViewManagerPropertyUpdater: Could not find generated setter for class com.facebook.react.views.debuggingoverlay.DebuggingOverlayManager
06-13 18:12:33.186  6614  6704 W unknown:ViewManagerPropertyUpdater: Could not find generated setter for class com.horcrux.svg.RenderableViewManager$FeMergeManager
06-13 18:12:33.190  6614  6704 W unknown:ViewManagerPropertyUpdater: Could not find generated setter for class com.facebook.react.views.safeareaview.ReactSafeAreaViewManager
06-13 18:12:33.193  6614  6704 W unknown:ViewManagerPropertyUpdater: Could not find generated setter for class com.horcrux.svg.RenderableViewManager$LinearGradientManager
06-13 18:12:33.198  6614  6704 W unknown:ViewManagerPropertyUpdater: Could not find generated setter for class com.horcrux.svg.RenderableViewManager$FeGaussianBlurManager
06-13 18:12:33.203  6614  6704 W unknown:ViewManagerPropertyUpdater: Could not find generated setter for class com.facebook.react.views.progressbar.ReactProgressBarViewManager
06-13 18:12:33.208  6614  6704 W unknown:ViewManagerPropertyUpdater: Could not find generated setter for class com.facebook.react.views.scroll.ReactHorizontalScrollViewManager
06-13 18:12:33.213  6614  6704 W unknown:ViewManagerPropertyUpdater: Could not find generated setter for class com.facebook.react.views.text.ReactTextViewManager
06-13 18:12:33.216  6614  6704 W unknown:ViewManagerPropertyUpdater: Could not find generated setter for class com.horcrux.svg.RenderableViewManager$FeColorMatrixManager
06-13 18:12:33.219  6614  6704 W unknown:ViewManagerPropertyUpdater: Could not find generated setter for class com.facebook.react.views.scroll.ReactHorizontalScrollContainerViewManager
06-13 18:12:33.224  6614  6704 W unknown:ViewManagerPropertyUpdater: Could not find generated setter for class com.horcrux.svg.RenderableViewManager$ClipPathViewManager
06-13 18:12:33.228  6614  6704 W unknown:ViewManagerPropertyUpdater: Could not find generated setter for class com.horcrux.svg.RenderableViewManager$SymbolManager
06-13 18:12:33.232  6614  6704 W unknown:ViewManagerPropertyUpdater: Could not find generated setter for class com.horcrux.svg.RenderableViewManager$PatternManager
06-13 18:12:33.236  6614  6704 W unknown:ViewManagerPropertyUpdater: Could not find generated setter for class com.horcrux.svg.RenderableViewManager$FeBlendManager
06-13 18:12:33.239  6614  6704 W unknown:ViewManagerPropertyUpdater: Could not find generated setter for class com.facebook.react.views.view.ReactViewManager
06-13 18:12:33.244  6614  6704 W unknown:ViewManagerPropertyUpdater: Could not find generated setter for class com.horcrux.svg.SvgViewManager
06-13 18:12:33.249  6614  6704 W unknown:ViewManagerPropertyUpdater: Could not find generated setter for class com.facebook.react.views.switchview.ReactSwitchManager
06-13 18:12:33.252  6614  6704 W unknown:ViewManagerPropertyUpdater: Could not find generated setter for class com.horcrux.svg.RenderableViewManager$UseViewManager
06-13 18:12:33.257  6614  6704 W unknown:ViewManagerPropertyUpdater: Could not find generated setter for class com.horcrux.svg.RenderableViewManager$CircleViewManager
06-13 18:12:33.262  6614  6704 W unknown:ViewManagerPropertyUpdater: Could not find generated setter for class com.horcrux.svg.RenderableViewManager$TSpanViewManager
06-13 18:12:33.266  6614  6704 W unknown:ViewManagerPropertyUpdater: Could not find generated setter for class com.horcrux.svg.RenderableViewManager$FilterManager
06-13 18:12:33.269  6614  6704 W unknown:ViewManagerPropertyUpdater: Could not find generated setter for class com.horcrux.svg.RenderableViewManager$MarkerManager
06-13 18:12:33.274  6614  6704 W unknown:ViewManagerPropertyUpdater: Could not find generated setter for class com.swmansion.gesturehandler.react.RNGestureHandlerButtonViewManager
06-13 18:12:33.278  6614  6704 W unknown:ViewManagerPropertyUpdater: Could not find generated setter for class com.facebook.react.views.modal.ReactModalHostManager
06-13 18:12:33.281  6614  6704 W unknown:ViewManagerPropertyUpdater: Could not find generated setter for class com.horcrux.svg.RenderableViewManager$ForeignObjectManager
06-13 18:12:33.284  6614  6704 W unknown:ViewManagerPropertyUpdater: Could not find generated setter for class com.horcrux.svg.RenderableViewManager$EllipseViewManager
06-13 18:12:33.287  6614  6704 W unknown:ViewManagerPropertyUpdater: Could not find generated setter for class com.horcrux.svg.RenderableViewManager$LineViewManager
06-13 18:12:33.291  6614  6704 W unknown:ViewManagerPropertyUpdater: Could not find generated setter for class com.horcrux.svg.RenderableViewManager$FeFloodManager
06-13 18:12:33.294  6614  6704 W unknown:ViewManagerPropertyUpdater: Could not find generated setter for class com.horcrux.svg.RenderableViewManager$GroupViewManager
06-13 18:12:33.298  6614  6704 W unknown:ViewManagerPropertyUpdater: Could not find generated setter for class com.horcrux.svg.RenderableViewManager$TextViewManager
06-13 18:12:33.302  6614  6704 W unknown:ViewManagerPropertyUpdater: Could not find generated setter for class com.horcrux.svg.RenderableViewManager$ImageViewManager
06-13 18:12:33.306  6614  6704 W unknown:ViewManagerPropertyUpdater: Could not find generated setter for class com.horcrux.svg.RenderableViewManager$FeCompositeManager
06-13 18:12:33.311  6614  6704 W unknown:ViewManagerPropertyUpdater: Could not find generated setter for class com.facebook.react.views.image.ReactImageManager
06-13 18:12:33.314  6614  6704 W unknown:ViewManagerPropertyUpdater: Could not find generated setter for class com.horcrux.svg.RenderableViewManager$RadialGradientManager
06-13 18:12:33.319  6614  6704 W unknown:ViewManagerPropertyUpdater: Could not find generated setter for class com.horcrux.svg.RenderableViewManager$MaskManager
06-13 18:12:33.323  6614  6704 W unknown:ViewManagerPropertyUpdater: Could not find generated setter for class com.facebook.react.views.unimplementedview.ReactUnimplementedViewManager
06-13 18:12:33.327  6614  6704 W unknown:ViewManagerPropertyUpdater: Could not find generated setter for class com.horcrux.svg.RenderableViewManager$RectViewManager
06-13 18:12:33.331  6614  6704 W unknown:ViewManagerPropertyUpdater: Could not find generated setter for class com.horcrux.svg.RenderableViewManager$TextPathViewManager
06-13 18:12:33.336  6614  6704 W unknown:ViewManagerPropertyUpdater: Could not find generated setter for class com.facebook.react.views.scroll.ReactScrollViewManager
06-13 18:12:33.340  6614  6704 W unknown:ViewManagerPropertyUpdater: Could not find generated setter for class com.horcrux.svg.RenderableViewManager$FeOffsetManager
06-13 18:12:33.343  6614  6704 W unknown:ViewManagerPropertyUpdater: Could not find generated setter for class com.horcrux.svg.RenderableViewManager$PathViewManager
06-13 18:12:33.347  6614  6704 W unknown:ViewManagerPropertyUpdater: Could not find generated setter for class com.facebook.react.views.drawer.ReactDrawerLayoutManager
06-13 18:12:33.351  6614  6704 W unknown:ViewManagerPropertyUpdater: Could not find generated setter for class com.facebook.react.views.swiperefresh.SwipeRefreshLayoutManager
06-13 18:12:33.358  6614  6704 W unknown:ViewManagerPropertyUpdater: Could not find generated setter for class com.facebook.react.views.textinput.ReactTextInputManager
06-13 18:12:33.362  6614  6704 W unknown:ViewManagerPropertyUpdater: Could not find generated setter for class com.facebook.react.views.text.SelectableTextViewManager
06-13 18:12:33.366  6614  6704 W unknown:ViewManagerPropertyUpdater: Could not find generated setter for class com.swmansion.gesturehandler.react.RNGestureHandlerRootViewManager
06-13 18:12:33.412  6614  6704 W BridgelessReactContext: [WARNING] Bridgeless doesn't support CatalystInstance. Accessing an API that's not part of the new architecture is not encouraged usage.
06-13 18:12:33.429  6614  6704 I ExpoModulesCore: ✅ JSI interop was installed
06-13 18:12:33.437  6614  6704 I ExpoModulesCore: ✅ Constants were exported
06-13 18:12:33.535   675   778 D ActivityManager: freezing 4915 com.google.android.apps.photos
06-13 18:12:33.536   675   835 D InetDiagMessage: Destroyed 0 sockets, proto=IPPROTO_TCP, family=AF_INET, states=14
06-13 18:12:33.536   675   835 D InetDiagMessage: Destroyed 0 sockets, proto=IPPROTO_TCP, family=AF_INET6, states=14
06-13 18:12:33.536   675   835 D InetDiagMessage: Destroyed live tcp sockets for uids={10172} in 0ms
06-13 18:12:33.642  6614  6704 D nativeloader: Load /data/app/~~aKHwgWvnh_M1DEmyfVD16Q==/com.anonymous.x2ndbrain-cmqGMUcVlmmY0m5JQ6S_vg==/base.apk!/lib/x86_64/librnscreens.so using class loader ns clns-9 (caller=/data/app/~~aKHwgWvnh_M1DEmyfVD16Q==/com.anonymous.x2ndbrain-cmqGMUcVlmmY0m5JQ6S_vg==/base.apk!classes16.dex): ok
06-13 18:12:33.685  6724  6724 D AndroidRuntime: >>>>>> START com.android.internal.os.RuntimeInit uid 2000 <<<<<<
06-13 18:12:33.689  6724  6724 I AndroidRuntime: Using default boot image
06-13 18:12:33.689  6724  6724 I AndroidRuntime: Leaving lock profiling enabled
06-13 18:12:33.691  6724  6724 I app_process: Core platform API enforcement enabled from the hiddenapi_platform_enforcement flag and the device API level
06-13 18:12:33.691  6724  6724 I app_process: Using generational CollectorTypeCMC GC.
06-13 18:12:33.699  6614  6704 I ReactNativeJS: Running "main" with {"rootTag":1,"initialProps":{},"fabric":true}
06-13 18:12:33.751  6724  6724 D nativeloader: InitDefaultPublicLibraries for_preload=1: libandroid.so:libaaudio.so:libamidi.so:libbinder_ndk.so:libc.so:libcamera2ndk.so:libdl.so:libEGL.so:libGLESv1_CM.so:libGLESv2.so:libGLESv3.so:libicu.so:libicui18n.so:libicuuc.so:libjnigraphics.so:liblog.so:libmediandk.so:libm.so:libnativehelper.so:libnativewindow.so:libOpenMAXAL.so:libOpenSLES.so:libRS.so:libstdc++.so:libsync.so:libvulkan.so:libwebviewchromium_plat_support.so:libz.so
06-13 18:12:33.761  6724  6724 D nativeloader: Load libicu_jni.so using APEX ns com_android_art for caller /apex/com.android.art/javalib/core-oj.jar: ok
06-13 18:12:33.761  6724  6724 D app_process: u_setTimeZoneFilesDirectory("/apex/com.android.tzdata/etc/tz/versioned/10/icu") succeeded. 
06-13 18:12:33.761  6724  6724 D app_process: I18n APEX ICU file found: /apex/com.android.i18n/etc/icu/icudt78l.dat
06-13 18:12:33.762  6724  6724 D nativeloader: Load libjavacore.so using APEX ns com_android_art for caller /apex/com.android.art/javalib/core-oj.jar: ok
06-13 18:12:33.763  6724  6724 D nativeloader: Load libopenjdk.so using APEX ns com_android_art for caller /apex/com.android.art/javalib/core-oj.jar: ok
06-13 18:12:33.763  6724  6724 I app_process: Priority-to-niceness mapping: 19, 16, 13, 10, 0, -2, -4, -5, -6, -8
06-13 18:12:33.764  6724  6724 W app_process: Unexpected CPU variant for x86: x86_64.
06-13 18:12:33.764  6724  6724 W app_process: Known variants: atom, sandybridge, silvermont, goldmont, goldmont-plus, goldmont-without-sha-xsaves, tremont, kabylake, alderlake, lunarlake, default
06-13 18:12:33.765  6724  6724 W app_process: ClassLoaderContext shared library size mismatch. Expected=2, found=0 (PCL[]{PCL[/system/framework/android.test.base.jar*3864517067]#PCL[/system/framework/android.test.mock.jar*3292796450]} | PCL[])
06-13 18:12:33.766  6724  6724 W app_process: ClassLoaderContext classpath size mismatch. expected=0, found=1 (PCL[]{PCL[/system/framework/android.test.runner.jar*1683112473]{PCL[/system/framework/android.test.base.jar*3864517067]#PCL[/system/framework/android.test.mock.jar*3292796450]}#PCL[/system/framework/android.test.base.jar*3864517067]} | PCL[/system/framework/android.test.runner.jar*1683112473])
06-13 18:12:33.787  6724  6724 D nativeloader: Load libframework-connectivity-tiramisu-jni.so using APEX ns com_android_tethering for caller /apex/com.android.tethering/javalib/framework-connectivity-t.jar: ok
06-13 18:12:33.789  6724  6724 D AndroidRuntime: Calling main entry com.android.commands.uiautomator.Launcher
06-13 18:12:33.793  6724  6724 I AconfigPackage: android.media.swcodec.flags is mapped to com.android.media.swcodec
06-13 18:12:33.793  6724  6724 I AconfigPackage: com.android.permission.flags is mapped to com.android.permission
06-13 18:12:33.793  6724  6724 I AconfigPackage: com.android.permissioncontroller.flags is mapped to com.android.permission
06-13 18:12:33.793  6724  6724 I AconfigPackage: com.google.android.widevine.flags is mapped to com.google.android.widevine
06-13 18:12:33.793  6724  6724 I AconfigPackage: com.android.icu is mapped to com.android.i18n
06-13 18:12:33.793  6724  6724 I AconfigPackage: com.android.appsearch.flags is mapped to com.android.appsearch
06-13 18:12:33.794  6724  6724 I AconfigPackage: com.android.uprobestats.flags is mapped to com.android.uprobestats
06-13 18:12:33.794  6724  6724 I AconfigPackage: android.uprobestats.mainline.flags is mapped to com.android.uprobestats
06-13 18:12:33.794  6724  6724 I AconfigPackage: com.android.crashrecovery.flags is mapped to com.android.crashrecovery
06-13 18:12:33.794  6724  6724 I AconfigPackage: android.provider.flags is mapped to com.android.configinfrastructure
06-13 18:12:33.794  6724  6724 I AconfigPackage: com.android.server.deviceconfig is mapped to com.android.configinfrastructure
06-13 18:12:33.794  6724  6724 I AconfigPackage: com.android.art.flags is mapped to com.android.art
06-13 18:12:33.794  6724  6724 I AconfigPackage: com.android.art.rw.flags is mapped to com.android.art
06-13 18:12:33.794  6724  6724 I AconfigPackage: com.android.libcore is mapped to com.android.art
06-13 18:12:33.794  6724  6724 I AconfigPackage: android.telecom.flags is mapped to com.android.telephonycore
06-13 18:12:33.794  6724  6724 I AconfigPackage: com.android.internal.telecom.flags is mapped to com.android.telephonycore
06-13 18:12:33.794  6724  6724 I AconfigPackage: com.android.telephony.flags is mapped to com.android.telephonycore
06-13 18:12:33.794  6724  6724 I AconfigPackage: com.android.media.extractor.flags is mapped to com.android.media
06-13 18:12:33.794  6724  6724 I AconfigPackage: com.android.media.mainline.flags is mapped to com.android.media
06-13 18:12:33.795  6724  6724 I AconfigPackage: com.android.wifi.flags is mapped to com.android.wifi
06-13 18:12:33.795  6724  6724 I AconfigPackage: com.android.org.conscrypt.flags is mapped to com.android.conscrypt
06-13 18:12:33.795  6724  6724 I AconfigPackage: com.android.org.conscrypt.net.flags is mapped to com.android.conscrypt
06-13 18:12:33.795  6724  6724 I AconfigPackage: com.android.healthfitness.flags is mapped to com.android.healthfitness
06-13 18:12:33.795  6724  6724 I AconfigPackage: com.android.ipsec.flags is mapped to com.android.ipsec
06-13 18:12:33.795  6724  6724 I AconfigPackage: com.android.nfc.module.flags is mapped to com.android.nfcservices
06-13 18:12:33.795  6724  6724 I AconfigPackage: com.android.nfc.module.nonexported.flags is mapped to com.android.nfcservices
06-13 18:12:33.796  6724  6724 I AconfigPackage: com.android.adservices.ondevicepersonalization.flags is mapped to com.android.ondevicepersonalization
06-13 18:12:33.796  6724  6724 I AconfigPackage: com.android.adbd.flags is mapped to com.android.adbd
06-13 18:12:33.796  6724  6724 I AconfigPackage: com.android.bluetooth.flags is mapped to com.android.bt
06-13 18:12:33.797  6724  6724 I AconfigPackage: com.android.devicelock.flags is mapped to com.android.devicelock
06-13 18:12:33.797  6724  6724 I AconfigPackage: android.os.profiling is mapped to com.android.profiling
06-13 18:12:33.797  6724  6724 I AconfigPackage: android.os.profiling.anomaly.flags is mapped to com.android.profiling
06-13 18:12:33.797  6724  6724 I AconfigPackage: com.android.os.statsd.flags is mapped to com.android.os.statsd
06-13 18:12:33.797  6724  6724 I AconfigPackage: com.android.webapp.flags is mapped to com.android.webapp
06-13 18:12:33.797  6724  6724 I AconfigPackage: com.android.rkpd.flags is mapped to com.android.rkpd
06-13 18:12:33.799  6724  6724 I AconfigPackage: com.android.cellbroadcastreceiver.flags is mapped to com.android.cellbroadcast
06-13 18:12:33.799  6724  6724 I AconfigPackage: com.android.adservices.flags is mapped to com.android.adservices
06-13 18:12:33.799  6724  6724 I AconfigPackage: com.android.sdksandbox.flags is mapped to com.android.adservices
06-13 18:12:33.799  6724  6724 I AconfigPackage: android.app.sdksandbox.flags is mapped to com.android.adservices
06-13 18:12:33.799  6724  6724 I AconfigPackage: com.android.uwb.flags is mapped to com.android.uwb
06-13 18:12:33.799  6724  6724 I AconfigPackage: com.android.ranging.flags is mapped to com.android.uwb
06-13 18:12:33.799  6724  6724 I AconfigPackage: com.android.npumanager is mapped to com.android.npumanager
06-13 18:12:33.799  6724  6724 I AconfigPackage: android.graphics.pdf.flags is mapped to com.android.mediaprovider
06-13 18:12:33.799  6724  6724 I AconfigPackage: com.android.providers.media.flags is mapped to com.android.mediaprovider
06-13 18:12:33.799  6724  6724 I AconfigPackage: android.graphics.pdf.flags.readonly is mapped to com.android.mediaprovider
06-13 18:12:33.799  6724  6724 I AconfigPackage: com.android.tethering.mainline.beta is mapped to com.android.tethering
06-13 18:12:33.799  6724  6724 I AconfigPackage: android.net.http is mapped to com.android.tethering
06-13 18:12:33.799  6724  6724 I AconfigPackage: com.android.tethering.readonly.flags is mapped to com.android.tethering
06-13 18:12:33.799  6724  6724 I AconfigPackage: android.net.vcn is mapped to com.android.tethering
06-13 18:12:33.799  6724  6724 I AconfigPackage: com.android.net.flags is mapped to com.android.tethering
06-13 18:12:33.799  6724  6724 I AconfigPackage: com.android.tethering.flags is mapped to com.android.tethering
06-13 18:12:33.799  6724  6724 I AconfigPackage: com.android.tethering.beta.test is mapped to com.android.tethering
06-13 18:12:33.799  6724  6724 I AconfigPackage: com.android.nearby.flags is mapped to com.android.tethering
06-13 18:12:33.799  6724  6724 I AconfigPackage: com.android.net.thread.flags is mapped to com.android.tethering
06-13 18:12:33.800  6724  6724 I AconfigPackage: com.android.net.ct.flags is mapped to com.android.tethering
06-13 18:12:33.800  6724  6724 I AconfigPackage: com.android.system.virtualmachine.flags is mapped to com.android.virt
06-13 18:12:33.800  6724  6724 E FeatureFlagsImplExport: android.os.flagging.AconfigStorageReadException: ERROR_PACKAGE_NOT_FOUND: package android.xr cannot be found on the device
06-13 18:12:33.803  6724  6724 D UiAutomationConnection: Created on user UserHandle{0}
06-13 18:12:33.803  6724  6724 I UiAutomation: Initialized for user 0 on display 0
06-13 18:12:33.803  6724  6724 W UiAutomation: Created with deprecatead constructor, assumes DEFAULT_DISPLAY
06-13 18:12:33.805   675  1946 D AccessibilityManagerService: changeCurrentUserForTestAutomationIfNeededLocked(0): ignoring because device doesn't support visible background users
06-13 18:12:33.805   675  1946 I UiAutomationManager: Registering UiTestAutomationService (id=com.android.server.accessibility/UiAutomation, flags=0x0) when called by user 0
06-13 18:12:33.806   675  1946 V AccessibilityManagerService: onUserStateChangedLocked for userId: 0, forceUpdate: false
06-13 18:12:33.807   675  1946 V AccessibilityUserState: updateShortcutTargets: type:accessibility_shortcut_target_service, current:{}, new:{}
06-13 18:12:33.807   675  1946 V AccessibilityUserState: updateShortcutTargets: type:accessibility_button_targets, current:{}, new:{}
06-13 18:12:33.807   675  1946 V AccessibilityUserState: updateShortcutTargets: type:accessibility_gesture_targets, current:{}, new:{}
06-13 18:12:33.807  2590  2608 I AiAiEcho: Settings changed for uri: content://settings/secure/accessibility_enabled
06-13 18:12:33.807   675  1946 V AccessibilityUserState: updateShortcutTargets: type:accessibility_qs_targets, current:{}, new:{}
06-13 18:12:33.807   675  1946 V AccessibilityUserState: updateShortcutTargets: type:accessibility_key_gesture_targets, current:{}, new:{}
06-13 18:12:33.807   675  1946 V AccessibilityUserState: updateShortcutTargets: type:accessibility_top_row_key_targets, current:{}, new:{}
06-13 18:12:33.807   675  1946 V AccessibilityUserState: updateShortcutTargets: type:accessibility_quick_access_targets, current:{}, new:{}
06-13 18:12:33.807   675  1946 W MagnificationConnectionManager: requestConnection duplicated request: connect=false, mConnectionState=DISCONNECTED
06-13 18:12:33.808  2590  2666 I AiAiEcho: Predicting[0]:  [CONTEXT sampling_count=5 ]
06-13 18:12:33.809  2590  2666 I AiAiEcho: EchoTargets: 
06-13 18:12:33.809  2590  2666 I AiAiEcho: Filtered by AiAi flag check: 
06-13 18:12:33.809  2590  2666 I AiAiEcho: [CONTEXT ratelimit_period="10 SECONDS" ]
06-13 18:12:33.809  2590  2666 I AiAiEcho: #remoteViewsTwiddler: feature disabled.
06-13 18:12:33.809  2590  2666 I AiAiEcho: Predicting[0]:  [CONTEXT sampling_count=5 ]
06-13 18:12:33.809  2590  2666 I AiAiEcho: EchoTargets: 
06-13 18:12:33.809  2590  2666 I AiAiEcho: Filtered by AiAi flag check: 
06-13 18:12:33.809  2590  2666 I AiAiEcho: [CONTEXT ratelimit_period="10 SECONDS" ]
06-13 18:12:33.810  2590  2666 I AiAiEcho: #remoteViewsTwiddler: feature disabled.
06-13 18:12:33.810  2590  2666 I AiAiEcho: Predicting[0]:  [CONTEXT sampling_count=5 ]
06-13 18:12:33.810  2590  2666 I AiAiEcho: EchoTargets: 
06-13 18:12:33.810  2590  2666 I AiAiEcho: Filtered by AiAi flag check: 
