--------- beginning of system
06-13 21:17:45.525 V/AccessibilityUserState(  675): updateShortcutTargets: type:accessibility_shortcut_target_service, current:{}, new:{}
06-13 21:17:45.525 V/AccessibilityUserState(  675): updateShortcutTargets: type:accessibility_button_targets, current:{}, new:{}
06-13 21:17:45.525 V/AccessibilityUserState(  675): updateShortcutTargets: type:accessibility_gesture_targets, current:{}, new:{}
06-13 21:17:45.525 V/AccessibilityUserState(  675): updateShortcutTargets: type:accessibility_qs_targets, current:{}, new:{}
06-13 21:17:45.525 V/AccessibilityUserState(  675): updateShortcutTargets: type:accessibility_key_gesture_targets, current:{}, new:{}
06-13 21:17:45.525 V/AccessibilityUserState(  675): updateShortcutTargets: type:accessibility_top_row_key_targets, current:{}, new:{}
06-13 21:17:45.525 V/AccessibilityUserState(  675): updateShortcutTargets: type:accessibility_quick_access_targets, current:{}, new:{}
06-13 21:17:45.525 W/MagnificationConnectionManager(  675): requestConnection duplicated request: connect=false, mConnectionState=DISCONNECTED
06-13 21:17:45.525 D/AccessibilityManagerService(  675): restoreCurrentUserForTestAutomationIfNeededLocked(): ignoring because device doesn't support visible background users
--------- beginning of main
06-13 21:17:45.525 I/AiAiEcho( 2590): Settings changed for uri: content://settings/secure/accessibility_enabled
06-13 21:17:45.526 W/libbinder.IPCThreadState(  675): Sending oneway calls to frozen process.
06-13 21:17:45.526 W/libbinder.IPCThreadState(  675): Sending oneway calls to frozen process.
06-13 21:17:45.526 W/libbinder.IPCThreadState(  675): Sending oneway calls to frozen process.
06-13 21:17:45.526 I/AiAiEcho( 2590): Predicting[0]:  [CONTEXT sampling_count=5 ]
06-13 21:17:45.526 I/AiAiEcho( 2590): EchoTargets: 
06-13 21:17:45.526 I/AiAiEcho( 2590): Filtered by AiAi flag check: 
06-13 21:17:45.526 I/AiAiEcho( 2590): [CONTEXT ratelimit_period="10 SECONDS" ]
06-13 21:17:45.526 W/libbinder.IPCThreadState(  675): Sending oneway calls to frozen process.
06-13 21:17:45.526 W/libbinder.IPCThreadState(  675): Sending oneway calls to frozen process.
06-13 21:17:45.526 I/AiAiEcho( 2590): #remoteViewsTwiddler: feature disabled.
06-13 21:17:45.527 W/libbinder.IPCThreadState(  675): Sending oneway calls to frozen process.
06-13 21:17:45.527 I/AiAiEcho( 2590): Predicting[0]:  [CONTEXT sampling_count=5 ]
06-13 21:17:45.527 W/libbinder.IPCThreadState(  675): Sending oneway calls to frozen process.
06-13 21:17:45.527 I/AiAiEcho( 2590): EchoTargets: 
06-13 21:17:45.527 I/AiAiEcho( 2590): Filtered by AiAi flag check: 
06-13 21:17:45.527 I/AiAiEcho( 2590): [CONTEXT ratelimit_period="10 SECONDS" ]
06-13 21:17:45.527 W/libbinder.IPCThreadState(  675): Sending oneway calls to frozen process.
06-13 21:17:45.527 W/libbinder.IPCThreadState(  675): Sending oneway calls to frozen process.
06-13 21:17:45.527 I/AiAiEcho( 2590): #remoteViewsTwiddler: feature disabled.
06-13 21:17:45.527 D/AndroidRuntime(18884): Shutting down VM
06-13 21:17:45.527 W/libbinder.IPCThreadState(  675): Sending oneway calls to frozen process.
06-13 21:17:45.527 I/AiAiEcho( 2590): Predicting[0]:  [CONTEXT sampling_count=5 ]
06-13 21:17:45.527 I/AiAiEcho( 2590): EchoTargets: 
06-13 21:17:45.527 I/AiAiEcho( 2590): Filtered by AiAi flag check: 
06-13 21:17:45.527 I/AiAiEcho( 2590): [CONTEXT ratelimit_period="10 SECONDS" ]
06-13 21:17:45.527 W/libbinder.IPCThreadState(  675): Sending oneway calls to frozen process.
06-13 21:17:45.527 I/AiAiEcho( 2590): #remoteViewsTwiddler: feature disabled.
06-13 21:17:45.527 W/libbinder.IPCThreadState(  675): Sending oneway calls to frozen process.
06-13 21:17:45.527 W/libbinder.IPCThreadState(  675): Sending oneway calls to frozen process.
06-13 21:17:45.527 W/libbinder.IPCThreadState(  675): Sending oneway calls to frozen process.
06-13 21:17:45.527 W/libbinder.IPCThreadState(  675): Sending oneway calls to frozen process.
06-13 21:17:45.528 I/AiAiEcho( 2590): #postPredictionTargets: Sending updates to UISurface home with targets# 0 (types=[])
06-13 21:17:45.528 W/libbinder.IPCThreadState(18884): call to talkWithDriver in joinThreadPool returned error: -9 (Bad file descriptor), FD: -1
06-13 21:17:45.528 I/AiAiEcho( 2590): #postPredictionTargets: Sending updates to UISurface ambientcue with targets# 0 (types=[])
06-13 21:17:45.528 I/AiAiEcho( 2590): #postPredictionTargets: Sending updates to UISurface lockscreen with targets# 0 (types=[])
06-13 21:17:45.528 W/libbinder.IPCThreadState(18884): call to talkWithDriver in joinThreadPool returned error: -9 (Bad file descriptor), FD: -1
06-13 21:17:45.529 I/AmbientCueRepository(  933): Receiving SmartSpace targets # 0
06-13 21:17:45.530 D/BatterySaverPolicy(  675): accessibility changed to false, updating policy.
06-13 21:17:45.586 W/skia    (  528): AGTM parsing failed flags.readFromStream(s) at 159
06-13 21:17:46.689 I/HalDevMgr(  675): bestIfaceCreationProposal is null, requestIface=STA, existingIface=[name=wlan0 type=STA]
06-13 21:17:46.693 D/IpClient/wlan0( 1014): interfaceLinkStateChanged: ifindex 16 up
06-13 21:17:46.698 D/IpClient/wlan0( 1014): interfaceLinkStateChanged: ifindex 16 up
06-13 21:17:47.483 I/wpa_supplicant(  918): wlan0: CTRL-EVENT-BEACON-LOSS 
06-13 21:17:49.698 I/HalDevMgr(  675): bestIfaceCreationProposal is null, requestIface=STA, existingIface=[name=wlan0 type=STA]
06-13 21:17:49.726 D/BoundBrokerSvc(17663): onUnbind: Intent { act=com.google.android.gms.inappreach.service.START dat=chimera-action:/... xflg=0x4 cmp=com.google.android.gms/.chimera.GmsApiService }
06-13 21:17:52.710 I/HalDevMgr(  675): bestIfaceCreationProposal is null, requestIface=STA, existingIface=[name=wlan0 type=STA]
06-13 21:17:52.713 D/IpClient/wlan0( 1014): interfaceLinkStateChanged: ifindex 16 up
06-13 21:17:52.718 D/IpClient/wlan0( 1014): interfaceLinkStateChanged: ifindex 16 up
06-13 21:17:53.747 I/system_server(  675): Background young concurrent mark compact GC freed 15MB AllocSpace bytes, 2(64KB) LOS objects, 26% free, 42MB/58MB, paused 4.775ms,30.959ms total 64.694ms
06-13 21:17:53.766 I/artd    ( 2843): GetBestInfo: odex next to the dex file (/data/app/~~xCWSPSiTbGWeOlbbQ8WCfA==/com.google.android.gms-6V8MJOZtvQBtjnCwEeoqLQ==/oat/x86_64/base.odex) is kOatUpToDate with filter 'speed-profile' executable 'false'
06-13 21:17:53.768 I/artd    ( 2843): GetBestInfo: dm (/data/app/~~xCWSPSiTbGWeOlbbQ8WCfA==/com.google.android.gms-6V8MJOZtvQBtjnCwEeoqLQ==/split_AdsDynamite_installtime.dm) is kOatUpToDate with filter 'verify' executable 'false'
06-13 21:17:53.770 I/artd    ( 2843): GetBestInfo: odex next to the dex file (/data/app/~~xCWSPSiTbGWeOlbbQ8WCfA==/com.google.android.gms-6V8MJOZtvQBtjnCwEeoqLQ==/oat/x86_64/split_CronetDynamite_installtime.odex) is kOatUpToDate with filter 'speed-profile' executable 'false'
06-13 21:17:53.772 I/artd    ( 2843): GetBestInfo: dm (/data/app/~~xCWSPSiTbGWeOlbbQ8WCfA==/com.google.android.gms-6V8MJOZtvQBtjnCwEeoqLQ==/split_DynamiteLoader_installtime.dm) is kOatUpToDate with filter 'verify' executable 'false'
06-13 21:17:53.774 I/artd    ( 2843): GetBestInfo: dm (/data/app/~~xCWSPSiTbGWeOlbbQ8WCfA==/com.google.android.gms-6V8MJOZtvQBtjnCwEeoqLQ==/split_DynamiteModulesA_installtime.dm) is kOatUpToDate with filter 'verify' executable 'false'
06-13 21:17:53.775 I/artd    ( 2843): GetBestInfo: dm (/data/app/~~xCWSPSiTbGWeOlbbQ8WCfA==/com.google.android.gms-6V8MJOZtvQBtjnCwEeoqLQ==/split_DynamiteModulesC_installtime.dm) is kOatUpToDate with filter 'verify' executable 'false'
06-13 21:17:53.777 I/artd    ( 2843): GetBestInfo: dm (/data/app/~~xCWSPSiTbGWeOlbbQ8WCfA==/com.google.android.gms-6V8MJOZtvQBtjnCwEeoqLQ==/split_GoogleCertificates_installtime.dm) is kOatUpToDate with filter 'verify' executable 'false'
06-13 21:17:53.779 I/artd    ( 2843): GetBestInfo: dm (/data/app/~~xCWSPSiTbGWeOlbbQ8WCfA==/com.google.android.gms-6V8MJOZtvQBtjnCwEeoqLQ==/split_MapsDynamite_installtime.dm) is kOatUpToDate with filter 'verify' executable 'false'
06-13 21:17:53.780 I/artd    ( 2843): GetBestInfo: dm (/data/app/~~xCWSPSiTbGWeOlbbQ8WCfA==/com.google.android.gms-6V8MJOZtvQBtjnCwEeoqLQ==/split_MeasurementDynamite_installtime.dm) is kOatUpToDate with filter 'verify' executable 'false'
06-13 21:17:53.781 I/artd    ( 2843): GetBestInfo: dm (/data/app/~~xCWSPSiTbGWeOlbbQ8WCfA==/com.google.android.gms-6V8MJOZtvQBtjnCwEeoqLQ==/split_all_locale_splits.dm) is kOatUpToDate with filter 'verify' executable 'false'
06-13 21:17:53.781 I/artd    ( 2843): GetBestInfo: /data/user_de/0/com.google.android.gms/app_chimera/m/00000001/CronetDynamite.apk has no usable artifacts
06-13 21:17:53.782 I/artd    ( 2843): GetBestInfo: /data/user_de/0/com.google.android.gms/app_chimera/m/00000011/dl-VisionOcr.optional_262031100000.apk has no usable artifacts
06-13 21:17:53.783 I/artd    ( 2843): GetBestInfo: /data/user_de/0/com.google.android.gms/app_chimera/m/00000002/DynamiteLoader.apk has no usable artifacts
06-13 21:17:53.784 I/artd    ( 2843): GetBestInfo: /data/user_de/0/com.google.android.gms/app_chimera/m/0000000e/dl-MlkitBarcodeUi.optional_260235100800.apk has no usable artifacts
06-13 21:17:53.784 I/artd    ( 2843): GetBestInfo: /data/user_de/0/com.google.android.gms/app_chimera/m/00000005/GoogleCertificates.apk has no usable artifacts
06-13 21:17:53.785 I/artd    ( 2843): GetBestInfo: /data/user_de/0/com.google.android.gms/app_chimera/m/00000014/dl-TfliteDynamiteDynamite.integ_252130102100800.apk has no usable artifacts
06-13 21:17:53.786 I/artd    ( 2843): GetBestInfo: /data/user_de/0/com.google.android.gms/app_chimera/m/00000010/dl-PlayCloudSearch.optional_260235100000.apk has no usable artifacts
06-13 21:17:53.788 I/artd    ( 2843): GetBestInfo: /data/user_de/0/com.google.android.gms/app_chimera/m/0000000a/dl-MlkitOcrCommon.optional_260235100800.apk has no usable artifacts
06-13 21:17:53.789 I/artd    ( 2843): GetBestInfo: /data/user_de/0/com.google.android.gms/app_chimera/m/00000013/dl-Appsearch.optional_262031100800.apk has no usable artifacts
06-13 21:17:53.791 I/artd    ( 2843): GetBestInfo: /data/user_de/0/com.google.android.gms/app_chimera/m/00000008/dl-VisionOcr.optional_260235100000.apk has no usable artifacts
06-13 21:17:53.792 I/artd    ( 2843): GetBestInfo: /data/user_de/0/com.google.android.gms/app_chimera/m/00000016/dl-MlkitOcrCommon.optional_262031100800.apk has no usable artifacts
06-13 21:17:53.794 I/artd    ( 2843): GetBestInfo: /data/user_de/0/com.google.android.gms/app_chimera/m/0000000b/dl-Appsearch.optional_260235100800.apk has no usable artifacts
06-13 21:17:53.795 I/artd    ( 2843): GetBestInfo: vdex next to the dex file (/data/user/0/com.google.android.gms/app_dg_cache/1C62BDE86218FBAA50DF06C4A79F5C3FE74B69EC/oat/x86_64/the.vdex) is kOatUpToDate with filter 'verify' executable 'false'
06-13 21:17:53.796 I/artd    ( 2843): GetBestInfo: /data/user_de/0/com.google.android.gms/app_chimera/m/00000012/dl-PlayCloudSearch.optional_262031100000.apk has no usable artifacts
06-13 21:17:53.797 I/artd    ( 2843): GetBestInfo: /data/user_de/0/com.google.android.gms/app_chimera/m/00000015/dl-MlkitBarcodeUi.optional_262031100800.apk has no usable artifacts
06-13 21:17:53.797 I/artd    ( 2843): GetBestInfo: /data/user_de/0/com.google.android.gms/app_chimera/m/00000007/MeasurementDynamite.apk has no usable artifacts
06-13 21:17:53.799 I/artd    ( 2843): GetBestInfo: /data/user_de/0/com.google.android.gms/app_chimera/m/00000019/dl-IdentityCredentialsPlatform.optional_262031100800.apk has no usable artifacts
06-13 21:17:54.444 D/SatelliteController( 1051): isInCarrierRoamingNbIotNtn: satellite is disabled
06-13 21:17:54.444 D/SatelliteController( 1051): getCarrierRoamingNtnConnectType: Checking connect type from PLMN config for subId: 1
06-13 21:17:54.445 D/SatelliteController( 1051): getSatellitePerPlmnConfiguration: invalid subId or not supported via carrier.
06-13 21:17:54.445 D/SatelliteController( 1051): getCarrierRoamingNtnConnectType: config: null
06-13 21:17:54.445 D/SatelliteController( 1051): getCarrierRoamingNtnConnectType: Falling back to global carrier config connect type: 0
06-13 21:17:54.445 D/SatelliteController( 1051): updateLastNotifiedCarrierRoamingNtnSignalStrengthAndNotify(1)
06-13 21:17:54.446 D/SatelliteController( 1051): updateLastNotifiedCarrierRoamingNtnSignalStrengthAndNotify(1) lastNotifiedSignalStrength level: 0
06-13 21:17:54.446 D/SatelliteController( 1051): updateLastNotifiedCarrierRoamingNtnSignalStrengthAndNotify(1) currSignalStrength level: 0
06-13 21:17:55.420 I/wpa_supplicant(  918): wlan0: CTRL-EVENT-BEACON-LOSS 
06-13 21:17:55.713 I/AdbWifiNetworkMonitor(  675): Wi-Fi network available
06-13 21:17:55.713 I/AdbWifiNetworkMonitor(  675): Received the same Wi-Fi SSID. Ignoring.
06-13 21:17:55.719 I/HalDevMgr(  675): bestIfaceCreationProposal is null, requestIface=STA, existingIface=[name=wlan0 type=STA]
06-13 21:17:55.719 W/libbinder.IPCThreadState(  675): Sending oneway calls to frozen process.
06-13 21:17:55.719 W/libbinder.IPCThreadState(  675): Sending oneway calls to frozen process.
06-13 21:17:55.719 W/libbinder.IPCThreadState(  675): Sending oneway calls to frozen process.
06-13 21:17:55.720 I/BugleRcsEngine(11300): handleMessage processing message:[NOTIFY_UPTIME_IGNORE_STATE_CHANGED] with [non-null]:RcsEngineImpl reference [CONTEXT log_prefix="RcsEngineImpl[DUAL_REG]:[4ca6b209-3a2d]>Handler" thread_id=77 ]
06-13 21:17:55.720 I/NullBinder( 1216): NullBinder for android.net.action.RECOMMEND_NETWORKS triggering remote TransactionTooLargeException due to Service without Chimera impl, calling uid: 1000, calling pid: 0
06-13 21:17:55.720 W/libbinder.Binder( 1216): Large reply transaction of 1056768 bytes, interface descriptor , function: UNKNOWN_FUNCTION_NAME, code: 1, flags: 17
06-13 21:17:55.720 D/ConnectivityService(  675): NetReassign [no changes] [c 0] [a 0] [i 0]
06-13 21:17:55.721 I/BugleRcsEngine(11300): Connected state: [1], networkType: [WIFI] [CONTEXT thread_id=65 ]
06-13 21:17:55.722 I/NearbyMediums( 1216): Wifi changed new SSID: "AndroidWifi"
06-13 21:17:55.722 I/NearbyMediums( 1216): WifiLanConnectivityInfo is not changed, skip notify.
06-13 21:17:55.725 I/BugleRcsEngine(11300): No RCS Configuration was found in Bugle for simID: redacted-pii:sim_id[chars:20,last3:897] [CONTEXT log_prefix="ProvisioningEngineDataRetriever" thread_id=77 ]
06-13 21:17:58.726 I/AdbWifiNetworkMonitor(  675): Wi-Fi network available
06-13 21:17:58.726 I/AdbWifiNetworkMonitor(  675): Received the same Wi-Fi SSID. Ignoring.
06-13 21:17:58.731 W/libbinder.IPCThreadState(  675): Sending oneway calls to frozen process.
06-13 21:17:58.731 W/libbinder.IPCThreadState(  675): Sending oneway calls to frozen process.
06-13 21:17:58.731 I/BugleRcsEngine(11300): Connected state: [1], networkType: [WIFI] [CONTEXT thread_id=65 ]
06-13 21:17:58.731 W/libbinder.IPCThreadState(  675): Sending oneway calls to frozen process.
06-13 21:17:58.731 I/BugleRcsEngine(11300): handleMessage processing message:[NOTIFY_UPTIME_IGNORE_STATE_CHANGED] with [non-null]:RcsEngineImpl reference [CONTEXT log_prefix="RcsEngineImpl[DUAL_REG]:[4ca6b209-3a2d]>Handler" thread_id=77 ]
06-13 21:17:58.732 I/HalDevMgr(  675): bestIfaceCreationProposal is null, requestIface=STA, existingIface=[name=wlan0 type=STA]
06-13 21:17:58.733 D/ConnectivityService(  675): NetReassign [no changes] [c 0] [a 1] [i 0]
06-13 21:17:58.734 I/NearbyMediums( 1216): Wifi changed new SSID: "AndroidWifi"
06-13 21:17:58.734 I/NearbyMediums( 1216): WifiLanConnectivityInfo is not changed, skip notify.
06-13 21:17:58.735 I/NullBinder( 1216): NullBinder for android.net.action.RECOMMEND_NETWORKS triggering remote TransactionTooLargeException due to Service without Chimera impl, calling uid: 1000, calling pid: 0
06-13 21:17:58.735 W/libbinder.Binder( 1216): Large reply transaction of 1056768 bytes, interface descriptor , function: UNKNOWN_FUNCTION_NAME, code: 1, flags: 17
06-13 21:17:58.735 I/BugleRcsEngine(11300): No RCS Configuration was found in Bugle for simID: redacted-pii:sim_id[chars:20,last3:897] [CONTEXT log_prefix="ProvisioningEngineDataRetriever" thread_id=77 ]
06-13 21:17:58.736 D/IpClient/wlan0( 1014): interfaceLinkStateChanged: ifindex 16 up
06-13 21:17:58.742 D/IpClient/wlan0( 1014): interfaceLinkStateChanged: ifindex 16 up
06-13 21:17:59.394 W/AS.PlaybackActivityMon(  675): No piid assigned for invalid/internal port id 15
06-13 21:17:59.395 W/AS.PlaybackActivityMon(  675): No piid assigned for invalid/internal port id 15
06-13 21:17:59.397 D/AudioFlinger(  511): mixer(0x7263e0cc7790) throttle end: throttle time(36)
06-13 21:17:59.423 D/WindowOnBackDispatcher(18729): setTopOnBackInvokedCallback (unwrapped): null
06-13 21:17:59.427 D/CoreBackPreview(  675): Window{114c6a0 u0 com.anonymous.x2ndbrain/com.anonymous.x2ndbrain.MainActivity}: Setting back callback null
06-13 21:17:59.441 W/skia    (  528): AGTM parsing failed flags.readFromStream(s) at 159
06-13 21:17:59.455 I/ImeTracker(  675): system_server:fb8e133a: onRequestHide at ORIGIN_SERVER reason IME_REQUESTED_CHANGED_LISTENER fromUser false displayId 0
06-13 21:17:59.456 I/ImeTracker(  675): system_server:fb8e133a: onCancelled at PHASE_SERVER_SHOULD_HIDE
06-13 21:17:59.472 V/WindowManager(  675): Unknown focus tokens, dropping reportFocusChanged
06-13 21:17:59.506 I/ImeTracker(  675): com.anonymous.x2ndbrain:ce6ad412: onRequestHide at ORIGIN_SERVER reason HIDE_UNSPECIFIED_WINDOW fromUser false userId 0 displayId 0
06-13 21:17:59.507 D/InsetsController(18729): hide(ime())
06-13 21:17:59.507 I/ImeTracker(18729): com.anonymous.x2ndbrain:ce6ad412: onCancelled at PHASE_CLIENT_ALREADY_HIDDEN
06-13 21:17:59.507 W/InputChannel-JNI(  675): Channel already disposed.
06-13 21:17:59.508 I/GoogleInputMethodService( 4621): GoogleInputMethodService.onFinishInput():2113 
06-13 21:17:59.509 I/Module  ( 4621): DeviceLockedStatusModuleProvider$Module.updateDeviceLockedStatus():103 repeatCheckTimes = 0, locked = false
06-13 21:17:59.509 I/ImeTracker(  675): system_server:f2450582: onRequestHide at ORIGIN_SERVER reason IME_REQUESTED_CHANGED_LISTENER fromUser false displayId 0
06-13 21:17:59.510 I/GoogleInputMethodService( 4621): GoogleInputMethodService.onStartInput():1384 onStartInput(EditorInfo{EditorInfo{packageName=com.anonymous.x2ndbrain, inputType=0, inputTypeString=NULL, enableLearning=false, autoCorrection=false, autoComplete=false, imeOptions=0, privateImeOptions=null, actionName=UNSPECIFIED, actionLabel=null, initialSelStart=-1, initialSelEnd=-1, initialCapsMode=0, label=null, fieldId=0, fieldName=null, extras=null, hintText=null, hintLocales=[]}}, false)
06-13 21:17:59.511 I/ImeTracker(  675): system_server:f2450582: onCancelled at PHASE_SERVER_SHOULD_HIDE
06-13 21:17:59.511 I/AndroidIME( 4621): LatinIMEBase.updateInputViewCoverNavigation():314 Update input view padding, extendsTouchBelowSpace=true, bottom inset=144
06-13 21:17:59.512 I/Module  ( 4621): DeviceLockedStatusModuleProvider$Module.updateDeviceLockedStatus():103 repeatCheckTimes = 1, locked = false
06-13 21:17:59.514 W/PackageConfigPersister(  675): App-specific configuration not found for packageName: com.anonymous.x2ndbrain and userId: 0
06-13 21:17:59.542 W/skia    (  528): AGTM parsing failed flags.readFromStream(s) at 159
06-13 21:17:59.558 I/APM_AudioPolicyManager(  511): getNewOutputDevices io 13 recent device override {AUDIO_DEVICE_OUT_SPEAKER, @:}
06-13 21:17:59.644 W/skia    (  528): AGTM parsing failed flags.readFromStream(s) at 159
06-13 21:17:59.758 D/ActivityManager(  675): freezing 17663 com.google.android.gms
06-13 21:18:00.072 W/skia    (  528): AGTM parsing failed flags.readFromStream(s) at 159
06-13 21:18:01.568 W/libbinder.BackendUnifiedServiceManager(18914): Thread Pool max thread count is 0. Cannot cache binder as linkToDeath cannot be implemented. serviceName: SurfaceFlingerAIDL
06-13 21:18:01.568 W/libbinder.BpBinder(18914): Linking to death on android.gui.ISurfaceComposer but there are no threads (yet?) listening to incoming transactions. See ProcessState::startThreadPool and ProcessState::setThreadPoolMaxThreadCount. Generally you should setup the binder threadpool before other initialization steps.
06-13 21:18:01.569 W/libbinder.ProcessState(18914): Extra binder thread started, but 0 threads requested. Do not use *startThreadPool when zero threads are requested.
06-13 21:18:01.627 W/skia    (  528): AGTM parsing failed flags.readFromStream(s) at 159
06-13 21:18:01.627 W/skia    (  528): AGTM parsing failed flags.readFromStream(s) at 159
06-13 21:18:01.627 W/skia    (  528): AGTM parsing failed flags.readFromStream(s) at 159
06-13 21:18:01.742 I/HalDevMgr(  675): bestIfaceCreationProposal is null, requestIface=STA, existingIface=[name=wlan0 type=STA]
06-13 21:18:01.945 D/AndroidRuntime(18916): >>>>>> START com.android.internal.os.RuntimeInit uid 2000 <<<<<<
06-13 21:18:01.949 I/AndroidRuntime(18916): Using default boot image
06-13 21:18:01.949 I/AndroidRuntime(18916): Leaving lock profiling enabled
06-13 21:18:01.951 I/app_process(18916): Core platform API enforcement enabled from the hiddenapi_platform_enforcement flag and the device API level
06-13 21:18:01.951 I/app_process(18916): Using generational CollectorTypeCMC GC.
06-13 21:18:02.006 D/nativeloader(18916): InitDefaultPublicLibraries for_preload=1: libandroid.so:libaaudio.so:libamidi.so:libbinder_ndk.so:libc.so:libcamera2ndk.so:libdl.so:libEGL.so:libGLESv1_CM.so:libGLESv2.so:libGLESv3.so:libicu.so:libicui18n.so:libicuuc.so:libjnigraphics.so:liblog.so:libmediandk.so:libm.so:libnativehelper.so:libnativewindow.so:libOpenMAXAL.so:libOpenSLES.so:libRS.so:libstdc++.so:libsync.so:libvulkan.so:libwebviewchromium_plat_support.so:libz.so
06-13 21:18:02.014 D/nativeloader(18916): Load libicu_jni.so using APEX ns com_android_art for caller /apex/com.android.art/javalib/core-oj.jar: ok
06-13 21:18:02.014 D/app_process(18916): u_setTimeZoneFilesDirectory("/apex/com.android.tzdata/etc/tz/versioned/10/icu") succeeded. 
06-13 21:18:02.014 D/app_process(18916): I18n APEX ICU file found: /apex/com.android.i18n/etc/icu/icudt78l.dat
06-13 21:18:02.015 D/nativeloader(18916): Load libjavacore.so using APEX ns com_android_art for caller /apex/com.android.art/javalib/core-oj.jar: ok
06-13 21:18:02.016 D/nativeloader(18916): Load libopenjdk.so using APEX ns com_android_art for caller /apex/com.android.art/javalib/core-oj.jar: ok
06-13 21:18:02.016 I/app_process(18916): Priority-to-niceness mapping: 19, 16, 13, 10, 0, -2, -4, -5, -6, -8
06-13 21:18:02.016 W/app_process(18916): Unexpected CPU variant for x86: x86_64.
06-13 21:18:02.016 W/app_process(18916): Known variants: atom, sandybridge, silvermont, goldmont, goldmont-plus, goldmont-without-sha-xsaves, tremont, kabylake, alderlake, lunarlake, default
06-13 21:18:02.018 W/app_process(18916): ClassLoaderContext shared library size mismatch. Expected=2, found=0 (PCL[]{PCL[/system/framework/android.test.base.jar*3864517067]#PCL[/system/framework/android.test.mock.jar*3292796450]} | PCL[])
06-13 21:18:02.018 W/app_process(18916): ClassLoaderContext classpath size mismatch. expected=0, found=1 (PCL[]{PCL[/system/framework/android.test.runner.jar*1683112473]{PCL[/system/framework/android.test.base.jar*3864517067]#PCL[/system/framework/android.test.mock.jar*3292796450]}#PCL[/system/framework/android.test.base.jar*3864517067]} | PCL[/system/framework/android.test.runner.jar*1683112473])
06-13 21:18:02.033 D/nativeloader(18916): Load libframework-connectivity-tiramisu-jni.so using APEX ns com_android_tethering for caller /apex/com.android.tethering/javalib/framework-connectivity-t.jar: ok
06-13 21:18:02.033 D/AndroidRuntime(18916): Calling main entry com.android.commands.uiautomator.Launcher
06-13 21:18:02.037 I/AconfigPackage(18916): android.media.swcodec.flags is mapped to com.android.media.swcodec
06-13 21:18:02.037 I/AconfigPackage(18916): com.android.permission.flags is mapped to com.android.permission
06-13 21:18:02.037 I/AconfigPackage(18916): com.android.permissioncontroller.flags is mapped to com.android.permission
06-13 21:18:02.037 I/AconfigPackage(18916): com.google.android.widevine.flags is mapped to com.google.android.widevine
06-13 21:18:02.038 I/AconfigPackage(18916): com.android.icu is mapped to com.android.i18n
06-13 21:18:02.038 I/AconfigPackage(18916): com.android.appsearch.flags is mapped to com.android.appsearch
06-13 21:18:02.038 I/AconfigPackage(18916): com.android.uprobestats.flags is mapped to com.android.uprobestats
06-13 21:18:02.038 I/AconfigPackage(18916): android.uprobestats.mainline.flags is mapped to com.android.uprobestats
06-13 21:18:02.038 I/AconfigPackage(18916): com.android.crashrecovery.flags is mapped to com.android.crashrecovery
06-13 21:18:02.038 I/AconfigPackage(18916): android.provider.flags is mapped to com.android.configinfrastructure
06-13 21:18:02.038 I/AconfigPackage(18916): com.android.server.deviceconfig is mapped to com.android.configinfrastructure
06-13 21:18:02.039 I/AconfigPackage(18916): com.android.art.flags is mapped to com.android.art
06-13 21:18:02.039 I/AconfigPackage(18916): com.android.art.rw.flags is mapped to com.android.art
06-13 21:18:02.039 I/AconfigPackage(18916): com.android.libcore is mapped to com.android.art
06-13 21:18:02.039 I/AconfigPackage(18916): android.telecom.flags is mapped to com.android.telephonycore
06-13 21:18:02.039 I/AconfigPackage(18916): com.android.internal.telecom.flags is mapped to com.android.telephonycore
06-13 21:18:02.039 I/AconfigPackage(18916): com.android.telephony.flags is mapped to com.android.telephonycore
06-13 21:18:02.039 I/AconfigPackage(18916): com.android.media.extractor.flags is mapped to com.android.media
06-13 21:18:02.039 I/AconfigPackage(18916): com.android.media.mainline.flags is mapped to com.android.media
06-13 21:18:02.039 I/AconfigPackage(18916): com.android.wifi.flags is mapped to com.android.wifi
06-13 21:18:02.039 I/AconfigPackage(18916): com.android.org.conscrypt.flags is mapped to com.android.conscrypt
06-13 21:18:02.040 I/AconfigPackage(18916): com.android.org.conscrypt.net.flags is mapped to com.android.conscrypt
06-13 21:18:02.040 I/AconfigPackage(18916): com.android.healthfitness.flags is mapped to com.android.healthfitness
06-13 21:18:02.040 I/AconfigPackage(18916): com.android.ipsec.flags is mapped to com.android.ipsec
06-13 21:18:02.040 I/AconfigPackage(18916): com.android.nfc.module.flags is mapped to com.android.nfcservices
06-13 21:18:02.040 I/AconfigPackage(18916): com.android.nfc.module.nonexported.flags is mapped to com.android.nfcservices
06-13 21:18:02.040 I/AconfigPackage(18916): com.android.adservices.ondevicepersonalization.flags is mapped to com.android.ondevicepersonalization
06-13 21:18:02.040 I/AconfigPackage(18916): com.android.adbd.flags is mapped to com.android.adbd
06-13 21:18:02.041 I/AconfigPackage(18916): com.android.bluetooth.flags is mapped to com.android.bt
06-13 21:18:02.041 I/AconfigPackage(18916): com.android.devicelock.flags is mapped to com.android.devicelock
06-13 21:18:02.041 I/AconfigPackage(18916): android.os.profiling is mapped to com.android.profiling
06-13 21:18:02.041 I/AconfigPackage(18916): android.os.profiling.anomaly.flags is mapped to com.android.profiling
06-13 21:18:02.041 I/AconfigPackage(18916): com.android.os.statsd.flags is mapped to com.android.os.statsd
06-13 21:18:02.041 I/AconfigPackage(18916): com.android.webapp.flags is mapped to com.android.webapp
06-13 21:18:02.041 I/AconfigPackage(18916): com.android.rkpd.flags is mapped to com.android.rkpd
06-13 21:18:02.041 I/AconfigPackage(18916): com.android.cellbroadcastreceiver.flags is mapped to com.android.cellbroadcast
06-13 21:18:02.042 I/AconfigPackage(18916): com.android.adservices.flags is mapped to com.android.adservices
06-13 21:18:02.042 I/AconfigPackage(18916): com.android.sdksandbox.flags is mapped to com.android.adservices
06-13 21:18:02.042 I/AconfigPackage(18916): android.app.sdksandbox.flags is mapped to com.android.adservices
06-13 21:18:02.042 I/AconfigPackage(18916): com.android.uwb.flags is mapped to com.android.uwb
06-13 21:18:02.042 I/AconfigPackage(18916): com.android.ranging.flags is mapped to com.android.uwb
06-13 21:18:02.042 I/AconfigPackage(18916): com.android.npumanager is mapped to com.android.npumanager
06-13 21:18:02.042 I/AconfigPackage(18916): android.graphics.pdf.flags is mapped to com.android.mediaprovider
06-13 21:18:02.042 I/AconfigPackage(18916): com.android.providers.media.flags is mapped to com.android.mediaprovider
06-13 21:18:02.043 I/AconfigPackage(18916): android.graphics.pdf.flags.readonly is mapped to com.android.mediaprovider
06-13 21:18:02.043 I/AconfigPackage(18916): com.android.tethering.mainline.beta is mapped to com.android.tethering
06-13 21:18:02.043 I/AconfigPackage(18916): android.net.http is mapped to com.android.tethering
06-13 21:18:02.043 I/AconfigPackage(18916): com.android.tethering.readonly.flags is mapped to com.android.tethering
06-13 21:18:02.043 I/AconfigPackage(18916): android.net.vcn is mapped to com.android.tethering
06-13 21:18:02.043 I/AconfigPackage(18916): com.android.net.flags is mapped to com.android.tethering
06-13 21:18:02.043 I/AconfigPackage(18916): com.android.tethering.flags is mapped to com.android.tethering
06-13 21:18:02.043 I/AconfigPackage(18916): com.android.tethering.beta.test is mapped to com.android.tethering
06-13 21:18:02.043 I/AconfigPackage(18916): com.android.nearby.flags is mapped to com.android.tethering
06-13 21:18:02.043 I/AconfigPackage(18916): com.android.net.thread.flags is mapped to com.android.tethering
06-13 21:18:02.043 I/AconfigPackage(18916): com.android.net.ct.flags is mapped to com.android.tethering
06-13 21:18:02.043 I/AconfigPackage(18916): com.android.system.virtualmachine.flags is mapped to com.android.virt
06-13 21:18:02.043 E/FeatureFlagsImplExport(18916): android.os.flagging.AconfigStorageReadException: ERROR_PACKAGE_NOT_FOUND: package android.xr cannot be found on the device
06-13 21:18:02.046 D/UiAutomationConnection(18916): Created on user UserHandle{0}
06-13 21:18:02.046 I/UiAutomation(18916): Initialized for user 0 on display 0
06-13 21:18:02.046 W/UiAutomation(18916): Created with deprecatead constructor, assumes DEFAULT_DISPLAY
06-13 21:18:02.047 D/AccessibilityManagerService(  675): changeCurrentUserForTestAutomationIfNeededLocked(0): ignoring because device doesn't support visible background users
06-13 21:18:02.047 I/UiAutomationManager(  675): Registering UiTestAutomationService (id=com.android.server.accessibility/UiAutomation, flags=0x0) when called by user 0
06-13 21:18:02.048 V/AccessibilityManagerService(  675): onUserStateChangedLocked for userId: 0, forceUpdate: false
06-13 21:18:02.048 V/AccessibilityUserState(  675): updateShortcutTargets: type:accessibility_shortcut_target_service, current:{}, new:{}
06-13 21:18:02.048 V/AccessibilityUserState(  675): updateShortcutTargets: type:accessibility_button_targets, current:{}, new:{}
06-13 21:18:02.048 V/AccessibilityUserState(  675): updateShortcutTargets: type:accessibility_gesture_targets, current:{}, new:{}
06-13 21:18:02.049 V/AccessibilityUserState(  675): updateShortcutTargets: type:accessibility_qs_targets, current:{}, new:{}
06-13 21:18:02.049 V/AccessibilityUserState(  675): updateShortcutTargets: type:accessibility_key_gesture_targets, current:{}, new:{}
06-13 21:18:02.049 V/AccessibilityUserState(  675): updateShortcutTargets: type:accessibility_top_row_key_targets, current:{}, new:{}
06-13 21:18:02.049 V/AccessibilityUserState(  675): updateShortcutTargets: type:accessibility_quick_access_targets, current:{}, new:{}
06-13 21:18:02.049 W/MagnificationConnectionManager(  675): requestConnection duplicated request: connect=false, mConnectionState=DISCONNECTED
06-13 21:18:02.049 I/AiAiEcho( 2590): Settings changed for uri: content://settings/secure/accessibility_enabled
06-13 21:18:02.050 I/AiAiEcho( 2590): Predicting[0]:  [CONTEXT sampling_count=5 ]
06-13 21:18:02.050 I/AiAiEcho( 2590): EchoTargets: 
06-13 21:18:02.050 I/AiAiEcho( 2590): Filtered by AiAi flag check: 
06-13 21:18:02.050 I/AiAiEcho( 2590): [CONTEXT ratelimit_period="10 SECONDS" ]
06-13 21:18:02.050 I/AiAiEcho( 2590): #remoteViewsTwiddler: feature disabled.
06-13 21:18:02.050 I/AiAiEcho( 2590): Predicting[0]:  [CONTEXT sampling_count=5 ]
06-13 21:18:02.050 I/AiAiEcho( 2590): EchoTargets: 
06-13 21:18:02.050 I/AiAiEcho( 2590): Filtered by AiAi flag check: 
06-13 21:18:02.050 I/AiAiEcho( 2590): [CONTEXT ratelimit_period="10 SECONDS" ]
06-13 21:18:02.051 I/AiAiEcho( 2590): #remoteViewsTwiddler: feature disabled.
06-13 21:18:02.051 I/AiAiEcho( 2590): Predicting[0]:  [CONTEXT sampling_count=5 ]
06-13 21:18:02.051 I/AiAiEcho( 2590): EchoTargets: 
06-13 21:18:02.051 I/AiAiEcho( 2590): Filtered by AiAi flag check: 
06-13 21:18:02.051 I/AiAiEcho( 2590): [CONTEXT ratelimit_period="10 SECONDS" ]
06-13 21:18:02.051 W/libbinder.IPCThreadState(  675): Sending oneway calls to frozen process.
06-13 21:18:02.051 W/libbinder.IPCThreadState(  675): Sending oneway calls to frozen process.
06-13 21:18:02.051 W/libbinder.IPCThreadState(  675): Sending oneway calls to frozen process.
06-13 21:18:02.051 W/libbinder.IPCThreadState(  675): Sending oneway calls to frozen process.
06-13 21:18:02.052 I/AiAiEcho( 2590): #remoteViewsTwiddler: feature disabled.
06-13 21:18:02.052 W/libbinder.IPCThreadState(  675): Sending oneway calls to frozen process.
06-13 21:18:02.052 W/libbinder.IPCThreadState(  675): Sending oneway calls to frozen process.
06-13 21:18:02.052 W/libbinder.IPCThreadState(  675): Sending oneway calls to frozen process.
06-13 21:18:02.052 W/libbinder.IPCThreadState(  675): Sending oneway calls to frozen process.
06-13 21:18:02.052 V/AccessibilityManagerService(  675): onUserStateChangedLocked for userId: 0, forceUpdate: false
06-13 21:18:02.052 W/libbinder.IPCThreadState(  675): Sending oneway calls to frozen process.
06-13 21:18:02.053 V/AccessibilityUserState(  675): updateShortcutTargets: type:accessibility_shortcut_target_service, current:{}, new:{}
06-13 21:18:02.053 I/AiAiEcho( 2590): #postPredictionTargets: Sending updates to UISurface home with targets# 0 (types=[])
06-13 21:18:02.054 W/libbinder.IPCThreadState(  675): Sending oneway calls to frozen process.
06-13 21:18:02.054 V/AccessibilityUserState(  675): updateShortcutTargets: type:accessibility_button_targets, current:{}, new:{}
06-13 21:18:02.054 V/AccessibilityUserState(  675): updateShortcutTargets: type:accessibility_gesture_targets, current:{}, new:{}
06-13 21:18:02.054 V/AccessibilityUserState(  675): updateShortcutTargets: type:accessibility_qs_targets, current:{}, new:{}
06-13 21:18:02.054 V/AccessibilityUserState(  675): updateShortcutTargets: type:accessibility_key_gesture_targets, current:{}, new:{}
06-13 21:18:02.054 V/AccessibilityUserState(  675): updateShortcutTargets: type:accessibility_top_row_key_targets, current:{}, new:{}
06-13 21:18:02.054 V/AccessibilityUserState(  675): updateShortcutTargets: type:accessibility_quick_access_targets, current:{}, new:{}
06-13 21:18:02.054 W/MagnificationConnectionManager(  675): requestConnection duplicated request: connect=false, mConnectionState=DISCONNECTED
06-13 21:18:02.055 W/libbinder.IPCThreadState(  675): Sending oneway calls to frozen process.
06-13 21:18:02.055 W/libbinder.IPCThreadState(  675): Sending oneway calls to frozen process.
06-13 21:18:02.055 W/libbinder.IPCThreadState(  675): Sending oneway calls to frozen process.
06-13 21:18:02.055 W/libbinder.IPCThreadState(  675): Sending oneway calls to frozen process.
06-13 21:18:02.055 I/AiAiEcho( 2590): Settings changed for uri: content://settings/secure/accessibility_enabled
06-13 21:18:02.056 W/libbinder.IPCThreadState(  675): Sending oneway calls to frozen process.
06-13 21:18:02.056 I/AiAiEcho( 2590): #postPredictionTargets: Sending updates to UISurface ambientcue with targets# 0 (types=[])
06-13 21:18:02.056 W/libbinder.IPCThreadState(  675): Sending oneway calls to frozen process.
06-13 21:18:02.056 W/libbinder.IPCThreadState(  675): Sending oneway calls to frozen process.
06-13 21:18:02.056 W/libbinder.IPCThreadState(  675): Sending oneway calls to frozen process.
06-13 21:18:02.056 W/libbinder.IPCThreadState(  675): Sending oneway calls to frozen process.
06-13 21:18:02.057 W/libbinder.IPCThreadState(  675): Sending oneway calls to frozen process.
06-13 21:18:02.057 W/libbinder.IPCThreadState(  675): Sending oneway calls to frozen process.
06-13 21:18:02.057 W/libbinder.IPCThreadState(  675): Sending oneway calls to frozen process.
06-13 21:18:02.057 I/AiAiEcho( 2590): #postPredictionTargets: Sending updates to UISurface lockscreen with targets# 0 (types=[])
06-13 21:18:02.057 W/libbinder.IPCThreadState(  675): Sending oneway calls to frozen process.
06-13 21:18:02.058 W/libbinder.IPCThreadState(  675): Sending oneway calls to frozen process.
06-13 21:18:02.058 W/libbinder.IPCThreadState(  675): Sending oneway calls to frozen process.
06-13 21:18:02.058 D/BatterySaverPolicy(  675): accessibility changed to true, updating policy.
06-13 21:18:02.059 I/AiAiEcho( 2590): Predicting[0]:  [CONTEXT sampling_count=5 ]
06-13 21:18:02.059 I/AiAiEcho( 2590): EchoTargets: 
06-13 21:18:02.059 I/AiAiEcho( 2590): Filtered by AiAi flag check: 
06-13 21:18:02.059 I/AiAiEcho( 2590): [CONTEXT ratelimit_period="10 SECONDS" ]
06-13 21:18:02.059 I/AiAiEcho( 2590): #remoteViewsTwiddler: feature disabled.
06-13 21:18:02.059 I/AiAiEcho( 2590): Predicting[0]:  [CONTEXT sampling_count=5 ]
06-13 21:18:02.059 I/AiAiEcho( 2590): EchoTargets: 
06-13 21:18:02.059 I/AiAiEcho( 2590): Filtered by AiAi flag check: 
06-13 21:18:02.059 I/AiAiEcho( 2590): [CONTEXT ratelimit_period="10 SECONDS" ]
06-13 21:18:02.060 I/AiAiEcho( 2590): #remoteViewsTwiddler: feature disabled.
06-13 21:18:02.060 I/AiAiEcho( 2590): Predicting[0]:  [CONTEXT sampling_count=5 ]
06-13 21:18:02.060 I/AiAiEcho( 2590): EchoTargets: 
06-13 21:18:02.060 I/AiAiEcho( 2590): Filtered by AiAi flag check: 
06-13 21:18:02.060 I/AiAiEcho( 2590): [CONTEXT ratelimit_period="10 SECONDS" ]
06-13 21:18:02.060 I/AiAiEcho( 2590): #remoteViewsTwiddler: feature disabled.
06-13 21:18:02.060 I/AiAiEcho( 2590): #postPredictionTargets: Sending updates to UISurface home with targets# 0 (types=[])
06-13 21:18:02.061 I/AiAiEcho( 2590): #postPredictionTargets: Sending updates to UISurface ambientcue with targets# 0 (types=[])
06-13 21:18:02.061 D/AccessibilityManagerService(  675): .getAccessibilityShortcutTargets {shortcutType=32, userId=0}
06-13 21:18:02.061 I/AiAiEcho( 2590): #postPredictionTargets: Sending updates to UISurface lockscreen with targets# 0 (types=[])
06-13 21:18:02.062 I/AmbientCueRepository(  933): Receiving SmartSpace targets # 0
06-13 21:18:02.063 I/AmbientCueRepository(  933): Receiving SmartSpace targets # 0
06-13 21:18:02.108 W/skia    (  528): AGTM parsing failed flags.readFromStream(s) at 159
06-13 21:18:02.448 D/android.hardware.audio@7.1-impl.ranchu(  467): threadLoop: entering standby, frames: 5145152
06-13 21:18:02.448 D/android.hardware.audio@7.1-impl.ranchu(  467): ~TinyalsaSink: joining consumeThread
06-13 21:18:02.448 D/android.hardware.audio@7.1-impl.ranchu(  467): consumeThread: exiting
06-13 21:18:02.448 D/android.hardware.audio@7.1-impl.ranchu(  467): ~TinyalsaSink: stopping PCM stream
06-13 21:18:03.065 W/AccessibilityNodeInfoDumper(18916): Fetch time: 2ms
06-13 21:18:03.067 V/AccessibilityManagerService(  675): onUserStateChangedLocked for userId: 0, forceUpdate: false
06-13 21:18:03.068 V/AccessibilityUserState(  675): updateShortcutTargets: type:accessibility_shortcut_target_service, current:{}, new:{}
06-13 21:18:03.068 V/AccessibilityUserState(  675): updateShortcutTargets: type:accessibility_button_targets, current:{}, new:{}
06-13 21:18:03.068 V/AccessibilityUserState(  675): updateShortcutTargets: type:accessibility_gesture_targets, current:{}, new:{}
06-13 21:18:03.068 V/AccessibilityUserState(  675): updateShortcutTargets: type:accessibility_qs_targets, current:{}, new:{}
06-13 21:18:03.068 V/AccessibilityUserState(  675): updateShortcutTargets: type:accessibility_key_gesture_targets, current:{}, new:{}
06-13 21:18:03.068 V/AccessibilityUserState(  675): updateShortcutTargets: type:accessibility_top_row_key_targets, current:{}, new:{}
06-13 21:18:03.068 V/AccessibilityUserState(  675): updateShortcutTargets: type:accessibility_quick_access_targets, current:{}, new:{}
06-13 21:18:03.068 W/MagnificationConnectionManager(  675): requestConnection duplicated request: connect=false, mConnectionState=DISCONNECTED
06-13 21:18:03.068 D/AccessibilityManagerService(  675): restoreCurrentUserForTestAutomationIfNeededLocked(): ignoring because device doesn't support visible background users
06-13 21:18:03.068 I/AiAiEcho( 2590): Settings changed for uri: content://settings/secure/accessibility_enabled
06-13 21:18:03.068 W/libbinder.IPCThreadState(  675): Sending oneway calls to frozen process.
06-13 21:18:03.068 W/libbinder.IPCThreadState(  675): Sending oneway calls to frozen process.
06-13 21:18:03.069 W/libbinder.IPCThreadState(  675): Sending oneway calls to frozen process.
06-13 21:18:03.069 W/libbinder.IPCThreadState(  675): Sending oneway calls to frozen process.
06-13 21:18:03.069 W/libbinder.IPCThreadState(  675): Sending oneway calls to frozen process.
06-13 21:18:03.069 I/AiAiEcho( 2590): Predicting[0]:  [CONTEXT sampling_count=5 ]
06-13 21:18:03.069 W/libbinder.IPCThreadState(  675): Sending oneway calls to frozen process.
06-13 21:18:03.070 I/AiAiEcho( 2590): EchoTargets: 
06-13 21:18:03.070 I/AiAiEcho( 2590): Filtered by AiAi flag check: 
06-13 21:18:03.070 I/AiAiEcho( 2590): [CONTEXT ratelimit_period="10 SECONDS" ]
06-13 21:18:03.070 W/libbinder.IPCThreadState(  675): Sending oneway calls to frozen process.
06-13 21:18:03.070 W/libbinder.IPCThreadState(  675): Sending oneway calls to frozen process.
06-13 21:18:03.070 W/libbinder.IPCThreadState(  675): Sending oneway calls to frozen process.
06-13 21:18:03.070 I/AiAiEcho( 2590): #remoteViewsTwiddler: feature disabled.
06-13 21:18:03.070 W/libbinder.IPCThreadState(  675): Sending oneway calls to frozen process.
06-13 21:18:03.071 D/AndroidRuntime(18916): Shutting down VM
06-13 21:18:03.072 W/libbinder.IPCThreadState(  675): Sending oneway calls to frozen process.
06-13 21:18:03.072 I/AiAiEcho( 2590): Predicting[0]:  [CONTEXT sampling_count=5 ]
06-13 21:18:03.072 I/AiAiEcho( 2590): EchoTargets: 
06-13 21:18:03.072 I/AiAiEcho( 2590): Filtered by AiAi flag check: 
06-13 21:18:03.072 I/AiAiEcho( 2590): [CONTEXT ratelimit_period="10 SECONDS" ]
06-13 21:18:03.072 W/libbinder.IPCThreadState(  675): Sending oneway calls to frozen process.
06-13 21:18:03.072 W/libbinder.IPCThreadState(18916): call to talkWithDriver in joinThreadPool returned error: -9 (Bad file descriptor), FD: -1
06-13 21:18:03.073 W/libbinder.IPCThreadState(  675): Sending oneway calls to frozen process.
06-13 21:18:03.073 W/libbinder.IPCThreadState(  675): Sending oneway calls to frozen process.
06-13 21:18:03.073 W/libbinder.IPCThreadState(  675): Sending oneway calls to frozen process.
06-13 21:18:03.073 I/AiAiEcho( 2590): #remoteViewsTwiddler: feature disabled.
06-13 21:18:03.073 D/BatterySaverPolicy(  675): accessibility changed to false, updating policy.
06-13 21:18:03.073 W/libbinder.IPCThreadState(18916): call to talkWithDriver in joinThreadPool returned error: -9 (Bad file descriptor), FD: -1
06-13 21:18:03.073 I/AiAiEcho( 2590): Predicting[0]:  [CONTEXT sampling_count=5 ]
06-13 21:18:03.074 W/libbinder.IPCThreadState(18916): call to talkWithDriver in joinThreadPool returned error: -9 (Bad file descriptor), FD: -1
06-13 21:18:03.074 I/AiAiEcho( 2590): EchoTargets: 
06-13 21:18:03.074 I/AiAiEcho( 2590): Filtered by AiAi flag check: 
06-13 21:18:03.074 I/AiAiEcho( 2590): [CONTEXT ratelimit_period="10 SECONDS" ]
06-13 21:18:03.074 I/AiAiEcho( 2590): #remoteViewsTwiddler: feature disabled.
06-13 21:18:03.074 I/AiAiEcho( 2590): #postPredictionTargets: Sending updates to UISurface home with targets# 0 (types=[])
06-13 21:18:03.075 I/AiAiEcho( 2590): #postPredictionTargets: Sending updates to UISurface ambientcue with targets# 0 (types=[])
06-13 21:18:03.075 I/AiAiEcho( 2590): #postPredictionTargets: Sending updates to UISurface lockscreen with targets# 0 (types=[])
06-13 21:18:03.075 I/AmbientCueRepository(  933): Receiving SmartSpace targets # 0
06-13 21:18:03.139 W/skia    (  528): AGTM parsing failed flags.readFromStream(s) at 159
06-13 21:18:03.359 I/wpa_supplicant(  918): wlan0: CTRL-EVENT-BEACON-LOSS 
06-13 21:18:03.743 I/artd    ( 2843): GetBestInfo: odex next to the dex file (/data/app/~~xCWSPSiTbGWeOlbbQ8WCfA==/com.google.android.gms-6V8MJOZtvQBtjnCwEeoqLQ==/oat/x86_64/base.odex) is kOatUpToDate with filter 'speed-profile' executable 'false'
06-13 21:18:03.744 I/artd    ( 2843): GetBestInfo: dm (/data/app/~~xCWSPSiTbGWeOlbbQ8WCfA==/com.google.android.gms-6V8MJOZtvQBtjnCwEeoqLQ==/split_AdsDynamite_installtime.dm) is kOatUpToDate with filter 'verify' executable 'false'
06-13 21:18:03.746 I/artd    ( 2843): GetBestInfo: odex next to the dex file (/data/app/~~xCWSPSiTbGWeOlbbQ8WCfA==/com.google.android.gms-6V8MJOZtvQBtjnCwEeoqLQ==/oat/x86_64/split_CronetDynamite_installtime.odex) is kOatUpToDate with filter 'speed-profile' executable 'false'
06-13 21:18:03.747 I/artd    ( 2843): GetBestInfo: dm (/data/app/~~xCWSPSiTbGWeOlbbQ8WCfA==/com.google.android.gms-6V8MJOZtvQBtjnCwEeoqLQ==/split_DynamiteLoader_installtime.dm) is kOatUpToDate with filter 'verify' executable 'false'
06-13 21:18:03.748 I/artd    ( 2843): GetBestInfo: dm (/data/app/~~xCWSPSiTbGWeOlbbQ8WCfA==/com.google.android.gms-6V8MJOZtvQBtjnCwEeoqLQ==/split_DynamiteModulesA_installtime.dm) is kOatUpToDate with filter 'verify' executable 'false'
06-13 21:18:03.750 I/artd    ( 2843): GetBestInfo: dm (/data/app/~~xCWSPSiTbGWeOlbbQ8WCfA==/com.google.android.gms-6V8MJOZtvQBtjnCwEeoqLQ==/split_DynamiteModulesC_installtime.dm) is kOatUpToDate with filter 'verify' executable 'false'
06-13 21:18:03.751 I/artd    ( 2843): GetBestInfo: dm (/data/app/~~xCWSPSiTbGWeOlbbQ8WCfA==/com.google.android.gms-6V8MJOZtvQBtjnCwEeoqLQ==/split_GoogleCertificates_installtime.dm) is kOatUpToDate with filter 'verify' executable 'false'
06-13 21:18:03.752 I/artd    ( 2843): GetBestInfo: dm (/data/app/~~xCWSPSiTbGWeOlbbQ8WCfA==/com.google.android.gms-6V8MJOZtvQBtjnCwEeoqLQ==/split_MapsDynamite_installtime.dm) is kOatUpToDate with filter 'verify' executable 'false'
06-13 21:18:03.754 I/artd    ( 2843): GetBestInfo: dm (/data/app/~~xCWSPSiTbGWeOlbbQ8WCfA==/com.google.android.gms-6V8MJOZtvQBtjnCwEeoqLQ==/split_MeasurementDynamite_installtime.dm) is kOatUpToDate with filter 'verify' executable 'false'
06-13 21:18:03.755 I/artd    ( 2843): GetBestInfo: dm (/data/app/~~xCWSPSiTbGWeOlbbQ8WCfA==/com.google.android.gms-6V8MJOZtvQBtjnCwEeoqLQ==/split_all_locale_splits.dm) is kOatUpToDate with filter 'verify' executable 'false'
06-13 21:18:03.755 I/artd    ( 2843): GetBestInfo: /data/user_de/0/com.google.android.gms/app_chimera/m/00000001/CronetDynamite.apk has no usable artifacts
06-13 21:18:03.756 I/artd    ( 2843): GetBestInfo: /data/user_de/0/com.google.android.gms/app_chimera/m/00000011/dl-VisionOcr.optional_262031100000.apk has no usable artifacts
06-13 21:18:03.757 I/artd    ( 2843): GetBestInfo: /data/user_de/0/com.google.android.gms/app_chimera/m/00000002/DynamiteLoader.apk has no usable artifacts
06-13 21:18:03.759 I/artd    ( 2843): GetBestInfo: /data/user_de/0/com.google.android.gms/app_chimera/m/0000000e/dl-MlkitBarcodeUi.optional_260235100800.apk has no usable artifacts
06-13 21:18:03.760 I/artd    ( 2843): GetBestInfo: /data/user_de/0/com.google.android.gms/app_chimera/m/00000005/GoogleCertificates.apk has no usable artifacts
06-13 21:18:03.761 I/artd    ( 2843): GetBestInfo: /data/user_de/0/com.google.android.gms/app_chimera/m/00000014/dl-TfliteDynamiteDynamite.integ_252130102100800.apk has no usable artifacts
06-13 21:18:03.762 I/artd    ( 2843): GetBestInfo: /data/user_de/0/com.google.android.gms/app_chimera/m/00000010/dl-PlayCloudSearch.optional_260235100000.apk has no usable artifacts
06-13 21:18:03.764 I/artd    ( 2843): GetBestInfo: /data/user_de/0/com.google.android.gms/app_chimera/m/0000000a/dl-MlkitOcrCommon.optional_260235100800.apk has no usable artifacts
06-13 21:18:03.765 I/artd    ( 2843): GetBestInfo: /data/user_de/0/com.google.android.gms/app_chimera/m/00000013/dl-Appsearch.optional_262031100800.apk has no usable artifacts
06-13 21:18:03.767 I/artd    ( 2843): GetBestInfo: /data/user_de/0/com.google.android.gms/app_chimera/m/00000008/dl-VisionOcr.optional_260235100000.apk has no usable artifacts
06-13 21:18:03.768 I/artd    ( 2843): GetBestInfo: /data/user_de/0/com.google.android.gms/app_chimera/m/00000016/dl-MlkitOcrCommon.optional_262031100800.apk has no usable artifacts
06-13 21:18:03.770 I/artd    ( 2843): GetBestInfo: /data/user_de/0/com.google.android.gms/app_chimera/m/0000000b/dl-Appsearch.optional_260235100800.apk has no usable artifacts
06-13 21:18:03.771 I/artd    ( 2843): GetBestInfo: vdex next to the dex file (/data/user/0/com.google.android.gms/app_dg_cache/1C62BDE86218FBAA50DF06C4A79F5C3FE74B69EC/oat/x86_64/the.vdex) is kOatUpToDate with filter 'verify' executable 'false'
06-13 21:18:03.772 I/artd    ( 2843): GetBestInfo: /data/user_de/0/com.google.android.gms/app_chimera/m/00000012/dl-PlayCloudSearch.optional_262031100000.apk has no usable artifacts
06-13 21:18:03.774 I/artd    ( 2843): GetBestInfo: /data/user_de/0/com.google.android.gms/app_chimera/m/00000015/dl-MlkitBarcodeUi.optional_262031100800.apk has no usable artifacts
06-13 21:18:03.774 I/artd    ( 2843): GetBestInfo: /data/user_de/0/com.google.android.gms/app_chimera/m/00000007/MeasurementDynamite.apk has no usable artifacts
