06-13 21:18:03.776 I/artd    ( 2843): GetBestInfo: /data/user_de/0/com.google.android.gms/app_chimera/m/00000019/dl-IdentityCredentialsPlatform.optional_262031100800.apk has no usable artifacts
06-13 21:18:04.444 D/SatelliteController( 1051): isInCarrierRoamingNbIotNtn: satellite is disabled
06-13 21:18:04.444 D/SatelliteController( 1051): getCarrierRoamingNtnConnectType: Checking connect type from PLMN config for subId: 1
06-13 21:18:04.445 D/SatelliteController( 1051): getSatellitePerPlmnConfiguration: invalid subId or not supported via carrier.
06-13 21:18:04.445 D/SatelliteController( 1051): getCarrierRoamingNtnConnectType: config: null
06-13 21:18:04.445 D/SatelliteController( 1051): getCarrierRoamingNtnConnectType: Falling back to global carrier config connect type: 0
06-13 21:18:04.446 D/SatelliteController( 1051): updateLastNotifiedCarrierRoamingNtnSignalStrengthAndNotify(1)
06-13 21:18:04.446 D/SatelliteController( 1051): updateLastNotifiedCarrierRoamingNtnSignalStrengthAndNotify(1) lastNotifiedSignalStrength level: 0
06-13 21:18:04.446 D/SatelliteController( 1051): updateLastNotifiedCarrierRoamingNtnSignalStrengthAndNotify(1) currSignalStrength level: 0
06-13 21:18:04.746 I/AdbWifiNetworkMonitor(  675): Wi-Fi network available
06-13 21:18:04.746 I/AdbWifiNetworkMonitor(  675): Received the same Wi-Fi SSID. Ignoring.
06-13 21:18:04.750 I/HalDevMgr(  675): bestIfaceCreationProposal is null, requestIface=STA, existingIface=[name=wlan0 type=STA]
06-13 21:18:04.751 I/NullBinder( 1216): NullBinder for android.net.action.RECOMMEND_NETWORKS triggering remote TransactionTooLargeException due to Service without Chimera impl, calling uid: 1000, calling pid: 0
06-13 21:18:04.751 W/libbinder.Binder( 1216): Large reply transaction of 1056768 bytes, interface descriptor , function: UNKNOWN_FUNCTION_NAME, code: 1, flags: 17
06-13 21:18:04.752 W/libbinder.IPCThreadState(  675): Sending oneway calls to frozen process.
06-13 21:18:04.752 W/libbinder.IPCThreadState(  675): Sending oneway calls to frozen process.
06-13 21:18:04.752 W/libbinder.IPCThreadState(  675): Sending oneway calls to frozen process.
06-13 21:18:04.752 W/libbinder.IPCThreadState(  675): Sending oneway calls to frozen process.
06-13 21:18:04.752 W/libbinder.IPCThreadState(  675): Sending oneway calls to frozen process.
06-13 21:18:04.752 W/libbinder.IPCThreadState(  675): Sending oneway calls to frozen process.
06-13 21:18:04.753 I/BugleRcsEngine(11300): handleMessage processing message:[NOTIFY_UPTIME_IGNORE_STATE_CHANGED] with [non-null]:RcsEngineImpl reference [CONTEXT log_prefix="RcsEngineImpl[DUAL_REG]:[4ca6b209-3a2d]>Handler" thread_id=77 ]
06-13 21:18:04.754 I/BugleRcsEngine(11300): Connected state: [1], networkType: [WIFI] [CONTEXT thread_id=65 ]
06-13 21:18:04.756 I/NearbyMediums( 1216): Wifi changed new SSID: "AndroidWifi"
06-13 21:18:04.756 I/NearbyMediums( 1216): WifiLanConnectivityInfo is not changed, skip notify.
06-13 21:18:04.756 D/ConnectivityService(  675): NetReassign [no changes] [c 1] [a 1] [i 2]
06-13 21:18:04.757 I/BugleRcsEngine(11300): No RCS Configuration was found in Bugle for simID: redacted-pii:sim_id[chars:20,last3:897] [CONTEXT log_prefix="ProvisioningEngineDataRetriever" thread_id=77 ]
06-13 21:18:07.757 I/AdbWifiNetworkMonitor(  675): Wi-Fi network available
06-13 21:18:07.757 I/AdbWifiNetworkMonitor(  675): Received the same Wi-Fi SSID. Ignoring.
06-13 21:18:07.761 W/libbinder.IPCThreadState(  675): Sending oneway calls to frozen process.
06-13 21:18:07.761 W/libbinder.IPCThreadState(  675): Sending oneway calls to frozen process.
06-13 21:18:07.761 W/libbinder.IPCThreadState(  675): Sending oneway calls to frozen process.
06-13 21:18:07.761 W/libbinder.IPCThreadState(  675): Sending oneway calls to frozen process.
06-13 21:18:07.761 W/libbinder.IPCThreadState(  675): Sending oneway calls to frozen process.
06-13 21:18:07.761 W/libbinder.IPCThreadState(  675): Sending oneway calls to frozen process.
06-13 21:18:07.762 I/NullBinder( 1216): NullBinder for android.net.action.RECOMMEND_NETWORKS triggering remote TransactionTooLargeException due to Service without Chimera impl, calling uid: 1000, calling pid: 0
06-13 21:18:07.762 I/BugleRcsEngine(11300): handleMessage processing message:[NOTIFY_UPTIME_IGNORE_STATE_CHANGED] with [non-null]:RcsEngineImpl reference [CONTEXT log_prefix="RcsEngineImpl[DUAL_REG]:[4ca6b209-3a2d]>Handler" thread_id=77 ]
06-13 21:18:07.763 W/libbinder.Binder( 1216): Large reply transaction of 1056768 bytes, interface descriptor , function: UNKNOWN_FUNCTION_NAME, code: 1, flags: 17
06-13 21:18:07.763 I/BugleRcsEngine(11300): Connected state: [1], networkType: [WIFI] [CONTEXT thread_id=65 ]
06-13 21:18:07.763 I/HalDevMgr(  675): bestIfaceCreationProposal is null, requestIface=STA, existingIface=[name=wlan0 type=STA]
06-13 21:18:07.764 D/ConnectivityService(  675): NetReassign [no changes] [c 1] [a 1] [i 1]
06-13 21:18:07.765 I/NearbyMediums( 1216): Wifi changed new SSID: "AndroidWifi"
06-13 21:18:07.765 I/NearbyMediums( 1216): WifiLanConnectivityInfo is not changed, skip notify.
06-13 21:18:07.766 I/BugleRcsEngine(11300): No RCS Configuration was found in Bugle for simID: redacted-pii:sim_id[chars:20,last3:897] [CONTEXT log_prefix="ProvisioningEngineDataRetriever" thread_id=77 ]
06-13 21:18:07.768 D/IpClient/wlan0( 1014): interfaceLinkStateChanged: ifindex 16 up
06-13 21:18:07.772 D/IpClient/wlan0( 1014): interfaceLinkStateChanged: ifindex 16 up
06-13 21:18:10.770 I/AdbWifiNetworkMonitor(  675): Wi-Fi network available
06-13 21:18:10.770 I/AdbWifiNetworkMonitor(  675): Received the same Wi-Fi SSID. Ignoring.
06-13 21:18:10.775 I/HalDevMgr(  675): bestIfaceCreationProposal is null, requestIface=STA, existingIface=[name=wlan0 type=STA]
06-13 21:18:10.776 I/NullBinder( 1216): NullBinder for android.net.action.RECOMMEND_NETWORKS triggering remote TransactionTooLargeException due to Service without Chimera impl, calling uid: 1000, calling pid: 0
06-13 21:18:10.776 W/libbinder.Binder( 1216): Large reply transaction of 1056768 bytes, interface descriptor , function: UNKNOWN_FUNCTION_NAME, code: 1, flags: 17
06-13 21:18:10.779 W/libbinder.IPCThreadState(  675): Sending oneway calls to frozen process.
06-13 21:18:10.779 W/libbinder.IPCThreadState(  675): Sending oneway calls to frozen process.
06-13 21:18:10.779 W/libbinder.IPCThreadState(  675): Sending oneway calls to frozen process.
06-13 21:18:10.779 W/libbinder.IPCThreadState(  675): Sending oneway calls to frozen process.
06-13 21:18:10.779 W/libbinder.IPCThreadState(  675): Sending oneway calls to frozen process.
06-13 21:18:10.779 W/libbinder.IPCThreadState(  675): Sending oneway calls to frozen process.
06-13 21:18:10.781 I/BugleRcsEngine(11300): Connected state: [1], networkType: [WIFI] [CONTEXT thread_id=65 ]
06-13 21:18:10.781 D/ConnectivityService(  675): NetReassign [no changes] [c 0] [a 1] [i 1]
06-13 21:18:10.781 I/BugleRcsEngine(11300): handleMessage processing message:[NOTIFY_UPTIME_IGNORE_STATE_CHANGED] with [non-null]:RcsEngineImpl reference [CONTEXT log_prefix="RcsEngineImpl[DUAL_REG]:[4ca6b209-3a2d]>Handler" thread_id=77 ]
06-13 21:18:10.782 I/NearbyMediums( 1216): Wifi changed new SSID: "AndroidWifi"
06-13 21:18:10.782 I/NearbyMediums( 1216): WifiLanConnectivityInfo is not changed, skip notify.
06-13 21:18:10.785 I/BugleRcsEngine(11300): No RCS Configuration was found in Bugle for simID: redacted-pii:sim_id[chars:20,last3:897] [CONTEXT log_prefix="ProvisioningEngineDataRetriever" thread_id=77 ]
06-13 21:18:11.294 I/wpa_supplicant(  918): wlan0: CTRL-EVENT-BEACON-LOSS 
06-13 21:18:13.755 I/artd    ( 2843): GetBestInfo: odex next to the dex file (/data/app/~~xCWSPSiTbGWeOlbbQ8WCfA==/com.google.android.gms-6V8MJOZtvQBtjnCwEeoqLQ==/oat/x86_64/base.odex) is kOatUpToDate with filter 'speed-profile' executable 'false'
06-13 21:18:13.757 I/artd    ( 2843): GetBestInfo: dm (/data/app/~~xCWSPSiTbGWeOlbbQ8WCfA==/com.google.android.gms-6V8MJOZtvQBtjnCwEeoqLQ==/split_AdsDynamite_installtime.dm) is kOatUpToDate with filter 'verify' executable 'false'
06-13 21:18:13.759 I/artd    ( 2843): GetBestInfo: odex next to the dex file (/data/app/~~xCWSPSiTbGWeOlbbQ8WCfA==/com.google.android.gms-6V8MJOZtvQBtjnCwEeoqLQ==/oat/x86_64/split_CronetDynamite_installtime.odex) is kOatUpToDate with filter 'speed-profile' executable 'false'
06-13 21:18:13.760 I/artd    ( 2843): GetBestInfo: dm (/data/app/~~xCWSPSiTbGWeOlbbQ8WCfA==/com.google.android.gms-6V8MJOZtvQBtjnCwEeoqLQ==/split_DynamiteLoader_installtime.dm) is kOatUpToDate with filter 'verify' executable 'false'
06-13 21:18:13.762 I/artd    ( 2843): GetBestInfo: dm (/data/app/~~xCWSPSiTbGWeOlbbQ8WCfA==/com.google.android.gms-6V8MJOZtvQBtjnCwEeoqLQ==/split_DynamiteModulesA_installtime.dm) is kOatUpToDate with filter 'verify' executable 'false'
06-13 21:18:13.764 I/artd    ( 2843): GetBestInfo: dm (/data/app/~~xCWSPSiTbGWeOlbbQ8WCfA==/com.google.android.gms-6V8MJOZtvQBtjnCwEeoqLQ==/split_DynamiteModulesC_installtime.dm) is kOatUpToDate with filter 'verify' executable 'false'
06-13 21:18:13.766 I/artd    ( 2843): GetBestInfo: dm (/data/app/~~xCWSPSiTbGWeOlbbQ8WCfA==/com.google.android.gms-6V8MJOZtvQBtjnCwEeoqLQ==/split_GoogleCertificates_installtime.dm) is kOatUpToDate with filter 'verify' executable 'false'
06-13 21:18:13.767 I/artd    ( 2843): GetBestInfo: dm (/data/app/~~xCWSPSiTbGWeOlbbQ8WCfA==/com.google.android.gms-6V8MJOZtvQBtjnCwEeoqLQ==/split_MapsDynamite_installtime.dm) is kOatUpToDate with filter 'verify' executable 'false'
06-13 21:18:13.769 I/artd    ( 2843): GetBestInfo: dm (/data/app/~~xCWSPSiTbGWeOlbbQ8WCfA==/com.google.android.gms-6V8MJOZtvQBtjnCwEeoqLQ==/split_MeasurementDynamite_installtime.dm) is kOatUpToDate with filter 'verify' executable 'false'
06-13 21:18:13.770 I/artd    ( 2843): GetBestInfo: dm (/data/app/~~xCWSPSiTbGWeOlbbQ8WCfA==/com.google.android.gms-6V8MJOZtvQBtjnCwEeoqLQ==/split_all_locale_splits.dm) is kOatUpToDate with filter 'verify' executable 'false'
06-13 21:18:13.771 I/artd    ( 2843): GetBestInfo: /data/user_de/0/com.google.android.gms/app_chimera/m/00000001/CronetDynamite.apk has no usable artifacts
06-13 21:18:13.772 I/artd    ( 2843): GetBestInfo: /data/user_de/0/com.google.android.gms/app_chimera/m/00000011/dl-VisionOcr.optional_262031100000.apk has no usable artifacts
06-13 21:18:13.773 I/artd    ( 2843): GetBestInfo: /data/user_de/0/com.google.android.gms/app_chimera/m/00000002/DynamiteLoader.apk has no usable artifacts
06-13 21:18:13.775 I/artd    ( 2843): GetBestInfo: /data/user_de/0/com.google.android.gms/app_chimera/m/0000000e/dl-MlkitBarcodeUi.optional_260235100800.apk has no usable artifacts
06-13 21:18:13.775 I/artd    ( 2843): GetBestInfo: /data/user_de/0/com.google.android.gms/app_chimera/m/00000005/GoogleCertificates.apk has no usable artifacts
06-13 21:18:13.776 I/artd    ( 2843): GetBestInfo: /data/user_de/0/com.google.android.gms/app_chimera/m/00000014/dl-TfliteDynamiteDynamite.integ_252130102100800.apk has no usable artifacts
06-13 21:18:13.778 I/artd    ( 2843): GetBestInfo: /data/user_de/0/com.google.android.gms/app_chimera/m/00000010/dl-PlayCloudSearch.optional_260235100000.apk has no usable artifacts
06-13 21:18:13.780 I/artd    ( 2843): GetBestInfo: /data/user_de/0/com.google.android.gms/app_chimera/m/0000000a/dl-MlkitOcrCommon.optional_260235100800.apk has no usable artifacts
06-13 21:18:13.780 I/AdbWifiNetworkMonitor(  675): Wi-Fi network available
06-13 21:18:13.780 I/AdbWifiNetworkMonitor(  675): Received the same Wi-Fi SSID. Ignoring.
06-13 21:18:13.782 I/artd    ( 2843): GetBestInfo: /data/user_de/0/com.google.android.gms/app_chimera/m/00000013/dl-Appsearch.optional_262031100800.apk has no usable artifacts
06-13 21:18:13.784 W/libbinder.IPCThreadState(  675): Sending oneway calls to frozen process.
06-13 21:18:13.784 W/libbinder.IPCThreadState(  675): Sending oneway calls to frozen process.
06-13 21:18:13.784 W/libbinder.IPCThreadState(  675): Sending oneway calls to frozen process.
06-13 21:18:13.784 W/libbinder.IPCThreadState(  675): Sending oneway calls to frozen process.
06-13 21:18:13.784 W/libbinder.IPCThreadState(  675): Sending oneway calls to frozen process.
06-13 21:18:13.785 W/libbinder.IPCThreadState(  675): Sending oneway calls to frozen process.
06-13 21:18:13.785 I/artd    ( 2843): GetBestInfo: /data/user_de/0/com.google.android.gms/app_chimera/m/00000008/dl-VisionOcr.optional_260235100000.apk has no usable artifacts
06-13 21:18:13.787 I/HalDevMgr(  675): bestIfaceCreationProposal is null, requestIface=STA, existingIface=[name=wlan0 type=STA]
06-13 21:18:13.787 I/artd    ( 2843): GetBestInfo: /data/user_de/0/com.google.android.gms/app_chimera/m/00000016/dl-MlkitOcrCommon.optional_262031100800.apk has no usable artifacts
06-13 21:18:13.789 I/artd    ( 2843): GetBestInfo: /data/user_de/0/com.google.android.gms/app_chimera/m/0000000b/dl-Appsearch.optional_260235100800.apk has no usable artifacts
06-13 21:18:13.790 D/ConnectivityService(  675): NetReassign [no changes] [c 0] [a 1] [i 0]
06-13 21:18:13.790 I/artd    ( 2843): GetBestInfo: vdex next to the dex file (/data/user/0/com.google.android.gms/app_dg_cache/1C62BDE86218FBAA50DF06C4A79F5C3FE74B69EC/oat/x86_64/the.vdex) is kOatUpToDate with filter 'verify' executable 'false'
06-13 21:18:13.791 I/BugleRcsEngine(11300): Connected state: [1], networkType: [WIFI] [CONTEXT thread_id=65 ]
06-13 21:18:13.791 I/BugleRcsEngine(11300): handleMessage processing message:[NOTIFY_UPTIME_IGNORE_STATE_CHANGED] with [non-null]:RcsEngineImpl reference [CONTEXT log_prefix="RcsEngineImpl[DUAL_REG]:[4ca6b209-3a2d]>Handler" thread_id=77 ]
06-13 21:18:13.791 I/NearbyMediums( 1216): Wifi changed new SSID: "AndroidWifi"
06-13 21:18:13.792 I/NearbyMediums( 1216): WifiLanConnectivityInfo is not changed, skip notify.
06-13 21:18:13.792 I/artd    ( 2843): GetBestInfo: /data/user_de/0/com.google.android.gms/app_chimera/m/00000012/dl-PlayCloudSearch.optional_262031100000.apk has no usable artifacts
06-13 21:18:13.793 I/NullBinder( 1216): NullBinder for android.net.action.RECOMMEND_NETWORKS triggering remote TransactionTooLargeException due to Service without Chimera impl, calling uid: 1000, calling pid: 0
06-13 21:18:13.793 W/libbinder.Binder( 1216): Large reply transaction of 1056768 bytes, interface descriptor , function: UNKNOWN_FUNCTION_NAME, code: 1, flags: 17
06-13 21:18:13.795 I/artd    ( 2843): GetBestInfo: /data/user_de/0/com.google.android.gms/app_chimera/m/00000015/dl-MlkitBarcodeUi.optional_262031100800.apk has no usable artifacts
06-13 21:18:13.796 I/BugleRcsEngine(11300): No RCS Configuration was found in Bugle for simID: redacted-pii:sim_id[chars:20,last3:897] [CONTEXT log_prefix="ProvisioningEngineDataRetriever" thread_id=77 ]
06-13 21:18:13.796 D/IpClient/wlan0( 1014): interfaceLinkStateChanged: ifindex 16 up
06-13 21:18:13.796 I/artd    ( 2843): GetBestInfo: /data/user_de/0/com.google.android.gms/app_chimera/m/00000007/MeasurementDynamite.apk has no usable artifacts
06-13 21:18:13.797 I/artd    ( 2843): GetBestInfo: /data/user_de/0/com.google.android.gms/app_chimera/m/00000019/dl-IdentityCredentialsPlatform.optional_262031100800.apk has no usable artifacts
06-13 21:18:13.804 D/IpClient/wlan0( 1014): interfaceLinkStateChanged: ifindex 16 up
06-13 21:18:14.445 D/SatelliteController( 1051): isInCarrierRoamingNbIotNtn: satellite is disabled
06-13 21:18:14.445 D/SatelliteController( 1051): getCarrierRoamingNtnConnectType: Checking connect type from PLMN config for subId: 1
06-13 21:18:14.445 D/SatelliteController( 1051): getSatellitePerPlmnConfiguration: invalid subId or not supported via carrier.
06-13 21:18:14.445 D/SatelliteController( 1051): getCarrierRoamingNtnConnectType: config: null
06-13 21:18:14.446 D/SatelliteController( 1051): getCarrierRoamingNtnConnectType: Falling back to global carrier config connect type: 0
06-13 21:18:14.446 D/SatelliteController( 1051): updateLastNotifiedCarrierRoamingNtnSignalStrengthAndNotify(1)
06-13 21:18:14.446 D/SatelliteController( 1051): updateLastNotifiedCarrierRoamingNtnSignalStrengthAndNotify(1) lastNotifiedSignalStrength level: 0
06-13 21:18:14.446 D/SatelliteController( 1051): updateLastNotifiedCarrierRoamingNtnSignalStrengthAndNotify(1) currSignalStrength level: 0
06-13 21:18:14.492 W/skia    (  528): AGTM parsing failed flags.readFromStream(s) at 159
